COMMAND ["<JAVA>", "-XX:+UseParallelGC", "-Xmx3g", "-Djava.io.tmpdir=<TMPDIR>", "-cp", "<TMPDIR>:tla2tools.jar", "LocalTLC", "-workers", "4", "-seed", "1", "-fp", "0", "-metadir", "<TMPDIR>", "-config", "MC_deliv_witness_SlowLane.cfg", "MC_deliv_witness_SlowLane.tla"]
TLC2 Version 2.19 of 08 August 2024 (rev: 5a47802)
Running breadth-first search Model-Checking with fp 0 and seed 1 with 4 workers on 14 cores with 2731MB heap and 64MB offheap memory [pid: 72339] (Mac OS X 26.6.2 aarch64, Homebrew 21.0.12.1 x86_64, MSBDiskFPSet, DiskStateQueue).
Parsing file etudes/n-spec/tla/modele-v0.6/MC_deliv_witness_SlowLane.tla
Parsing file etudes/n-spec/tla/modele-v0.6/NonInterference_Deliv.tla
Parsing file <TMPDIR>
Parsing file <TMPDIR>
Parsing file <TMPDIR>
Semantic processing of module Naturals
Semantic processing of module Sequences
Semantic processing of module FiniteSets
Semantic processing of module NonInterference_Deliv
Semantic processing of module MC_deliv_witness_SlowLane
Starting... (2026-10-01 10:58:27)
Computing initial states...
Finished computing initial states: 1 distinct state generated at 2026-10-01 10:58:27.
Error: Invariant NoWitnessSlowLane is violated.
Error: The behavior up to this point is:
State 1: <Initial predicate>
/\ c1 = [ tip |-> <<>>,
  mode |-> "RUN",
  anchor |-> <<>>,
  adoptions |-> 0,
  maxDisc |-> 0,
  excluded |-> {},
  slowLast |-> 0,
  health |-> TRUE,
  ordinary |-> 0,
  slow |-> 0,
  produced |-> {} ]
/\ c2 = [ tip |-> <<>>,
  mode |-> "RUN",
  anchor |-> <<>>,
  adoptions |-> 0,
  maxDisc |-> 0,
  excluded |-> {},
  slowLast |-> 0,
  health |-> TRUE,
  ordinary |-> 0,
  slow |-> 0,
  produced |-> {} ]
/\ now = 1
/\ tree = {<<>>}
/\ r1 = <<7, 10>>
/\ r2 = <<43, 100>>
/\ public = {<<>>}
/\ seen = {<<>>}

State 2: <Tick line 202, col 9 to line 208, col 51 of module NonInterference_Deliv>
/\ c1 = [ tip |-> <<>>,
  mode |-> "RUN",
  anchor |-> <<>>,
  adoptions |-> 0,
  maxDisc |-> 0,
  excluded |-> {},
  slowLast |-> 0,
  health |-> TRUE,
  ordinary |-> 0,
  slow |-> 0,
  produced |-> {} ]
/\ c2 = [ tip |-> <<>>,
  mode |-> "RUN",
  anchor |-> <<>>,
  adoptions |-> 0,
  maxDisc |-> 0,
  excluded |-> {},
  slowLast |-> 0,
  health |-> TRUE,
  ordinary |-> 0,
  slow |-> 0,
  produced |-> {} ]
/\ now = 2
/\ tree = {<<>>}
/\ r1 = <<7, 10>>
/\ r2 = <<43, 100>>
/\ public = {<<>>}
/\ seen = {<<>>}

State 3: <Tick line 202, col 9 to line 208, col 51 of module NonInterference_Deliv>
/\ c1 = [ tip |-> <<>>,
  mode |-> "RUN",
  anchor |-> <<>>,
  adoptions |-> 0,
  maxDisc |-> 0,
  excluded |-> {},
  slowLast |-> 0,
  health |-> TRUE,
  ordinary |-> 0,
  slow |-> 0,
  produced |-> {} ]
/\ c2 = [ tip |-> <<>>,
  mode |-> "RUN",
  anchor |-> <<>>,
  adoptions |-> 0,
  maxDisc |-> 0,
  excluded |-> {},
  slowLast |-> 0,
  health |-> TRUE,
  ordinary |-> 0,
  slow |-> 0,
  produced |-> {} ]
/\ now = 3
/\ tree = {<<>>}
/\ r1 = <<7, 10>>
/\ r2 = <<43, 100>>
/\ public = {<<>>}
/\ seen = {<<>>}

State 4: <Tick line 202, col 9 to line 208, col 51 of module NonInterference_Deliv>
/\ c1 = [ tip |-> <<>>,
  mode |-> "RUN",
  anchor |-> <<>>,
  adoptions |-> 0,
  maxDisc |-> 0,
  excluded |-> {"A"},
  slowLast |-> 1,
  health |-> FALSE,
  ordinary |-> 0,
  slow |-> 1,
  produced |-> {} ]
/\ c2 = [ tip |-> <<>>,
  mode |-> "RUN",
  anchor |-> <<>>,
  adoptions |-> 0,
  maxDisc |-> 0,
  excluded |-> {"A"},
  slowLast |-> 1,
  health |-> FALSE,
  ordinary |-> 0,
  slow |-> 1,
  produced |-> {} ]
/\ now = 4
/\ tree = {<<>>}
/\ r1 = <<7, 10>>
/\ r2 = <<43, 100>>
/\ public = {<<>>}
/\ seen = {<<>>}

55 states generated, 46 distinct states found, 23 states left on queue.
The depth of the complete state graph search is 6.
The average outdegree of the complete state graph is 2 (minimum is 1, the maximum 5 and the 95th percentile is 5).
Finished in 00s at (2026-10-01 10:58:27)

exit=12
