COMMAND ["<JAVA>", "-XX:+UseParallelGC", "-Xmx3g", "-Djava.io.tmpdir=<TMPDIR>", "-cp", "<TMPDIR>:tla2tools.jar", "LocalTLC", "-workers", "4", "-seed", "1", "-fp", "0", "-metadir", "<TMPDIR>", "-config", "MC_deliv_witness_ReorgAdoption.cfg", "MC_deliv_witness_ReorgAdoption.tla"]
TLC2 Version 2.19 of 08 August 2024 (rev: 5a47802)
Running breadth-first search Model-Checking with fp 0 and seed 1 with 4 workers on 14 cores with 2731MB heap and 64MB offheap memory [pid: 72341] (Mac OS X 26.6.2 aarch64, Homebrew 21.0.12.1 x86_64, MSBDiskFPSet, DiskStateQueue).
Parsing file etudes/n-spec/tla/modele-v0.6/MC_deliv_witness_ReorgAdoption.tla
Parsing file etudes/n-spec/tla/modele-v0.6/NonInterference_Deliv.tla
Parsing file <TMPDIR>
Parsing file <TMPDIR>
Parsing file <TMPDIR>
Semantic processing of module Naturals
Semantic processing of module Sequences
Semantic processing of module FiniteSets
Semantic processing of module NonInterference_Deliv
Semantic processing of module MC_deliv_witness_ReorgAdoption
Starting... (2026-10-01 10:58:27)
Computing initial states...
Finished computing initial states: 1 distinct state generated at 2026-10-01 10:58:27.
Error: Invariant NoWitnessReorgAdoption is violated.
Error: The behavior up to this point is:
State 1: <Initial predicate>
/\ c1 = [ tip |-> <<>>,
  mode |-> "RUN",
  anchor |-> <<>>,
  adoptions |-> 0,
  maxDisc |-> 0,
  excluded |-> {},
  slowLast |-> 0,
  health |-> TRUE,
  ordinary |-> 0,
  slow |-> 0,
  produced |-> {} ]
/\ c2 = [ tip |-> <<>>,
  mode |-> "RUN",
  anchor |-> <<>>,
  adoptions |-> 0,
  maxDisc |-> 0,
  excluded |-> {},
  slowLast |-> 0,
  health |-> TRUE,
  ordinary |-> 0,
  slow |-> 0,
  produced |-> {} ]
/\ now = 1
/\ tree = {<<>>}
/\ r1 = <<7, 10>>
/\ r2 = <<43, 100>>
/\ public = {<<>>}
/\ seen = {<<>>}

State 2: <HonestProduce line 162, col 3 to line 168, col 35 of module NonInterference_Deliv>
/\ c1 = [ tip |-> <<<<1, "h">>>>,
  mode |-> "RUN",
  anchor |-> <<>>,
  adoptions |-> 1,
  maxDisc |-> 0,
  excluded |-> {},
  slowLast |-> 0,
  health |-> TRUE,
  ordinary |-> 0,
  slow |-> 0,
  produced |-> {} ]
/\ c2 = [ tip |-> <<<<1, "h">>>>,
  mode |-> "RUN",
  anchor |-> <<>>,
  adoptions |-> 1,
  maxDisc |-> 0,
  excluded |-> {},
  slowLast |-> 0,
  health |-> TRUE,
  ordinary |-> 0,
  slow |-> 0,
  produced |-> {} ]
/\ now = 1
/\ tree = {<<>>, <<<<1, "h">>>>}
/\ r1 = <<7, 10>>
/\ r2 = <<43, 100>>
/\ public = {<<>>, <<<<1, "h">>>>}
/\ seen = {<<>>, <<<<1, "h">>>>}

State 3: <Tick line 202, col 9 to line 208, col 51 of module NonInterference_Deliv>
/\ c1 = [ tip |-> <<<<1, "h">>>>,
  mode |-> "RUN",
  anchor |-> <<>>,
  adoptions |-> 1,
  maxDisc |-> 0,
  excluded |-> {},
  slowLast |-> 0,
  health |-> TRUE,
  ordinary |-> 0,
  slow |-> 0,
  produced |-> {} ]
/\ c2 = [ tip |-> <<<<1, "h">>>>,
  mode |-> "RUN",
  anchor |-> <<>>,
  adoptions |-> 1,
  maxDisc |-> 0,
  excluded |-> {},
  slowLast |-> 0,
  health |-> TRUE,
  ordinary |-> 0,
  slow |-> 0,
  produced |-> {} ]
/\ now = 2
/\ tree = {<<>>, <<<<1, "h">>>>}
/\ r1 = <<7, 10>>
/\ r2 = <<43, 100>>
/\ public = {<<>>, <<<<1, "h">>>>}
/\ seen = {<<>>, <<<<1, "h">>>>}

State 4: <AdvProduce line 187, col 3 to line 191, col 57 of module NonInterference_Deliv>
/\ c1 = [ tip |-> <<<<1, "h">>>>,
  mode |-> "RUN",
  anchor |-> <<>>,
  adoptions |-> 1,
  maxDisc |-> 0,
  excluded |-> {},
  slowLast |-> 0,
  health |-> TRUE,
  ordinary |-> 0,
  slow |-> 0,
  produced |-> {} ]
/\ c2 = [ tip |-> <<<<1, "h">>>>,
  mode |-> "RUN",
  anchor |-> <<>>,
  adoptions |-> 1,
  maxDisc |-> 0,
  excluded |-> {},
  slowLast |-> 0,
  health |-> TRUE,
  ordinary |-> 0,
  slow |-> 0,
  produced |-> {} ]
/\ now = 2
/\ tree = {<<>>, <<<<1, "h">>>>, <<<<2, "a1">>>>}
/\ r1 = <<7, 10>>
/\ r2 = <<43, 100>>
/\ public = {<<>>, <<<<1, "h">>>>}
/\ seen = {<<>>, <<<<1, "h">>>>}

State 5: <Tick line 202, col 9 to line 208, col 51 of module NonInterference_Deliv>
/\ c1 = [ tip |-> <<<<1, "h">>>>,
  mode |-> "RUN",
  anchor |-> <<>>,
  adoptions |-> 1,
  maxDisc |-> 0,
  excluded |-> {},
  slowLast |-> 0,
  health |-> TRUE,
  ordinary |-> 0,
  slow |-> 0,
  produced |-> {} ]
/\ c2 = [ tip |-> <<<<1, "h">>>>,
  mode |-> "RUN",
  anchor |-> <<>>,
  adoptions |-> 1,
  maxDisc |-> 0,
  excluded |-> {},
  slowLast |-> 0,
  health |-> TRUE,
  ordinary |-> 0,
  slow |-> 0,
  produced |-> {} ]
/\ now = 3
/\ tree = {<<>>, <<<<1, "h">>>>, <<<<2, "a1">>>>}
/\ r1 = <<7, 10>>
/\ r2 = <<43, 100>>
/\ public = {<<>>, <<<<1, "h">>>>}
/\ seen = {<<>>, <<<<1, "h">>>>}

State 6: <Tick line 202, col 9 to line 208, col 51 of module NonInterference_Deliv>
/\ c1 = [ tip |-> <<<<1, "h">>>>,
  mode |-> "RUN",
  anchor |-> <<>>,
  adoptions |-> 1,
  maxDisc |-> 0,
  excluded |-> {"A"},
  slowLast |-> 1,
  health |-> FALSE,
  ordinary |-> 0,
  slow |-> 1,
  produced |-> {} ]
/\ c2 = [ tip |-> <<<<1, "h">>>>,
  mode |-> "RUN",
  anchor |-> <<>>,
  adoptions |-> 1,
  maxDisc |-> 0,
  excluded |-> {"A"},
  slowLast |-> 1,
  health |-> FALSE,
  ordinary |-> 0,
  slow |-> 1,
  produced |-> {} ]
/\ now = 4
/\ tree = {<<>>, <<<<1, "h">>>>, <<<<2, "a1">>>>}
/\ r1 = <<7, 10>>
/\ r2 = <<43, 100>>
/\ public = {<<>>, <<<<1, "h">>>>}
/\ seen = {<<>>, <<<<1, "h">>>>}

State 7: <Tick line 202, col 9 to line 208, col 51 of module NonInterference_Deliv>
/\ c1 = [ tip |-> <<<<1, "h">>>>,
  mode |-> "RUN",
  anchor |-> <<>>,
  adoptions |-> 1,
  maxDisc |-> 0,
  excluded |-> {"A"},
  slowLast |-> 1,
  health |-> FALSE,
  ordinary |-> 0,
  slow |-> 1,
  produced |-> {} ]
/\ c2 = [ tip |-> <<<<1, "h">>>>,
  mode |-> "RUN",
  anchor |-> <<>>,
  adoptions |-> 1,
  maxDisc |-> 0,
  excluded |-> {"A"},
  slowLast |-> 1,
  health |-> FALSE,
  ordinary |-> 0,
  slow |-> 1,
  produced |-> {} ]
/\ now = 5
/\ tree = {<<>>, <<<<1, "h">>>>, <<<<2, "a1">>>>}
/\ r1 = <<7, 10>>
/\ r2 = <<43, 100>>
/\ public = {<<>>, <<<<1, "h">>>>}
/\ seen = {<<>>, <<<<1, "h">>>>}

State 8: <AdvProduce line 187, col 3 to line 191, col 57 of module NonInterference_Deliv>
/\ c1 = [ tip |-> <<<<1, "h">>>>,
  mode |-> "RUN",
  anchor |-> <<>>,
  adoptions |-> 1,
  maxDisc |-> 0,
  excluded |-> {"A"},
  slowLast |-> 1,
  health |-> FALSE,
  ordinary |-> 0,
  slow |-> 1,
  produced |-> {} ]
/\ c2 = [ tip |-> <<<<1, "h">>>>,
  mode |-> "RUN",
  anchor |-> <<>>,
  adoptions |-> 1,
  maxDisc |-> 0,
  excluded |-> {"A"},
  slowLast |-> 1,
  health |-> FALSE,
  ordinary |-> 0,
  slow |-> 1,
  produced |-> {} ]
/\ now = 5
/\ tree = {<<>>, <<<<1, "h">>>>, <<<<2, "a1">>>>, <<<<2, "a1">>, <<5, "a1">>>>}
/\ r1 = <<7, 10>>
/\ r2 = <<43, 100>>
/\ public = {<<>>, <<<<1, "h">>>>}
/\ seen = {<<>>, <<<<1, "h">>>>}

State 9: <Show line 195, col 9 to line 200, col 52 of module NonInterference_Deliv>
/\ c1 = [ tip |-> <<<<2, "a1">>, <<5, "a1">>>>,
  mode |-> "RUN",
  anchor |-> <<<<2, "a1">>>>,
  adoptions |-> 2,
  maxDisc |-> 1,
  excluded |-> {"A"},
  slowLast |-> 1,
  health |-> FALSE,
  ordinary |-> 0,
  slow |-> 1,
  produced |-> {} ]
/\ c2 = [ tip |-> <<<<2, "a1">>, <<5, "a1">>>>,
  mode |-> "RUN",
  anchor |-> <<<<2, "a1">>>>,
  adoptions |-> 2,
  maxDisc |-> 1,
  excluded |-> {"A"},
  slowLast |-> 1,
  health |-> FALSE,
  ordinary |-> 0,
  slow |-> 1,
  produced |-> {} ]
/\ now = 5
/\ tree = {<<>>, <<<<1, "h">>>>, <<<<2, "a1">>>>, <<<<2, "a1">>, <<5, "a1">>>>}
/\ r1 = <<7, 10>>
/\ r2 = <<43, 100>>
/\ public = {<<>>, <<<<1, "h">>>>}
/\ seen = {<<>>, <<<<1, "h">>>>, <<<<2, "a1">>>>, <<<<2, "a1">>, <<5, "a1">>>>}

1015 states generated, 802 distinct states found, 500 states left on queue.
The depth of the complete state graph search is 9.
The average outdegree of the complete state graph is 3 (minimum is 1, the maximum 10 and the 95th percentile is 7).
Finished in 00s at (2026-10-01 10:58:27)

exit=12
