TLC2 Version 2.19 of 08 August 2024 (rev: 5a47802)
Running breadth-first search Model-Checking with fp 64 and seed 1 with 4 workers on 14 cores with 2731MB heap and 64MB offheap memory [pid: 31167] (Mac OS X 26.6.2 aarch64, Homebrew 21.0.12.1 x86_64, MSBDiskFPSet, DiskStateQueue).
Parsing file ./MC_live.tla
Parsing file ./NModel.tla
Parsing file <TMPDIR>
Parsing file <TMPDIR>
Parsing file <TMPDIR>
Parsing file <TMPDIR>
Parsing file <TMPDIR>
Semantic processing of module Naturals
Semantic processing of module Integers
Semantic processing of module Sequences
Semantic processing of module FiniteSets
Semantic processing of module TLC
Semantic processing of module NModel
Semantic processing of module MC_live
Starting... (2026-09-30 17:24:22)
Implied-temporal checking--satisfiability problem has 2 branches.
Computing initial states...
Finished computing initial states: 2 distinct states generated at 2026-09-30 17:24:22.
Checking 2 branches of temporal properties for the current state space with 365 total distinct states at (2026-09-30 17:24:25)
Finished checking temporal properties in 00s at 2026-09-30 17:24:25
Progress(5) at 2026-09-30 17:24:25: 866 states generated (866 s/min), 271 distinct states found (271 ds/min), 177 states left on queue.
Checking 2 branches of temporal properties for the current state space with 6070 total distinct states at (2026-09-30 17:25:26)
Finished checking temporal properties in 00s at 2026-09-30 17:25:26
Progress(9) at 2026-09-30 17:25:26: 17 864 states generated (16 998 s/min), 3 837 distinct states found (3 566 ds/min), 1 599 states left on queue.
Checking 2 branches of temporal properties for the current state space with 8720 total distinct states at (2026-09-30 17:26:26)
Finished checking temporal properties in 00s at 2026-09-30 17:26:26
Progress(9) at 2026-09-30 17:26:26: 26 354 states generated (8 490 s/min), 5 343 distinct states found (1 506 ds/min), 1 963 states left on queue.
Checking 2 branches of temporal properties for the current state space with 10944 total distinct states at (2026-09-30 17:27:26)
Finished checking temporal properties in 00s at 2026-09-30 17:27:26
Progress(10) at 2026-09-30 17:27:26: 33 454 states generated (7 100 s/min), 6 586 distinct states found (1 243 ds/min), 2 225 states left on queue.
Checking 2 branches of temporal properties for the current state space with 13527 total distinct states at (2026-09-30 17:28:26)
Finished checking temporal properties in 00s at 2026-09-30 17:28:27
Progress(11) at 2026-09-30 17:28:27: 41 703 states generated (8 249 s/min), 7 952 distinct states found (1 366 ds/min), 2 373 states left on queue.
Checking 2 branches of temporal properties for the current state space with 15734 total distinct states at (2026-09-30 17:29:27)
Finished checking temporal properties in 00s at 2026-09-30 17:29:27
Progress(11) at 2026-09-30 17:29:27: 49 105 states generated (7 402 s/min), 9 043 distinct states found (1 091 ds/min), 2 348 states left on queue.
Checking 2 branches of temporal properties for the current state space with 17973 total distinct states at (2026-09-30 17:30:27)
Finished checking temporal properties in 00s at 2026-09-30 17:30:27
Progress(11) at 2026-09-30 17:30:27: 56 438 states generated (7 333 s/min), 10 129 distinct states found (1 086 ds/min), 2 281 states left on queue.

INTERRUPTED: exploration inachevee, aucun PASS revendique.
