TLC2 Version 2.19 of 08 August 2024 (rev: 5a47802)
Running breadth-first search Model-Checking with fp 53 and seed 1 with 4 workers on 14 cores with 2731MB heap and 64MB offheap memory [pid: 32707] (Mac OS X 26.6.2 aarch64, Homebrew 21.0.12.1 x86_64, MSBDiskFPSet, DiskStateQueue).
Parsing file ./MC_replay_spec_adopt.tla
Parsing file ./NModel.tla
Parsing file <TMPDIR>
Parsing file <TMPDIR>
Parsing file <TMPDIR>
Parsing file <TMPDIR>
Parsing file <TMPDIR>
Semantic processing of module Naturals
Semantic processing of module Integers
Semantic processing of module Sequences
Semantic processing of module FiniteSets
Semantic processing of module TLC
Semantic processing of module NModel
Semantic processing of module MC_replay_spec_adopt
Starting... (2026-09-30 17:34:52)
Computing initial states...
Finished computing initial states: 1 distinct state generated at 2026-09-30 17:34:52.
Error: Invariant RegistryImmutable is violated.
Error: The behavior up to this point is:
State 1: <Initial predicate>
/\ recoveryUsed = {}
/\ ready = {0}
/\ partition = TRUE
/\ slot = 0
/\ absent = TRUE
/\ chains = <<<<>>, <<>>>>
/\ blockTie = <<0, 0, 0, 0, 0, 0, 0, 0, 0, 0, 0, 0, 0, 0, 0, 0, 0, 0>>
/\ step = 0
/\ bitcoin = (0 :> 0 @@ 1 :> 1 @@ 2 :> 1)
/\ audit = [ anchor |-> TRUE,
  immutable |-> TRUE,
  h1 |-> TRUE,
  bootstrap |-> TRUE,
  recovery |-> TRUE ]
/\ evidence = "NONE"
/\ local = << [ seen |-> <<0, 0>>,
     anchor |-> <<>>,
     tip |-> <<>>,
     mode |-> "RUN",
     epoch |-> 0,
     registry |-> <<2, 1, 1>>,
     origin |-> 0,
     signed |-> -1,
     history |-> [epoch |-> -1, registry |-> <<>>] ],
   [ seen |-> <<0, 0>>,
     anchor |-> <<>>,
     tip |-> <<>>,
     mode |-> "RUN",
     epoch |-> 0,
     registry |-> <<2, 1, 1>>,
     origin |-> 0,
     signed |-> -1,
     history |-> [epoch |-> -1, registry |-> <<>>] ] >>

State 2: <ReplayNext line 4, col 15 to line 18, col 31 of module MC_replay_spec_adopt>
/\ recoveryUsed = {}
/\ ready = 0..2
/\ partition = TRUE
/\ slot = 0
/\ absent = TRUE
/\ chains = <<<<>>, <<>>>>
/\ blockTie = <<0, 0, 0, 0, 0, 0, 0, 0, 0, 0, 0, 0, 0, 0, 0, 0, 0, 0>>
/\ step = 1
/\ bitcoin = (0 :> 0 @@ 1 :> 1 @@ 2 :> 1)
/\ audit = [ anchor |-> TRUE,
  immutable |-> TRUE,
  h1 |-> TRUE,
  bootstrap |-> TRUE,
  recovery |-> TRUE ]
/\ evidence = "NONE"
/\ local = << [ seen |-> <<0, 0>>,
     anchor |-> <<>>,
     tip |-> <<>>,
     mode |-> "RUN",
     epoch |-> 0,
     registry |-> <<2, 1, 1>>,
     origin |-> 0,
     signed |-> -1,
     history |-> [epoch |-> -1, registry |-> <<>>] ],
   [ seen |-> <<0, 0>>,
     anchor |-> <<>>,
     tip |-> <<>>,
     mode |-> "RUN",
     epoch |-> 0,
     registry |-> <<2, 1, 1>>,
     origin |-> 0,
     signed |-> -1,
     history |-> [epoch |-> -1, registry |-> <<>>] ] >>

State 3: <ReplayNext line 4, col 15 to line 18, col 31 of module MC_replay_spec_adopt>
/\ recoveryUsed = {}
/\ ready = 0..2
/\ partition = TRUE
/\ slot = 0
/\ absent = TRUE
/\ chains = <<<<7>>, <<>>>>
/\ blockTie = <<0, 0, 0, 0, 0, 0, 1779, 0, 0, 0, 0, 0, 0, 0, 0, 0, 0, 0>>
/\ step = 2
/\ bitcoin = (0 :> 0 @@ 1 :> 1 @@ 2 :> 1)
/\ audit = [ anchor |-> TRUE,
  immutable |-> TRUE,
  h1 |-> TRUE,
  bootstrap |-> TRUE,
  recovery |-> TRUE ]
/\ evidence = "NONE"
/\ local = << [ seen |-> <<0, 0>>,
     anchor |-> <<>>,
     tip |-> <<>>,
     mode |-> "RUN",
     epoch |-> 0,
     registry |-> <<2, 1, 1>>,
     origin |-> 0,
     signed |-> -1,
     history |-> [epoch |-> -1, registry |-> <<>>] ],
   [ seen |-> <<0, 0>>,
     anchor |-> <<>>,
     tip |-> <<>>,
     mode |-> "RUN",
     epoch |-> 0,
     registry |-> <<2, 1, 1>>,
     origin |-> 0,
     signed |-> -1,
     history |-> [epoch |-> -1, registry |-> <<>>] ] >>

State 4: <ReplayNext line 4, col 15 to line 18, col 31 of module MC_replay_spec_adopt>
/\ recoveryUsed = {}
/\ ready = 0..2
/\ partition = TRUE
/\ slot = 1
/\ absent = TRUE
/\ chains = <<<<7>>, <<>>>>
/\ blockTie = <<0, 0, 0, 0, 0, 0, 1779, 0, 0, 0, 0, 0, 0, 0, 0, 0, 0, 0>>
/\ step = 3
/\ bitcoin = (0 :> 0 @@ 1 :> 1 @@ 2 :> 1)
/\ audit = [ anchor |-> TRUE,
  immutable |-> TRUE,
  h1 |-> TRUE,
  bootstrap |-> TRUE,
  recovery |-> TRUE ]
/\ evidence = "NONE"
/\ local = << [ seen |-> <<0, 0>>,
     anchor |-> <<>>,
     tip |-> <<>>,
     mode |-> "RUN",
     epoch |-> 0,
     registry |-> <<2, 1, 1>>,
     origin |-> 0,
     signed |-> -1,
     history |-> [epoch |-> -1, registry |-> <<>>] ],
   [ seen |-> <<0, 0>>,
     anchor |-> <<>>,
     tip |-> <<>>,
     mode |-> "RUN",
     epoch |-> 0,
     registry |-> <<2, 1, 1>>,
     origin |-> 0,
     signed |-> -1,
     history |-> [epoch |-> -1, registry |-> <<>>] ] >>

State 5: <ReplayNext line 4, col 15 to line 18, col 31 of module MC_replay_spec_adopt>
/\ recoveryUsed = {}
/\ ready = 0..2
/\ partition = TRUE
/\ slot = 2
/\ absent = TRUE
/\ chains = <<<<7>>, <<>>>>
/\ blockTie = <<0, 0, 0, 0, 0, 0, 1779, 0, 0, 0, 0, 0, 0, 0, 0, 0, 0, 0>>
/\ step = 4
/\ bitcoin = (0 :> 0 @@ 1 :> 1 @@ 2 :> 1)
/\ audit = [ anchor |-> TRUE,
  immutable |-> TRUE,
  h1 |-> TRUE,
  bootstrap |-> TRUE,
  recovery |-> TRUE ]
/\ evidence = "NONE"
/\ local = << [ seen |-> <<0, 0>>,
     anchor |-> <<>>,
     tip |-> <<>>,
     mode |-> "RUN",
     epoch |-> 0,
     registry |-> <<2, 1, 1>>,
     origin |-> 0,
     signed |-> -1,
     history |-> [epoch |-> -1, registry |-> <<>>] ],
   [ seen |-> <<0, 0>>,
     anchor |-> <<>>,
     tip |-> <<>>,
     mode |-> "RUN",
     epoch |-> 0,
     registry |-> <<2, 1, 1>>,
     origin |-> 0,
     signed |-> -1,
     history |-> [epoch |-> -1, registry |-> <<>>] ] >>

State 6: <ReplayNext line 4, col 15 to line 18, col 31 of module MC_replay_spec_adopt>
/\ recoveryUsed = {}
/\ ready = 0..2
/\ partition = TRUE
/\ slot = 3
/\ absent = TRUE
/\ chains = <<<<7>>, <<>>>>
/\ blockTie = <<0, 0, 0, 0, 0, 0, 1779, 0, 0, 0, 0, 0, 0, 0, 0, 0, 0, 0>>
/\ step = 5
/\ bitcoin = (0 :> 0 @@ 1 :> 1 @@ 2 :> 1)
/\ audit = [ anchor |-> TRUE,
  immutable |-> TRUE,
  h1 |-> TRUE,
  bootstrap |-> TRUE,
  recovery |-> TRUE ]
/\ evidence = "NONE"
/\ local = << [ seen |-> <<0, 0>>,
     anchor |-> <<>>,
     tip |-> <<>>,
     mode |-> "RUN",
     epoch |-> 0,
     registry |-> <<2, 1, 1>>,
     origin |-> 0,
     signed |-> -1,
     history |-> [epoch |-> -1, registry |-> <<>>] ],
   [ seen |-> <<0, 0>>,
     anchor |-> <<>>,
     tip |-> <<>>,
     mode |-> "RUN",
     epoch |-> 0,
     registry |-> <<2, 1, 1>>,
     origin |-> 0,
     signed |-> -1,
     history |-> [epoch |-> -1, registry |-> <<>>] ] >>

State 7: <ReplayNext line 4, col 15 to line 18, col 31 of module MC_replay_spec_adopt>
/\ recoveryUsed = {}
/\ ready = 0..2
/\ partition = TRUE
/\ slot = 3
/\ absent = TRUE
/\ chains = <<<<7, 10>>, <<>>>>
/\ blockTie = <<0, 0, 0, 0, 0, 0, 1779, 0, 0, 38655, 0, 0, 0, 0, 0, 0, 0, 0>>
/\ step = 6
/\ bitcoin = (0 :> 0 @@ 1 :> 1 @@ 2 :> 1)
/\ audit = [ anchor |-> TRUE,
  immutable |-> TRUE,
  h1 |-> TRUE,
  bootstrap |-> TRUE,
  recovery |-> TRUE ]
/\ evidence = "NONE"
/\ local = << [ seen |-> <<0, 0>>,
     anchor |-> <<>>,
     tip |-> <<>>,
     mode |-> "RUN",
     epoch |-> 0,
     registry |-> <<2, 1, 1>>,
     origin |-> 0,
     signed |-> -1,
     history |-> [epoch |-> -1, registry |-> <<>>] ],
   [ seen |-> <<0, 0>>,
     anchor |-> <<>>,
     tip |-> <<>>,
     mode |-> "RUN",
     epoch |-> 0,
     registry |-> <<2, 1, 1>>,
     origin |-> 0,
     signed |-> -1,
     history |-> [epoch |-> -1, registry |-> <<>>] ] >>

State 8: <ReplayNext line 4, col 15 to line 18, col 31 of module MC_replay_spec_adopt>
/\ recoveryUsed = {}
/\ ready = 0..2
/\ partition = TRUE
/\ slot = 4
/\ absent = TRUE
/\ chains = <<<<7, 10>>, <<>>>>
/\ blockTie = <<0, 0, 0, 0, 0, 0, 1779, 0, 0, 38655, 0, 0, 0, 0, 0, 0, 0, 0>>
/\ step = 7
/\ bitcoin = (0 :> 0 @@ 1 :> 1 @@ 2 :> 1)
/\ audit = [ anchor |-> TRUE,
  immutable |-> TRUE,
  h1 |-> TRUE,
  bootstrap |-> TRUE,
  recovery |-> TRUE ]
/\ evidence = "NONE"
/\ local = << [ seen |-> <<0, 0>>,
     anchor |-> <<>>,
     tip |-> <<>>,
     mode |-> "RUN",
     epoch |-> 0,
     registry |-> <<2, 1, 1>>,
     origin |-> 0,
     signed |-> -1,
     history |-> [epoch |-> -1, registry |-> <<>>] ],
   [ seen |-> <<0, 0>>,
     anchor |-> <<>>,
     tip |-> <<>>,
     mode |-> "RUN",
     epoch |-> 0,
     registry |-> <<2, 1, 1>>,
     origin |-> 0,
     signed |-> -1,
     history |-> [epoch |-> -1, registry |-> <<>>] ] >>

State 9: <ReplayNext line 4, col 15 to line 18, col 31 of module MC_replay_spec_adopt>
/\ recoveryUsed = {}
/\ ready = 0..2
/\ partition = TRUE
/\ slot = 4
/\ absent = TRUE
/\ chains = <<<<7, 10>>, <<17>>>>
/\ blockTie = <<0, 0, 0, 0, 0, 0, 1779, 0, 0, 38655, 0, 0, 0, 0, 0, 0, 63233, 0>>
/\ step = 8
/\ bitcoin = (0 :> 0 @@ 1 :> 1 @@ 2 :> 1)
/\ audit = [ anchor |-> TRUE,
  immutable |-> TRUE,
  h1 |-> TRUE,
  bootstrap |-> TRUE,
  recovery |-> TRUE ]
/\ evidence = "NONE"
/\ local = << [ seen |-> <<0, 1>>,
     anchor |-> <<>>,
     tip |-> <<>>,
     mode |-> "RUN",
     epoch |-> 0,
     registry |-> <<2, 1, 1>>,
     origin |-> 0,
     signed |-> 4,
     history |-> [epoch |-> 2, registry |-> <<2, 1, 1>>] ],
   [ seen |-> <<0, 0>>,
     anchor |-> <<>>,
     tip |-> <<>>,
     mode |-> "RUN",
     epoch |-> 0,
     registry |-> <<2, 1, 1>>,
     origin |-> 0,
     signed |-> -1,
     history |-> [epoch |-> -1, registry |-> <<>>] ] >>

State 10: <ReplayNext line 4, col 15 to line 18, col 31 of module MC_replay_spec_adopt>
/\ recoveryUsed = {}
/\ ready = 0..2
/\ partition = TRUE
/\ slot = 4
/\ absent = FALSE
/\ chains = <<<<7, 10>>, <<17>>>>
/\ blockTie = <<0, 0, 0, 0, 0, 0, 1779, 0, 0, 38655, 0, 0, 0, 0, 0, 0, 63233, 0>>
/\ step = 9
/\ bitcoin = (0 :> 0 @@ 1 :> 1 @@ 2 :> 1)
/\ audit = [ anchor |-> TRUE,
  immutable |-> TRUE,
  h1 |-> TRUE,
  bootstrap |-> TRUE,
  recovery |-> TRUE ]
/\ evidence = "NONE"
/\ local = << [ seen |-> <<0, 1>>,
     anchor |-> <<>>,
     tip |-> <<>>,
     mode |-> "RUN",
     epoch |-> 0,
     registry |-> <<2, 1, 1>>,
     origin |-> 0,
     signed |-> 4,
     history |-> [epoch |-> 2, registry |-> <<2, 1, 1>>] ],
   [ seen |-> <<0, 0>>,
     anchor |-> <<>>,
     tip |-> <<>>,
     mode |-> "RUN",
     epoch |-> 0,
     registry |-> <<2, 1, 1>>,
     origin |-> 0,
     signed |-> -1,
     history |-> [epoch |-> -1, registry |-> <<>>] ] >>

State 11: <ReplayNext line 4, col 15 to line 18, col 31 of module MC_replay_spec_adopt>
/\ recoveryUsed = {}
/\ ready = 0..2
/\ partition = TRUE
/\ slot = 4
/\ absent = FALSE
/\ chains = <<<<7, 10>>, <<17>>>>
/\ blockTie = <<0, 0, 0, 0, 0, 0, 1779, 0, 0, 38655, 0, 0, 0, 0, 0, 0, 63233, 0>>
/\ step = 10
/\ bitcoin = (0 :> 0 @@ 1 :> 1 @@ 2 :> 1)
/\ audit = [ anchor |-> TRUE,
  immutable |-> TRUE,
  h1 |-> TRUE,
  bootstrap |-> TRUE,
  recovery |-> TRUE ]
/\ evidence = "NONE"
/\ local = << [ seen |-> <<0, 1>>,
     anchor |-> <<>>,
     tip |-> <<>>,
     mode |-> "RUN",
     epoch |-> 0,
     registry |-> <<2, 1, 1>>,
     origin |-> 0,
     signed |-> 4,
     history |-> [epoch |-> 2, registry |-> <<2, 1, 1>>] ],
   [ seen |-> <<0, 1>>,
     anchor |-> <<>>,
     tip |-> <<17>>,
     mode |-> "RUN",
     epoch |-> 2,
     registry |-> <<2, 1, 1>>,
     origin |-> 0,
     signed |-> -1,
     history |-> [epoch |-> 2, registry |-> <<2, 1, 1>>] ] >>

State 12: <ReplayNext line 4, col 15 to line 18, col 31 of module MC_replay_spec_adopt>
/\ recoveryUsed = {}
/\ ready = 0..2
/\ partition = FALSE
/\ slot = 4
/\ absent = FALSE
/\ chains = <<<<7, 10>>, <<17>>>>
/\ blockTie = <<0, 0, 0, 0, 0, 0, 1779, 0, 0, 38655, 0, 0, 0, 0, 0, 0, 63233, 0>>
/\ step = 11
/\ bitcoin = (0 :> 0 @@ 1 :> 1 @@ 2 :> 1)
/\ audit = [ anchor |-> TRUE,
  immutable |-> TRUE,
  h1 |-> TRUE,
  bootstrap |-> TRUE,
  recovery |-> TRUE ]
/\ evidence = "NONE"
/\ local = << [ seen |-> <<0, 1>>,
     anchor |-> <<>>,
     tip |-> <<>>,
     mode |-> "RUN",
     epoch |-> 0,
     registry |-> <<2, 1, 1>>,
     origin |-> 0,
     signed |-> 4,
     history |-> [epoch |-> 2, registry |-> <<2, 1, 1>>] ],
   [ seen |-> <<0, 1>>,
     anchor |-> <<>>,
     tip |-> <<17>>,
     mode |-> "RUN",
     epoch |-> 2,
     registry |-> <<2, 1, 1>>,
     origin |-> 0,
     signed |-> -1,
     history |-> [epoch |-> 2, registry |-> <<2, 1, 1>>] ] >>

State 13: <ReplayNext line 4, col 15 to line 18, col 31 of module MC_replay_spec_adopt>
/\ recoveryUsed = {}
/\ ready = 0..2
/\ partition = FALSE
/\ slot = 4
/\ absent = FALSE
/\ chains = <<<<7, 10>>, <<17>>>>
/\ blockTie = <<0, 0, 0, 0, 0, 0, 1779, 0, 0, 38655, 0, 0, 0, 0, 0, 0, 63233, 0>>
/\ step = 12
/\ bitcoin = (0 :> 0 @@ 1 :> 1 @@ 2 :> 1)
/\ audit = [ anchor |-> TRUE,
  immutable |-> FALSE,
  h1 |-> TRUE,
  bootstrap |-> TRUE,
  recovery |-> TRUE ]
/\ evidence = "NONE"
/\ local = << [ seen |-> <<0, 1>>,
     anchor |-> <<>>,
     tip |-> <<>>,
     mode |-> "RUN",
     epoch |-> 0,
     registry |-> <<2, 1, 1>>,
     origin |-> 0,
     signed |-> 4,
     history |-> [epoch |-> 2, registry |-> <<2, 1, 1>>] ],
   [ seen |-> <<2, 1>>,
     anchor |-> <<7>>,
     tip |-> <<7, 10>>,
     mode |-> "RUN",
     epoch |-> 2,
     registry |-> <<3, 1, 1>>,
     origin |-> 0,
     signed |-> -1,
     history |-> [epoch |-> 2, registry |-> <<2, 1, 1>>] ] >>

13 states generated, 13 distinct states found, 0 states left on queue.
The depth of the complete state graph search is 13.
The average outdegree of the complete state graph is 1 (minimum is 1, the maximum 1 and the 95th percentile is 1).
Finished in 00s at (2026-09-30 17:34:52)
exit=12
