TLC2 Version 2.19 of 08 August 2024 (rev: 5a47802)
Running breadth-first search Model-Checking with fp 6 and seed 1 with 4 workers on 14 cores with 2731MB heap and 64MB offheap memory [pid: 31144] (Mac OS X 26.6.2 aarch64, Homebrew 21.0.12.1 x86_64, MSBDiskFPSet, DiskStateQueue).
Parsing file ./MC_witness_equivocation.tla
Parsing file ./NModel.tla
Parsing file <TMPDIR>
Parsing file <TMPDIR>
Parsing file <TMPDIR>
Parsing file <TMPDIR>
Parsing file <TMPDIR>
Semantic processing of module Naturals
Semantic processing of module Integers
Semantic processing of module Sequences
Semantic processing of module FiniteSets
Semantic processing of module TLC
Semantic processing of module NModel
Semantic processing of module MC_witness_equivocation
Starting... (2026-09-30 17:23:53)
Computing initial states...
Computed 2 initial states...
Finished computing initial states: 4 distinct states generated at 2026-09-30 17:23:54.
Error: Invariant NoEquivocationWitness is violated.
Error: The behavior up to this point is:
State 1: <Initial predicate>
/\ recoveryUsed = {}
/\ ready = {0}
/\ partition = TRUE
/\ slot = 1
/\ absent = TRUE
/\ chains = <<<<1>>, <<1>>>>
/\ blockTie = <<2075, 0, 0, 0, 0, 0, 0, 0, 0, 0, 0, 0, 0, 0, 0, 0, 0, 0, 0, 0, 0>>
/\ bitcoin = (0 :> 0 @@ 1 :> 1 @@ 2 :> 0)
/\ audit = [ anchor |-> TRUE,
  immutable |-> TRUE,
  h1 |-> TRUE,
  bootstrap |-> TRUE,
  recovery |-> TRUE ]
/\ evidence = "NONE"
/\ local = << [ seen |-> <<1, 1>>,
     anchor |-> <<>>,
     tip |-> <<1>>,
     mode |-> "RUN",
     epoch |-> 0,
     registry |-> <<2, 1, 1>>,
     origin |-> 0,
     signed |-> -1,
     history |-> [epoch |-> 0, registry |-> <<2, 1, 1>>] ],
   [ seen |-> <<1, 1>>,
     anchor |-> <<>>,
     tip |-> <<1>>,
     mode |-> "RUN",
     epoch |-> 0,
     registry |-> <<2, 1, 1>>,
     origin |-> 0,
     signed |-> -1,
     history |-> [epoch |-> 0, registry |-> <<2, 1, 1>>] ] >>

State 2: <Tick line 203, col 9 to line 208, col 44 of module NModel>
/\ recoveryUsed = {}
/\ ready = {0}
/\ partition = TRUE
/\ slot = 2
/\ absent = TRUE
/\ chains = <<<<1>>, <<1>>>>
/\ blockTie = <<2075, 0, 0, 0, 0, 0, 0, 0, 0, 0, 0, 0, 0, 0, 0, 0, 0, 0, 0, 0, 0>>
/\ bitcoin = (0 :> 0 @@ 1 :> 1 @@ 2 :> 0)
/\ audit = [ anchor |-> TRUE,
  immutable |-> TRUE,
  h1 |-> TRUE,
  bootstrap |-> TRUE,
  recovery |-> TRUE ]
/\ evidence = "NONE"
/\ local = << [ seen |-> <<1, 1>>,
     anchor |-> <<>>,
     tip |-> <<1>>,
     mode |-> "RUN",
     epoch |-> 0,
     registry |-> <<2, 1, 1>>,
     origin |-> 0,
     signed |-> -1,
     history |-> [epoch |-> -1, registry |-> <<>>] ],
   [ seen |-> <<1, 1>>,
     anchor |-> <<>>,
     tip |-> <<1>>,
     mode |-> "RUN",
     epoch |-> 0,
     registry |-> <<2, 1, 1>>,
     origin |-> 0,
     signed |-> -1,
     history |-> [epoch |-> -1, registry |-> <<>>] ] >>

State 3: <Tick line 203, col 9 to line 208, col 44 of module NModel>
/\ recoveryUsed = {}
/\ ready = {0}
/\ partition = TRUE
/\ slot = 3
/\ absent = TRUE
/\ chains = <<<<1>>, <<1>>>>
/\ blockTie = <<2075, 0, 0, 0, 0, 0, 0, 0, 0, 0, 0, 0, 0, 0, 0, 0, 0, 0, 0, 0, 0>>
/\ bitcoin = (0 :> 0 @@ 1 :> 1 @@ 2 :> 0)
/\ audit = [ anchor |-> TRUE,
  immutable |-> TRUE,
  h1 |-> TRUE,
  bootstrap |-> TRUE,
  recovery |-> TRUE ]
/\ evidence = "NONE"
/\ local = << [ seen |-> <<1, 1>>,
     anchor |-> <<>>,
     tip |-> <<1>>,
     mode |-> "RUN",
     epoch |-> 0,
     registry |-> <<2, 1, 1>>,
     origin |-> 0,
     signed |-> -1,
     history |-> [epoch |-> -1, registry |-> <<>>] ],
   [ seen |-> <<1, 1>>,
     anchor |-> <<>>,
     tip |-> <<1>>,
     mode |-> "RUN",
     epoch |-> 0,
     registry |-> <<2, 1, 1>>,
     origin |-> 0,
     signed |-> -1,
     history |-> [epoch |-> -1, registry |-> <<>>] ] >>

State 4: <Reveal line 209, col 11 to line 211, col 46 of module NModel>
/\ recoveryUsed = {}
/\ ready = 0..2
/\ partition = TRUE
/\ slot = 3
/\ absent = TRUE
/\ chains = <<<<1>>, <<1>>>>
/\ blockTie = <<2075, 0, 0, 0, 0, 0, 0, 0, 0, 0, 0, 0, 0, 0, 0, 0, 0, 0, 0, 0, 0>>
/\ bitcoin = (0 :> 0 @@ 1 :> 1 @@ 2 :> 0)
/\ audit = [ anchor |-> TRUE,
  immutable |-> TRUE,
  h1 |-> TRUE,
  bootstrap |-> TRUE,
  recovery |-> TRUE ]
/\ evidence = "NONE"
/\ local = << [ seen |-> <<1, 1>>,
     anchor |-> <<>>,
     tip |-> <<1>>,
     mode |-> "RUN",
     epoch |-> 0,
     registry |-> <<2, 1, 1>>,
     origin |-> 0,
     signed |-> -1,
     history |-> [epoch |-> -1, registry |-> <<>>] ],
   [ seen |-> <<1, 1>>,
     anchor |-> <<>>,
     tip |-> <<1>>,
     mode |-> "RUN",
     epoch |-> 0,
     registry |-> <<2, 1, 1>>,
     origin |-> 0,
     signed |-> -1,
     history |-> [epoch |-> -1, registry |-> <<>>] ] >>

State 5: <Produce line 187, col 3 to line 201, col 76 of module NModel>
/\ recoveryUsed = {}
/\ ready = 0..2
/\ partition = TRUE
/\ slot = 3
/\ absent = TRUE
/\ chains = <<<<1, 11>>, <<1>>>>
/\ blockTie = <<2075, 0, 0, 0, 0, 0, 0, 0, 0, 0, 45095, 0, 0, 0, 0, 0, 0, 0, 0, 0, 0>>
/\ bitcoin = (0 :> 0 @@ 1 :> 1 @@ 2 :> 0)
/\ audit = [ anchor |-> TRUE,
  immutable |-> TRUE,
  h1 |-> TRUE,
  bootstrap |-> TRUE,
  recovery |-> TRUE ]
/\ evidence = "NONE"
/\ local = << [ seen |-> <<1, 1>>,
     anchor |-> <<>>,
     tip |-> <<1>>,
     mode |-> "RUN",
     epoch |-> 0,
     registry |-> <<2, 1, 1>>,
     origin |-> 0,
     signed |-> -1,
     history |-> [epoch |-> -1, registry |-> <<>>] ],
   [ seen |-> <<1, 1>>,
     anchor |-> <<>>,
     tip |-> <<1>>,
     mode |-> "RUN",
     epoch |-> 0,
     registry |-> <<2, 1, 1>>,
     origin |-> 0,
     signed |-> -1,
     history |-> [epoch |-> -1, registry |-> <<>>] ] >>

State 6: <Produce line 187, col 3 to line 201, col 76 of module NModel>
/\ recoveryUsed = {}
/\ ready = 0..2
/\ partition = TRUE
/\ slot = 3
/\ absent = TRUE
/\ chains = <<<<1, 11>>, <<1, 18>>>>
/\ blockTie = <<2075, 0, 0, 0, 0, 0, 0, 0, 0, 0, 45095, 0, 0, 0, 0, 0, 0, 45095, 0, 0, 0>>
/\ bitcoin = (0 :> 0 @@ 1 :> 1 @@ 2 :> 0)
/\ audit = [ anchor |-> TRUE,
  immutable |-> TRUE,
  h1 |-> TRUE,
  bootstrap |-> TRUE,
  recovery |-> TRUE ]
/\ evidence = "NONE"
/\ local = << [ seen |-> <<1, 1>>,
     anchor |-> <<>>,
     tip |-> <<1>>,
     mode |-> "RUN",
     epoch |-> 0,
     registry |-> <<2, 1, 1>>,
     origin |-> 0,
     signed |-> -1,
     history |-> [epoch |-> -1, registry |-> <<>>] ],
   [ seen |-> <<1, 1>>,
     anchor |-> <<>>,
     tip |-> <<1>>,
     mode |-> "RUN",
     epoch |-> 0,
     registry |-> <<2, 1, 1>>,
     origin |-> 0,
     signed |-> -1,
     history |-> [epoch |-> -1, registry |-> <<>>] ] >>

6060 states generated, 1523 distinct states found, 852 states left on queue.
The depth of the complete state graph search is 6.
The average outdegree of the complete state graph is 2 (minimum is 0, the maximum 8 and the 95th percentile is 6).
Finished in 03s at (2026-09-30 17:23:56)
exit=12
