COMMAND ["<JAVA>", "-XX:+UseParallelGC", "-Xmx3g", "-Djava.io.tmpdir=<TMPDIR>", "-cp", "<TMPDIR>:tla2tools.jar", "LocalTLC", "-workers", "4", "-seed", "1", "-fp", "0", "-metadir", "<TMPDIR>", "-config", "MC_fast_off_00_L1.cfg", "MC_fast_off_00_L1.tla"]
TLC2 Version 2.19 of 08 August 2024 (rev: 5a47802)
Running breadth-first search Model-Checking with fp 0 and seed 1 with 4 workers on 14 cores with 2731MB heap and 64MB offheap memory [pid: 60864] (Mac OS X 26.6.2 aarch64, Homebrew 21.0.12.1 x86_64, MSBDiskFPSet, DiskStateQueue).
Parsing file etudes/n-spec/tla/modele-v0.6/MC_fast_off_00_L1.tla
Parsing file etudes/n-spec/tla/modele-v0.6/RegistryModelFast2_L1.tla
Parsing file etudes/n-spec/tla/modele-v0.6/RegistryModelFast2.tla
Parsing file <TMPDIR>
Parsing file <TMPDIR>
Parsing file <TMPDIR>
Parsing file <TMPDIR>
Parsing file <TMPDIR>
Semantic processing of module Naturals
Semantic processing of module Integers
Semantic processing of module Sequences
Semantic processing of module FiniteSets
Semantic processing of module TLC
Semantic processing of module RegistryModelFast2
Semantic processing of module RegistryModelFast2_L1
Semantic processing of module MC_fast_off_00_L1
Starting... (2026-09-30 23:05:19)
Computing initial states...
Finished computing initial states: 1 distinct state generated at 2026-09-30 23:05:19.
Progress(12) at 2026-09-30 23:05:22: 101 513 states generated (101 513 s/min), 21 418 distinct states found (21 418 ds/min), 9 868 states left on queue.
