COMMAND ["<JAVA>", "-XX:+UseParallelGC", "-Xmx3g", "-Djava.io.tmpdir=<TMPDIR>", "-cp", "<TMPDIR>:tla2tools.jar", "LocalTLC", "-workers", "4", "-seed", "1", "-fp", "0", "-metadir", "<TMPDIR>", "-config", "MC_fast_on_00_L1.cfg", "MC_fast_on_00_L1.tla"]
TLC2 Version 2.19 of 08 August 2024 (rev: 5a47802)
Running breadth-first search Model-Checking with fp 0 and seed 1 with 4 workers on 14 cores with 2731MB heap and 64MB offheap memory [pid: 61457] (Mac OS X 26.6.2 aarch64, Homebrew 21.0.12.1 x86_64, MSBDiskFPSet, DiskStateQueue).
Parsing file etudes/n-spec/tla/modele-v0.6/MC_fast_on_00_L1.tla
Parsing file etudes/n-spec/tla/modele-v0.6/RegistryModelFast2_L1.tla
Parsing file etudes/n-spec/tla/modele-v0.6/RegistryModelFast2.tla
Parsing file <TMPDIR>
Parsing file <TMPDIR>
Parsing file <TMPDIR>
Parsing file <TMPDIR>
Parsing file <TMPDIR>
Semantic processing of module Naturals
Semantic processing of module Integers
Semantic processing of module Sequences
Semantic processing of module FiniteSets
Semantic processing of module TLC
Semantic processing of module RegistryModelFast2
Semantic processing of module RegistryModelFast2_L1
Semantic processing of module MC_fast_on_00_L1
Starting... (2026-09-30 23:14:42)
Computing initial states...
Finished computing initial states: 1 distinct state generated at 2026-09-30 23:14:42.
Progress(12) at 2026-09-30 23:14:45: 83 194 states generated (83 194 s/min), 17 031 distinct states found (17 031 ds/min), 7 358 states left on queue.
Progress(16) at 2026-09-30 23:15:45: 661 845 states generated (578 651 s/min), 122 371 distinct states found (105 340 ds/min), 38 639 states left on queue.
Progress(17) at 2026-09-30 23:16:45: 1 056 296 states generated (394 451 s/min), 183 220 distinct states found (60 849 ds/min), 45 836 states left on queue.
Progress(18) at 2026-09-30 23:17:45: 1 373 116 states generated (316 820 s/min), 224 297 distinct states found (41 077 ds/min), 41 577 states left on queue.
Progress(19) at 2026-09-30 23:18:45: 1 638 647 states generated (265 531 s/min), 253 310 distinct states found (29 013 ds/min), 30 900 states left on queue.
Progress(20) at 2026-09-30 23:19:45: 1 861 669 states generated (223 022 s/min), 272 364 distinct states found (19 054 ds/min), 14 730 states left on queue.
Model checking completed. No error has been found.
  Estimates of the probability that TLC did not check all reachable states
  because two distinct states had the same fingerprint:
  calculated (optimistic):  val = 2.6E-8
  based on the actual fingerprints:  val = 1.4E-8
1997645 states generated, 280913 distinct states found, 0 states left on queue.
The depth of the complete state graph search is 25.
The average outdegree of the complete state graph is 1 (minimum is 0, the maximum 8 and the 95th percentile is 3).
Finished in 05min 47s at (2026-09-30 23:20:29)

exit=0
