COMMAND ["<JAVA>", "-XX:+UseParallelGC", "-Xmx3g", "-Djava.io.tmpdir=<TMPDIR>", "-cp", "<TMPDIR>:tla2tools.jar", "LocalTLC", "-workers", "4", "-seed", "1", "-fp", "0", "-metadir", "<TMPDIR>", "-config", "MC_private_return_L1.cfg", "MC_private_return_L1.tla"]
TLC2 Version 2.19 of 08 August 2024 (rev: 5a47802)
Running breadth-first search Model-Checking with fp 0 and seed 1 with 4 workers on 14 cores with 2731MB heap and 64MB offheap memory [pid: 61455] (Mac OS X 26.6.2 aarch64, Homebrew 21.0.12.1 x86_64, MSBDiskFPSet, DiskStateQueue).
Parsing file etudes/n-spec/tla/modele-v0.6/MC_private_return_L1.tla
Parsing file etudes/n-spec/tla/modele-v0.6/RegistryAudit_L1.tla
Parsing file etudes/n-spec/tla/modele-v0.6/RegistryAudit.tla
Parsing file etudes/n-spec/tla/modele-v0.6/RegistryModelFast2_L1.tla
Parsing file etudes/n-spec/tla/modele-v0.6/RegistryModelFast2.tla
Parsing file <TMPDIR>
Parsing file <TMPDIR>
Parsing file <TMPDIR>
Parsing file <TMPDIR>
Parsing file <TMPDIR>
Semantic processing of module Naturals
Semantic processing of module Integers
Semantic processing of module Sequences
Semantic processing of module FiniteSets
Semantic processing of module TLC
Semantic processing of module RegistryModelFast2
Semantic processing of module RegistryAudit
Semantic processing of module RegistryModelFast2_L1
Semantic processing of module RegistryAudit_L1
Semantic processing of module MC_private_return_L1
Semantic errors:

*** Errors: 1

line 35, col 8 to line 35, col 8 of module MC_private_return_L1

Multiply-defined symbol 'a': this definition or declaration conflicts 
with the one at line 33, col 8 to line 33, col 8 of module MC_private_return_L1.



Starting... (2026-09-30 23:14:41)
Error: Parsing or semantic analysis failed.
Finished in 00s at (2026-09-30 23:14:41)

exit=150
