COMMAND ["<JAVA>", "-XX:+UseParallelGC", "-Xmx3g", "-Djava.io.tmpdir=<TMPDIR>", "-cp", "<TMPDIR>:tla2tools.jar", "LocalTLC", "-workers", "4", "-seed", "1", "-fp", "0", "-metadir", "<TMPDIR>", "-config", "MC_registry_commits_C6_checked_L1.cfg", "MC_registry_commits_C6_checked_L1.tla"]
TLC2 Version 2.19 of 08 August 2024 (rev: 5a47802)
Running breadth-first search Model-Checking with fp 0 and seed 1 with 4 workers on 14 cores with 2731MB heap and 64MB offheap memory [pid: 60856] (Mac OS X 26.6.2 aarch64, Homebrew 21.0.12.1 x86_64, MSBDiskFPSet, DiskStateQueue).
Parsing file etudes/n-spec/tla/modele-v0.6/MC_registry_commits_C6_checked_L1.tla
Parsing file etudes/n-spec/tla/modele-v0.6/RegistryCommitmentsChecked_L1.tla
Parsing file etudes/n-spec/tla/modele-v0.6/RegistryCommitmentsChecked.tla
Parsing file <TMPDIR>
Parsing file <TMPDIR>
Parsing file <TMPDIR>
Parsing file <TMPDIR>
Parsing file <TMPDIR>
Semantic processing of module Naturals
Semantic processing of module Integers
Semantic processing of module Sequences
Semantic processing of module FiniteSets
Semantic processing of module TLC
Semantic processing of module RegistryCommitmentsChecked
Semantic processing of module RegistryCommitmentsChecked_L1
Semantic processing of module MC_registry_commits_C6_checked_L1
Starting... (2026-09-30 23:05:18)
Computing initial states...
Finished computing initial states: 1 distinct state generated at 2026-09-30 23:05:18.
Model checking completed. No error has been found.
  Estimates of the probability that TLC did not check all reachable states
  because two distinct states had the same fingerprint:
  calculated (optimistic):  val = 1.2E-10
  based on the actual fingerprints:  val = 2.3E-11
92353 states generated, 43264 distinct states found, 0 states left on queue.
The depth of the complete state graph search is 5.
The average outdegree of the complete state graph is 1 (minimum is 0, the maximum 30 and the 95th percentile is 10).
Finished in 00s at (2026-09-30 23:05:19)

exit=0
