COMMAND ["<JAVA>", "-XX:+UseParallelGC", "-Xmx3g", "-Djava.io.tmpdir=<TMPDIR>", "-cp", "<TMPDIR>:tla2tools.jar", "LocalTLC", "-workers", "4", "-seed", "1", "-metadir", "<TMPDIR>", "-config", "MC_brake_rounding_checked.cfg", "MC_brake_rounding_checked.tla"]
TLC2 Version 2.19 of 08 August 2024 (rev: 5a47802)
Running breadth-first search Model-Checking with fp 110 and seed 1 with 4 workers on 14 cores with 2731MB heap and 64MB offheap memory [pid: 47677] (Mac OS X 26.6.2 aarch64, Homebrew 21.0.12.1 x86_64, MSBDiskFPSet, DiskStateQueue).
Parsing file etudes/n-spec/tla/modele-v0.6/MC_brake_rounding_checked.tla
Parsing file etudes/n-spec/tla/modele-v0.6/BrakeChecked.tla
Parsing file <TMPDIR>
Parsing file <TMPDIR>
Parsing file <TMPDIR>
Parsing file <TMPDIR>
Parsing file <TMPDIR>
Semantic processing of module Naturals
Semantic processing of module Integers
Semantic processing of module Sequences
Semantic processing of module FiniteSets
Semantic processing of module TLC
Semantic processing of module BrakeChecked
Semantic processing of module MC_brake_rounding_checked
Starting... (2026-09-30 20:32:37)
Computing initial states...
Finished computing initial states: 1 distinct state generated at 2026-09-30 20:32:37.
Progress(11) at 2026-09-30 20:32:40: 11 states generated (11 s/min), 11 distinct states found (11 ds/min), 0 states left on queue.
Model checking completed. No error has been found.
  Estimates of the probability that TLC did not check all reachable states
  because two distinct states had the same fingerprint:
  calculated (optimistic):  val = 0.0
21 states generated, 21 distinct states found, 0 states left on queue.
The depth of the complete state graph search is 21.
The average outdegree of the complete state graph is 1 (minimum is 0, the maximum 1 and the 95th percentile is 1).
Finished in 37s at (2026-09-30 20:33:14)

exit=0
