COMMAND ["<JAVA>", "-XX:+UseParallelGC", "-Xmx3g", "-Djava.io.tmpdir=<TMPDIR>", "-cp", "<TMPDIR>:tla2tools.jar", "LocalTLC", "-workers", "4", "-seed", "1", "-metadir", "<TMPDIR>", "-config", "MC_brake_live_checked.cfg", "MC_brake_live_checked.tla"]
TLC2 Version 2.19 of 08 August 2024 (rev: 5a47802)
Running breadth-first search Model-Checking with fp 73 and seed 1 with 4 workers on 14 cores with 2731MB heap and 64MB offheap memory [pid: 46731] (Mac OS X 26.6.2 aarch64, Homebrew 21.0.12.1 x86_64, MSBDiskFPSet, DiskStateQueue).
Parsing file etudes/n-spec/tla/modele-v0.6/MC_brake_live_checked.tla
Parsing file etudes/n-spec/tla/modele-v0.6/BrakeChecked.tla
Parsing file <TMPDIR>
Parsing file <TMPDIR>
Parsing file <TMPDIR>
Parsing file <TMPDIR>
Parsing file <TMPDIR>
Semantic processing of module Naturals
Semantic processing of module Integers
Semantic processing of module Sequences
Semantic processing of module FiniteSets
Semantic processing of module TLC
Semantic processing of module BrakeChecked
Semantic processing of module MC_brake_live_checked
Starting... (2026-09-30 20:23:07)
Implied-temporal checking--satisfiability problem has 1 branches.
Computing initial states...
Finished computing initial states: 1 distinct state generated at 2026-09-30 20:23:07.
Checking temporal properties for the current state space with 6 total distinct states at (2026-09-30 20:23:25)
Finished checking temporal properties in 00s at 2026-09-30 20:23:25
Progress(6) at 2026-09-30 20:23:25: 6 states generated (6 s/min), 6 distinct states found (6 ds/min), 0 states left on queue.

TIMEOUT 570s => INCOMPLET

exit=143
