COMMAND ["<JAVA>", "-XX:+UseParallelGC", "-Xmx3g", "-Djava.io.tmpdir=<TMPDIR>", "-cp", "<TMPDIR>:tla2tools.jar", "LocalTLC", "-workers", "4", "-seed", "1", "-metadir", "<TMPDIR>", "-config", "MC_brake_live_mechanical.cfg", "MC_brake_live_mechanical.tla"]
TLC2 Version 2.19 of 08 August 2024 (rev: 5a47802)
Running breadth-first search Model-Checking with fp 46 and seed 1 with 4 workers on 14 cores with 2731MB heap and 64MB offheap memory [pid: 52692] (Mac OS X 26.6.2 aarch64, Homebrew 21.0.12.1 x86_64, MSBDiskFPSet, DiskStateQueue).
Parsing file etudes/n-spec/tla/modele-v0.6/MC_brake_live_mechanical.tla
Parsing file etudes/n-spec/tla/modele-v0.6/BrakeChecked.tla
Parsing file <TMPDIR>
Parsing file <TMPDIR>
Parsing file <TMPDIR>
Parsing file <TMPDIR>
Parsing file <TMPDIR>
Semantic processing of module Naturals
Semantic processing of module Integers
Semantic processing of module Sequences
Semantic processing of module FiniteSets
Semantic processing of module TLC
Semantic processing of module BrakeChecked
Semantic processing of module MC_brake_live_mechanical
Starting... (2026-09-30 21:27:23)
Implied-temporal checking--satisfiability problem has 1 branches.
Computing initial states...
Finished computing initial states: 1 distinct state generated at 2026-09-30 21:27:23.
Checking temporal properties for the current state space with 11 total distinct states at (2026-09-30 21:27:27)
Finished checking temporal properties in 00s at 2026-09-30 21:27:27
Progress(12) at 2026-09-30 21:27:27: 12 states generated (12 s/min), 12 distinct states found (12 ds/min), 0 states left on queue.
Progress(21) at 2026-09-30 21:27:51: 21 states generated, 21 distinct states found, 0 states left on queue.
Checking temporal properties for the complete state space with 21 total distinct states at (2026-09-30 21:27:51)
Finished checking temporal properties in 00s at 2026-09-30 21:27:51
Model checking completed. No error has been found.
  Estimates of the probability that TLC did not check all reachable states
  because two distinct states had the same fingerprint:
  calculated (optimistic):  val = 0.0
21 states generated, 21 distinct states found, 0 states left on queue.
The depth of the complete state graph search is 21.
The average outdegree of the complete state graph is 1 (minimum is 0, the maximum 1 and the 95th percentile is 1).
Finished in 28s at (2026-09-30 21:27:51)

exit=0
