COMMAND ["<JAVA>", "-XX:+UseParallelGC", "-Xmx3g", "-Djava.io.tmpdir=<TMPDIR>", "-cp", "<TMPDIR>:tla2tools.jar", "LocalTLC", "-workers", "4", "-seed", "1", "-metadir", "<TMPDIR>", "-config", "MC_c6_k2_10.cfg", "MC_c6_k2_10.tla"]
TLC2 Version 2.19 of 08 August 2024 (rev: 5a47802)
Running breadth-first search Model-Checking with fp 50 and seed 1 with 4 workers on 14 cores with 2731MB heap and 64MB offheap memory [pid: 52134] (Mac OS X 26.6.2 aarch64, Homebrew 21.0.12.1 x86_64, MSBDiskFPSet, DiskStateQueue).
Parsing file etudes/n-spec/tla/modele-v0.6/MC_c6_k2_10.tla
Parsing file etudes/n-spec/tla/modele-v0.6/RegistryModelFast2.tla
Parsing file <TMPDIR>
Parsing file <TMPDIR>
Parsing file <TMPDIR>
Parsing file <TMPDIR>
Parsing file <TMPDIR>
Semantic processing of module Naturals
Semantic processing of module Integers
Semantic processing of module Sequences
Semantic processing of module FiniteSets
Semantic processing of module TLC
Semantic processing of module RegistryModelFast2
Semantic processing of module MC_c6_k2_10
Starting... (2026-09-30 21:20:15)
Computing initial states...
Finished computing initial states: 1 distinct state generated at 2026-09-30 21:20:15.
Progress(12) at 2026-09-30 21:20:18: 79 865 states generated (79 865 s/min), 17 483 distinct states found (17 483 ds/min), 7 783 states left on queue.
Progress(16) at 2026-09-30 21:21:18: 597 177 states generated (517 312 s/min), 119 286 distinct states found (101 803 ds/min), 36 082 states left on queue.
Progress(17) at 2026-09-30 21:22:18: 970 344 states generated (373 167 s/min), 176 293 distinct states found (57 007 ds/min), 35 762 states left on queue.
Progress(19) at 2026-09-30 21:23:18: 1 293 237 states generated (322 893 s/min), 220 791 distinct states found (44 498 ds/min), 27 514 states left on queue.
Progress(21) at 2026-09-30 21:24:18: 1 585 021 states generated (291 784 s/min), 255 585 distinct states found (34 794 ds/min), 12 920 states left on queue.
Model checking completed. No error has been found.
  Estimates of the probability that TLC did not check all reachable states
  because two distinct states had the same fingerprint:
  calculated (optimistic):  val = 2.1E-8
  based on the actual fingerprints:  val = 5.4E-9
1728952 states generated, 268742 distinct states found, 0 states left on queue.
The depth of the complete state graph search is 27.
The average outdegree of the complete state graph is 1 (minimum is 0, the maximum 8 and the 95th percentile is 3).
Finished in 04min 36s at (2026-09-30 21:24:52)

exit=0
