COMMAND ["<JAVA>", "-XX:+UseParallelGC", "-Xmx3g", "-Djava.io.tmpdir=<TMPDIR>", "-cp", "<TMPDIR>:tla2tools.jar", "LocalTLC", "-workers", "4", "-seed", "1", "-metadir", "<TMPDIR>", "-config", "MC_c6_k2_00.cfg", "MC_c6_k2_00.tla"]
TLC2 Version 2.19 of 08 August 2024 (rev: 5a47802)
Running breadth-first search Model-Checking with fp 79 and seed 1 with 4 workers on 14 cores with 2731MB heap and 64MB offheap memory [pid: 51823] (Mac OS X 26.6.2 aarch64, Homebrew 21.0.12.1 x86_64, MSBDiskFPSet, DiskStateQueue).
Parsing file etudes/n-spec/tla/modele-v0.6/MC_c6_k2_00.tla
Parsing file etudes/n-spec/tla/modele-v0.6/RegistryModelFast2.tla
Parsing file <TMPDIR>
Parsing file <TMPDIR>
Parsing file <TMPDIR>
Parsing file <TMPDIR>
Parsing file <TMPDIR>
Semantic processing of module Naturals
Semantic processing of module Integers
Semantic processing of module Sequences
Semantic processing of module FiniteSets
Semantic processing of module TLC
Semantic processing of module RegistryModelFast2
Semantic processing of module MC_c6_k2_00
Starting... (2026-09-30 21:17:03)
Computing initial states...
Finished computing initial states: 1 distinct state generated at 2026-09-30 21:17:03.
Progress(12) at 2026-09-30 21:17:06: 75 493 states generated (75 493 s/min), 15 259 distinct states found (15 259 ds/min), 5 999 states left on queue.
Progress(17) at 2026-09-30 21:18:06: 538 819 states generated (463 326 s/min), 93 622 distinct states found (78 363 ds/min), 15 950 states left on queue.
Progress(24) at 2026-09-30 21:19:06: 813 535 states generated (274 716 s/min), 124 746 distinct states found (31 124 ds/min), 181 states left on queue.
Model checking completed. No error has been found.
  Estimates of the probability that TLC did not check all reachable states
  because two distinct states had the same fingerprint:
  calculated (optimistic):  val = 4.7E-9
  based on the actual fingerprints:  val = 1.2E-9
815017 states generated, 124850 distinct states found, 0 states left on queue.
The depth of the complete state graph search is 26.
The average outdegree of the complete state graph is 1 (minimum is 0, the maximum 8 and the 95th percentile is 3).
Finished in 02min 03s at (2026-09-30 21:19:07)

exit=0
