COMMAND ["<JAVA>", "-XX:+UseParallelGC", "-Xmx3g", "-Djava.io.tmpdir=<TMPDIR>", "-cp", "<TMPDIR>:tla2tools.jar", "LocalTLC", "-workers", "4", "-seed", "1", "-metadir", "<TMPDIR>", "-config", "MC_c6_k2_01.cfg", "MC_c6_k2_01.tla"]
TLC2 Version 2.19 of 08 August 2024 (rev: 5a47802)
Running breadth-first search Model-Checking with fp 21 and seed 1 with 4 workers on 14 cores with 2731MB heap and 64MB offheap memory [pid: 52040] (Mac OS X 26.6.2 aarch64, Homebrew 21.0.12.1 x86_64, MSBDiskFPSet, DiskStateQueue).
Parsing file etudes/n-spec/tla/modele-v0.6/MC_c6_k2_01.tla
Parsing file etudes/n-spec/tla/modele-v0.6/RegistryModelFast2.tla
Parsing file <TMPDIR>
Parsing file <TMPDIR>
Parsing file <TMPDIR>
Parsing file <TMPDIR>
Parsing file <TMPDIR>
Semantic processing of module Naturals
Semantic processing of module Integers
Semantic processing of module Sequences
Semantic processing of module FiniteSets
Semantic processing of module TLC
Semantic processing of module RegistryModelFast2
Semantic processing of module MC_c6_k2_01
Starting... (2026-09-30 21:19:07)
Computing initial states...
Finished computing initial states: 1 distinct state generated at 2026-09-30 21:19:07.
Progress(12) at 2026-09-30 21:19:10: 76 467 states generated (76 467 s/min), 14 610 distinct states found (14 610 ds/min), 5 262 states left on queue.
Progress(21) at 2026-09-30 21:20:10: 485 261 states generated (408 794 s/min), 72 352 distinct states found (57 742 ds/min), 1 671 states left on queue.
Model checking completed. No error has been found.
  Estimates of the probability that TLC did not check all reachable states
  because two distinct states had the same fingerprint:
  calculated (optimistic):  val = 1.7E-9
  based on the actual fingerprints:  val = 1.2E-9
500905 states generated, 73585 distinct states found, 0 states left on queue.
The depth of the complete state graph search is 24.
The average outdegree of the complete state graph is 1 (minimum is 0, the maximum 8 and the 95th percentile is 2).
Finished in 01min 07s at (2026-09-30 21:20:15)

exit=0
