COMMAND ["<JAVA>", "-XX:+UseParallelGC", "-Xmx3g", "-Djava.io.tmpdir=<TMPDIR>", "-cp", "<TMPDIR>:tla2tools.jar", "LocalTLC", "-workers", "4", "-seed", "1", "-metadir", "<TMPDIR>", "-config", "MC_c6_k1_00.cfg", "MC_c6_k1_00.tla"]
TLC2 Version 2.19 of 08 August 2024 (rev: 5a47802)
Running breadth-first search Model-Checking with fp 122 and seed 1 with 4 workers on 14 cores with 2731MB heap and 64MB offheap memory [pid: 50701] (Mac OS X 26.6.2 aarch64, Homebrew 21.0.12.1 x86_64, MSBDiskFPSet, DiskStateQueue).
Parsing file etudes/n-spec/tla/modele-v0.6/MC_c6_k1_00.tla
Parsing file etudes/n-spec/tla/modele-v0.6/RegistryModelFast2.tla
Parsing file <TMPDIR>
Parsing file <TMPDIR>
Parsing file <TMPDIR>
Parsing file <TMPDIR>
Parsing file <TMPDIR>
Semantic processing of module Naturals
Semantic processing of module Integers
Semantic processing of module Sequences
Semantic processing of module FiniteSets
Semantic processing of module TLC
Semantic processing of module RegistryModelFast2
Semantic processing of module MC_c6_k1_00
Starting... (2026-09-30 21:05:09)
Computing initial states...
Finished computing initial states: 1 distinct state generated at 2026-09-30 21:05:09.
Progress(12) at 2026-09-30 21:05:12: 77 400 states generated (77 400 s/min), 15 337 distinct states found (15 337 ds/min), 5 853 states left on queue.
Progress(17) at 2026-09-30 21:06:12: 556 654 states generated (479 254 s/min), 97 585 distinct states found (82 248 ds/min), 17 354 states left on queue.
Progress(22) at 2026-09-30 21:07:12: 855 603 states generated (298 949 s/min), 133 057 distinct states found (35 472 ds/min), 2 304 states left on queue.
Model checking completed. No error has been found.
  Estimates of the probability that TLC did not check all reachable states
  because two distinct states had the same fingerprint:
  calculated (optimistic):  val = 5.4E-9
  based on the actual fingerprints:  val = 9.2E-9
874447 states generated, 134506 distinct states found, 0 states left on queue.
The depth of the complete state graph search is 25.
The average outdegree of the complete state graph is 1 (minimum is 0, the maximum 8 and the 95th percentile is 3).
Finished in 02min 08s at (2026-09-30 21:07:17)

exit=0
