COMMAND ["<JAVA>", "-XX:+UseParallelGC", "-Xmx3g", "-Djava.io.tmpdir=<TMPDIR>", "-cp", "<TMPDIR>:tla2tools.jar", "LocalTLC", "-workers", "4", "-seed", "1", "-metadir", "<TMPDIR>", "-config", "MC_c6_k1_01.cfg", "MC_c6_k1_01.tla"]
TLC2 Version 2.19 of 08 August 2024 (rev: 5a47802)
Running breadth-first search Model-Checking with fp 102 and seed 1 with 4 workers on 14 cores with 2731MB heap and 64MB offheap memory [pid: 50861] (Mac OS X 26.6.2 aarch64, Homebrew 21.0.12.1 x86_64, MSBDiskFPSet, DiskStateQueue).
Parsing file etudes/n-spec/tla/modele-v0.6/MC_c6_k1_01.tla
Parsing file etudes/n-spec/tla/modele-v0.6/RegistryModelFast2.tla
Parsing file <TMPDIR>
Parsing file <TMPDIR>
Parsing file <TMPDIR>
Parsing file <TMPDIR>
Parsing file <TMPDIR>
Semantic processing of module Naturals
Semantic processing of module Integers
Semantic processing of module Sequences
Semantic processing of module FiniteSets
Semantic processing of module TLC
Semantic processing of module RegistryModelFast2
Semantic processing of module MC_c6_k1_01
Starting... (2026-09-30 21:07:17)
Computing initial states...
Finished computing initial states: 1 distinct state generated at 2026-09-30 21:07:17.
Progress(12) at 2026-09-30 21:07:20: 74 203 states generated (74 203 s/min), 14 268 distinct states found (14 268 ds/min), 5 203 states left on queue.
Progress(19) at 2026-09-30 21:08:20: 530 162 states generated (455 959 s/min), 83 817 distinct states found (69 549 ds/min), 7 611 states left on queue.
Model checking completed. No error has been found.
  Estimates of the probability that TLC did not check all reachable states
  because two distinct states had the same fingerprint:
  calculated (optimistic):  val = 2.7E-9
  based on the actual fingerprints:  val = 1.6E-10
623667 states generated, 92602 distinct states found, 0 states left on queue.
The depth of the complete state graph search is 24.
The average outdegree of the complete state graph is 1 (minimum is 0, the maximum 8 and the 95th percentile is 3).
Finished in 01min 23s at (2026-09-30 21:08:41)

exit=0
