COMMAND ["<JAVA>", "-XX:+UseParallelGC", "-Xmx3g", "-Djava.io.tmpdir=<TMPDIR>", "-cp", "<TMPDIR>:tla2tools.jar", "LocalTLC", "-workers", "4", "-seed", "1", "-metadir", "<TMPDIR>", "-config", "MC_fast_on_11.cfg", "MC_fast_on_11.tla"]
TLC2 Version 2.19 of 08 August 2024 (rev: 5a47802)
Running breadth-first search Model-Checking with fp 27 and seed 1 with 4 workers on 14 cores with 2731MB heap and 64MB offheap memory [pid: 49641] (Mac OS X 26.6.2 aarch64, Homebrew 21.0.12.1 x86_64, MSBDiskFPSet, DiskStateQueue).
Parsing file etudes/n-spec/tla/modele-v0.6/MC_fast_on_11.tla
Parsing file etudes/n-spec/tla/modele-v0.6/RegistryModelFast2.tla
Parsing file <TMPDIR>
Parsing file <TMPDIR>
Parsing file <TMPDIR>
Parsing file <TMPDIR>
Parsing file <TMPDIR>
Semantic processing of module Naturals
Semantic processing of module Integers
Semantic processing of module Sequences
Semantic processing of module FiniteSets
Semantic processing of module TLC
Semantic processing of module RegistryModelFast2
Semantic processing of module MC_fast_on_11
Starting... (2026-09-30 20:54:00)
Computing initial states...
Finished computing initial states: 1 distinct state generated at 2026-09-30 20:54:01.
Progress(12) at 2026-09-30 20:54:04: 89 069 states generated (89 069 s/min), 18 682 distinct states found (18 682 ds/min), 8 357 states left on queue.
Progress(16) at 2026-09-30 20:55:04: 753 106 states generated (664 037 s/min), 136 139 distinct states found (117 457 ds/min), 41 383 states left on queue.
Progress(17) at 2026-09-30 20:56:04: 1 176 773 states generated (423 667 s/min), 196 051 distinct states found (59 912 ds/min), 42 325 states left on queue.
Progress(19) at 2026-09-30 20:57:04: 1 520 599 states generated (343 826 s/min), 236 980 distinct states found (40 929 ds/min), 32 561 states left on queue.
Progress(20) at 2026-09-30 20:58:04: 1 790 630 states generated (270 031 s/min), 264 364 distinct states found (27 384 ds/min), 17 372 states left on queue.
Model checking completed. No error has been found.
  Estimates of the probability that TLC did not check all reachable states
  because two distinct states had the same fingerprint:
  calculated (optimistic):  val = 2.6E-8
  based on the actual fingerprints:  val = 1.3E-8
1971321 states generated, 278093 distinct states found, 0 states left on queue.
The depth of the complete state graph search is 26.
The average outdegree of the complete state graph is 1 (minimum is 0, the maximum 8 and the 95th percentile is 2).
Finished in 04min 56s at (2026-09-30 20:58:56)

exit=0
