COMMAND ["<JAVA>", "-XX:+UseParallelGC", "-Xmx3g", "-Djava.io.tmpdir=<TMPDIR>", "-cp", "<TMPDIR>:tla2tools.jar", "LocalTLC", "-workers", "4", "-seed", "1", "-metadir", "<TMPDIR>", "-config", "MC_fast_on_00.cfg", "MC_fast_on_00.tla"]
TLC2 Version 2.19 of 08 August 2024 (rev: 5a47802)
Running breadth-first search Model-Checking with fp 125 and seed 1 with 4 workers on 14 cores with 2731MB heap and 64MB offheap memory [pid: 48225] (Mac OS X 26.6.2 aarch64, Homebrew 21.0.12.1 x86_64, MSBDiskFPSet, DiskStateQueue).
Parsing file etudes/n-spec/tla/modele-v0.6/MC_fast_on_00.tla
Parsing file etudes/n-spec/tla/modele-v0.6/RegistryModelFast2.tla
Parsing file <TMPDIR>
Parsing file <TMPDIR>
Parsing file <TMPDIR>
Parsing file <TMPDIR>
Parsing file <TMPDIR>
Semantic processing of module Naturals
Semantic processing of module Integers
Semantic processing of module Sequences
Semantic processing of module FiniteSets
Semantic processing of module TLC
Semantic processing of module RegistryModelFast2
Semantic processing of module MC_fast_on_00
Starting... (2026-09-30 20:36:31)
Computing initial states...
Finished computing initial states: 1 distinct state generated at 2026-09-30 20:36:31.
Progress(12) at 2026-09-30 20:36:34: 86 871 states generated (86 871 s/min), 17 853 distinct states found (17 853 ds/min), 7 738 states left on queue.
Progress(16) at 2026-09-30 20:37:34: 694 189 states generated (607 318 s/min), 128 920 distinct states found (111 067 ds/min), 40 986 states left on queue.
Progress(17) at 2026-09-30 20:38:34: 1 092 637 states generated (398 448 s/min), 187 670 distinct states found (58 750 ds/min), 44 813 states left on queue.
Progress(18) at 2026-09-30 20:39:34: 1 422 700 states generated (330 063 s/min), 229 901 distinct states found (42 231 ds/min), 39 657 states left on queue.
Progress(19) at 2026-09-30 20:40:34: 1 694 397 states generated (271 697 s/min), 258 180 distinct states found (28 279 ds/min), 26 927 states left on queue.
Progress(21) at 2026-09-30 20:41:34: 1 919 525 states generated (225 128 s/min), 276 415 distinct states found (18 235 ds/min), 9 334 states left on queue.
Model checking completed. No error has been found.
  Estimates of the probability that TLC did not check all reachable states
  because two distinct states had the same fingerprint:
  calculated (optimistic):  val = 2.6E-8
  based on the actual fingerprints:  val = 2.4E-9
1997645 states generated, 280913 distinct states found, 0 states left on queue.
The depth of the complete state graph search is 25.
The average outdegree of the complete state graph is 1 (minimum is 0, the maximum 8 and the 95th percentile is 3).
Finished in 05min 28s at (2026-09-30 20:42:00)

exit=0
