COMMAND ["<JAVA>", "-XX:+UseParallelGC", "-Xmx3g", "-Djava.io.tmpdir=<TMPDIR>", "-cp", "<TMPDIR>:tla2tools.jar", "LocalTLC", "-workers", "4", "-seed", "1", "-metadir", "<TMPDIR>", "-config", "MC_h1_forward_checked.cfg", "MC_h1_forward_checked.tla"]
TLC2 Version 2.19 of 08 August 2024 (rev: 5a47802)
Running breadth-first search Model-Checking with fp 33 and seed 1 with 4 workers on 14 cores with 2731MB heap and 64MB offheap memory [pid: 47822] (Mac OS X 26.6.2 aarch64, Homebrew 21.0.12.1 x86_64, MSBDiskFPSet, DiskStateQueue).
Parsing file etudes/n-spec/tla/modele-v0.6/MC_h1_forward_checked.tla
Parsing file etudes/n-spec/tla/modele-v0.6/H1OrdersChecked.tla
Parsing file <TMPDIR>
Parsing file <TMPDIR>
Parsing file <TMPDIR>
Parsing file <TMPDIR>
Parsing file <TMPDIR>
Semantic processing of module Naturals
Semantic processing of module Integers
Semantic processing of module Sequences
Semantic processing of module FiniteSets
Semantic processing of module TLC
Semantic processing of module H1OrdersChecked
Semantic processing of module MC_h1_forward_checked
Starting... (2026-09-30 20:33:50)
Computing initial states...
Finished computing initial states: 1 distinct state generated at 2026-09-30 20:33:50.
Model checking completed. No error has been found.
  Estimates of the probability that TLC did not check all reachable states
  because two distinct states had the same fingerprint:
  calculated (optimistic):  val = 8.4E-10
  based on the actual fingerprints:  val = 1.4E-11
544621 states generated, 30276 distinct states found, 0 states left on queue.
The depth of the complete state graph search is 8.
The average outdegree of the complete state graph is 1 (minimum is 0, the maximum 31 and the 95th percentile is 2).
Finished in 02s at (2026-09-30 20:33:52)

exit=0
