COMMAND ["<JAVA>", "-XX:+UseParallelGC", "-Xmx3g", "-Djava.io.tmpdir=<TMPDIR>", "-cp", "<TMPDIR>:tla2tools.jar", "LocalTLC", "-workers", "4", "-seed", "1", "-metadir", "<TMPDIR>", "-config", "MC_live_reconnection.cfg", "MC_live_reconnection.tla"]
TLC2 Version 2.19 of 08 August 2024 (rev: 5a47802)
Running breadth-first search Model-Checking with fp 48 and seed 1 with 4 workers on 14 cores with 2731MB heap and 64MB offheap memory [pid: 48093] (Mac OS X 26.6.2 aarch64, Homebrew 21.0.12.1 x86_64, MSBDiskFPSet, DiskStateQueue).
Parsing file etudes/n-spec/tla/modele-v0.6/MC_live_reconnection.tla
Parsing file etudes/n-spec/tla/modele-v0.6/H1OrdersChecked.tla
Parsing file <TMPDIR>
Parsing file <TMPDIR>
Parsing file <TMPDIR>
Parsing file <TMPDIR>
Parsing file <TMPDIR>
Semantic processing of module Naturals
Semantic processing of module Integers
Semantic processing of module Sequences
Semantic processing of module FiniteSets
Semantic processing of module TLC
Semantic processing of module H1OrdersChecked
Semantic processing of module MC_live_reconnection
Starting... (2026-09-30 20:35:34)
Implied-temporal checking--satisfiability problem has 1 branches.
Computing initial states...
Finished computing initial states: 1 distinct state generated at 2026-09-30 20:35:34.
Checking temporal properties for the current state space with 5193 total distinct states at (2026-09-30 20:35:37)
Finished checking temporal properties in 00s at 2026-09-30 20:35:37
Progress(7) at 2026-09-30 20:35:37: 172 089 states generated (172 089 s/min), 6 754 distinct states found (6 754 ds/min), 1 557 states left on queue.
Progress(7) at 2026-09-30 20:35:37: 202 959 states generated, 6 826 distinct states found, 0 states left on queue.
Checking temporal properties for the complete state space with 6826 total distinct states at (2026-09-30 20:35:37)
Finished checking temporal properties in 00s at 2026-09-30 20:35:37
Model checking completed. No error has been found.
  Estimates of the probability that TLC did not check all reachable states
  because two distinct states had the same fingerprint:
  calculated (optimistic):  val = 7.3E-11
202959 states generated, 6826 distinct states found, 0 states left on queue.
The depth of the complete state graph search is 7.
The average outdegree of the complete state graph is 1 (minimum is 0, the maximum 31 and the 95th percentile is 4).
Finished in 03s at (2026-09-30 20:35:37)

exit=0
