COMMAND ["<JAVA>", "-XX:+UseParallelGC", "-Xmx3g", "-Djava.io.tmpdir=<TMPDIR>", "-cp", "<TMPDIR>:tla2tools.jar", "LocalTLC", "-workers", "4", "-seed", "1", "-metadir", "<TMPDIR>", "-config", "MC_mirror_on_01.cfg", "MC_mirror_on_01.tla"]
TLC2 Version 2.19 of 08 August 2024 (rev: 5a47802)
Running breadth-first search Model-Checking with fp 63 and seed 1 with 4 workers on 14 cores with 2731MB heap and 64MB offheap memory [pid: 40638] (Mac OS X 26.6.2 aarch64, Homebrew 21.0.12.1 x86_64, MSBDiskFPSet, DiskStateQueue).
Parsing file etudes/n-spec/tla/modele-v0.6/MC_mirror_on_01.tla
Parsing file etudes/n-spec/tla/modele-v0.6/RegistryModel.tla
Parsing file <TMPDIR>
Parsing file <TMPDIR>
Parsing file <TMPDIR>
Parsing file <TMPDIR>
Parsing file <TMPDIR>
Semantic processing of module Naturals
Semantic processing of module Integers
Semantic processing of module Sequences
Semantic processing of module FiniteSets
Semantic processing of module TLC
Semantic processing of module RegistryModel
Semantic processing of module MC_mirror_on_01
Starting... (2026-09-30 19:08:06)
Computing initial states...
Finished computing initial states: 1 distinct state generated at 2026-09-30 19:08:06.
Progress(11) at 2026-09-30 19:08:09: 87 858 states generated (87 858 s/min), 18 163 distinct states found (18 163 ds/min), 8 131 states left on queue.
Progress(16) at 2026-09-30 19:09:09: 793 180 states generated (705 322 s/min), 128 867 distinct states found (110 704 ds/min), 30 122 states left on queue.
Progress(19) at 2026-09-30 19:10:09: 1 231 256 states generated (438 076 s/min), 178 585 distinct states found (49 718 ds/min), 17 184 states left on queue.
Model checking completed. No error has been found.
  Estimates of the probability that TLC did not check all reachable states
  because two distinct states had the same fingerprint:
  calculated (optimistic):  val = 1.3E-8
  based on the actual fingerprints:  val = 2.6E-8
1431628 states generated, 193747 distinct states found, 0 states left on queue.
The depth of the complete state graph search is 24.
The average outdegree of the complete state graph is 1 (minimum is 0, the maximum 8 and the 95th percentile is 2).
Finished in 02min 40s at (2026-09-30 19:10:46)

exit=0
