COMMAND ["<JAVA>", "-XX:+UseParallelGC", "-Xmx3g", "-Djava.io.tmpdir=<TMPDIR>", "-cp", "<TMPDIR>:tla2tools.jar", "LocalTLC", "-workers", "4", "-seed", "1", "-metadir", "<TMPDIR>", "-config", "MC_mirror_on_10.cfg", "MC_mirror_on_10.tla"]
TLC2 Version 2.19 of 08 August 2024 (rev: 5a47802)
Running breadth-first search Model-Checking with fp 76 and seed 1 with 4 workers on 14 cores with 2731MB heap and 64MB offheap memory [pid: 40835] (Mac OS X 26.6.2 aarch64, Homebrew 21.0.12.1 x86_64, MSBDiskFPSet, DiskStateQueue).
Parsing file etudes/n-spec/tla/modele-v0.6/MC_mirror_on_10.tla
Parsing file etudes/n-spec/tla/modele-v0.6/RegistryModel.tla
Parsing file <TMPDIR>
Parsing file <TMPDIR>
Parsing file <TMPDIR>
Parsing file <TMPDIR>
Parsing file <TMPDIR>
Semantic processing of module Naturals
Semantic processing of module Integers
Semantic processing of module Sequences
Semantic processing of module FiniteSets
Semantic processing of module TLC
Semantic processing of module RegistryModel
Semantic processing of module MC_mirror_on_10
Starting... (2026-09-30 19:10:46)
Computing initial states...
Finished computing initial states: 1 distinct state generated at 2026-09-30 19:10:46.
Progress(11) at 2026-09-30 19:10:49: 96 635 states generated (96 635 s/min), 22 467 distinct states found (22 467 ds/min), 11 617 states left on queue.
Progress(15) at 2026-09-30 19:11:49: 1 001 677 states generated (905 042 s/min), 202 334 distinct states found (179 867 ds/min), 84 376 states left on queue.
Progress(16) at 2026-09-30 19:12:49: 1 659 602 states generated (657 925 s/min), 310 513 distinct states found (108 179 ds/min), 109 732 states left on queue.
Progress(17) at 2026-09-30 19:13:49: 2 257 095 states generated (597 493 s/min), 402 260 distinct states found (91 747 ds/min), 124 143 states left on queue.
Progress(17) at 2026-09-30 19:14:49: 2 796 945 states generated (539 850 s/min), 483 228 distinct states found (80 968 ds/min), 134 867 states left on queue.
Progress(18) at 2026-09-30 19:15:49: 3 263 986 states generated (467 041 s/min), 536 783 distinct states found (53 555 ds/min), 122 385 states left on queue.
Progress(18) at 2026-09-30 19:16:49: 3 741 284 states generated (477 298 s/min), 600 064 distinct states found (63 281 ds/min), 121 418 states left on queue.
Progress(19) at 2026-09-30 19:17:49: 4 153 714 states generated (412 430 s/min), 642 026 distinct states found (41 962 ds/min), 102 280 states left on queue.
Progress(19) at 2026-09-30 19:18:49: 4 575 108 states generated (421 394 s/min), 688 461 distinct states found (46 435 ds/min), 89 290 states left on queue.
Progress(20) at 2026-09-30 19:19:49: 4 939 203 states generated (364 095 s/min), 720 282 distinct states found (31 821 ds/min), 64 896 states left on queue.

TIMEOUT 570s => INCOMPLET

exit=143
