COMMAND ["<JAVA>", "-XX:+UseParallelGC", "-Xmx3g", "-Djava.io.tmpdir=<TMPDIR>", "-cp", "<TMPDIR>:tla2tools.jar", "LocalTLC", "-workers", "1", "-seed", "1", "-metadir", "<TMPDIR>", "-config", "MC_replay_general_k1.cfg", "MC_replay_general_k1.tla"]
TLC2 Version 2.19 of 08 August 2024 (rev: 5a47802)
Running breadth-first search Model-Checking with fp 116 and seed 1 with 1 worker on 14 cores with 2731MB heap and 64MB offheap memory [pid: 50027] (Mac OS X 26.6.2 aarch64, Homebrew 21.0.12.1 x86_64, MSBDiskFPSet, DiskStateQueue).
Parsing file etudes/n-spec/tla/modele-v0.6/MC_replay_general_k1.tla
Parsing file etudes/n-spec/tla/modele-v0.6/RegistryModelFast2.tla
Parsing file <TMPDIR>
Parsing file <TMPDIR>
Parsing file <TMPDIR>
Parsing file <TMPDIR>
Parsing file <TMPDIR>
Semantic processing of module Naturals
Semantic processing of module Integers
Semantic processing of module Sequences
Semantic processing of module FiniteSets
Semantic processing of module TLC
Semantic processing of module RegistryModelFast2
Semantic processing of module MC_replay_general_k1
Starting... (2026-09-30 20:59:00)
Computing initial states...
Finished computing initial states: 1 distinct state generated at 2026-09-30 20:59:00.
Error: Invariant RegistryImmutable is violated.
Error: The behavior up to this point is:
State 1: <Initial predicate>
/\ recoveryUsed = {}
/\ ready = {0}
/\ partition = TRUE
/\ slot = 0
/\ absent = TRUE
/\ chains = <<<<>>, <<>>>>
/\ blockTie = <<0, 0, 0, 0, 0, 0, 0, 0, 0, 0, 0, 0, 0, 0, 0, 0, 0, 0>>
/\ step = 0
/\ bitcoin = (0 :> 0 @@ 1 :> 0 @@ 2 :> 1)
/\ audit = [ anchor |-> TRUE,
  conditional |-> TRUE,
  immutable |-> TRUE,
  h1 |-> TRUE,
  bootstrap |-> TRUE,
  recovery |-> TRUE ]
/\ evidence = "NONE"
/\ local = << [ seen |-> <<0, 0>>,
     anchor |-> <<>>,
     tip |-> <<>>,
     mode |-> "RUN",
     epoch |-> 0,
     registry |-> <<2, 1, 1>>,
     origin |-> 0,
     signed |-> -1,
     history |-> [epoch |-> -1, registry |-> <<>>, supports |-> <<>>] ],
   [ seen |-> <<0, 0>>,
     anchor |-> <<>>,
     tip |-> <<>>,
     mode |-> "RUN",
     epoch |-> 0,
     registry |-> <<2, 1, 1>>,
     origin |-> 0,
     signed |-> -1,
     history |-> [epoch |-> -1, registry |-> <<>>, supports |-> <<>>] ] >>

State 2: <ReplayNext line 4, col 14 to line 17, col 16 of module MC_replay_general_k1>
/\ recoveryUsed = {}
/\ ready = {0}
/\ partition = TRUE
/\ slot = 0
/\ absent = TRUE
/\ chains = <<<<>>, <<13>>>>
/\ blockTie = <<0, 0, 0, 0, 0, 0, 0, 0, 0, 0, 0, 0, 1779, 0, 0, 0, 0, 0>>
/\ step = 1
/\ bitcoin = (0 :> 0 @@ 1 :> 0 @@ 2 :> 1)
/\ audit = [ anchor |-> TRUE,
  conditional |-> TRUE,
  immutable |-> TRUE,
  h1 |-> TRUE,
  bootstrap |-> TRUE,
  recovery |-> TRUE ]
/\ evidence = "NONE"
/\ local = << [ seen |-> <<0, 0>>,
     anchor |-> <<>>,
     tip |-> <<>>,
     mode |-> "RUN",
     epoch |-> 0,
     registry |-> <<2, 1, 1>>,
     origin |-> 0,
     signed |-> -1,
     history |-> [epoch |-> -1, registry |-> <<>>, supports |-> <<>>] ],
   [ seen |-> <<0, 0>>,
     anchor |-> <<>>,
     tip |-> <<>>,
     mode |-> "RUN",
     epoch |-> 0,
     registry |-> <<2, 1, 1>>,
     origin |-> 0,
     signed |-> -1,
     history |-> [epoch |-> -1, registry |-> <<>>, supports |-> <<>>] ] >>

State 3: <ReplayNext line 4, col 14 to line 17, col 16 of module MC_replay_general_k1>
/\ recoveryUsed = {}
/\ ready = {0}
/\ partition = TRUE
/\ slot = 1
/\ absent = TRUE
/\ chains = <<<<>>, <<13>>>>
/\ blockTie = <<0, 0, 0, 0, 0, 0, 0, 0, 0, 0, 0, 0, 1779, 0, 0, 0, 0, 0>>
/\ step = 2
/\ bitcoin = (0 :> 0 @@ 1 :> 0 @@ 2 :> 1)
/\ audit = [ anchor |-> TRUE,
  conditional |-> TRUE,
  immutable |-> TRUE,
  h1 |-> TRUE,
  bootstrap |-> TRUE,
  recovery |-> TRUE ]
/\ evidence = "NONE"
/\ local = << [ seen |-> <<0, 0>>,
     anchor |-> <<>>,
     tip |-> <<>>,
     mode |-> "RUN",
     epoch |-> 0,
     registry |-> <<2, 1, 1>>,
     origin |-> 0,
     signed |-> -1,
     history |-> [epoch |-> -1, registry |-> <<>>, supports |-> <<>>] ],
   [ seen |-> <<0, 0>>,
     anchor |-> <<>>,
     tip |-> <<>>,
     mode |-> "RUN",
     epoch |-> 0,
     registry |-> <<2, 1, 1>>,
     origin |-> 0,
     signed |-> -1,
     history |-> [epoch |-> -1, registry |-> <<>>, supports |-> <<>>] ] >>

State 4: <ReplayNext line 4, col 14 to line 17, col 16 of module MC_replay_general_k1>
/\ recoveryUsed = {}
/\ ready = {0}
/\ partition = TRUE
/\ slot = 2
/\ absent = TRUE
/\ chains = <<<<>>, <<13>>>>
/\ blockTie = <<0, 0, 0, 0, 0, 0, 0, 0, 0, 0, 0, 0, 1779, 0, 0, 0, 0, 0>>
/\ step = 3
/\ bitcoin = (0 :> 0 @@ 1 :> 0 @@ 2 :> 1)
/\ audit = [ anchor |-> TRUE,
  conditional |-> TRUE,
  immutable |-> TRUE,
  h1 |-> TRUE,
  bootstrap |-> TRUE,
  recovery |-> TRUE ]
/\ evidence = "NONE"
/\ local = << [ seen |-> <<0, 0>>,
     anchor |-> <<>>,
     tip |-> <<>>,
     mode |-> "RUN",
     epoch |-> 0,
     registry |-> <<2, 1, 1>>,
     origin |-> 0,
     signed |-> -1,
     history |-> [epoch |-> -1, registry |-> <<>>, supports |-> <<>>] ],
   [ seen |-> <<0, 0>>,
     anchor |-> <<>>,
     tip |-> <<>>,
     mode |-> "RUN",
     epoch |-> 0,
     registry |-> <<2, 1, 1>>,
     origin |-> 0,
     signed |-> -1,
     history |-> [epoch |-> -1, registry |-> <<>>, supports |-> <<>>] ] >>

State 5: <ReplayNext line 4, col 14 to line 17, col 16 of module MC_replay_general_k1>
/\ recoveryUsed = {}
/\ ready = {0}
/\ partition = TRUE
/\ slot = 3
/\ absent = TRUE
/\ chains = <<<<>>, <<13>>>>
/\ blockTie = <<0, 0, 0, 0, 0, 0, 0, 0, 0, 0, 0, 0, 1779, 0, 0, 0, 0, 0>>
/\ step = 4
/\ bitcoin = (0 :> 0 @@ 1 :> 0 @@ 2 :> 1)
/\ audit = [ anchor |-> TRUE,
  conditional |-> TRUE,
  immutable |-> TRUE,
  h1 |-> TRUE,
  bootstrap |-> TRUE,
  recovery |-> TRUE ]
/\ evidence = "NONE"
/\ local = << [ seen |-> <<0, 0>>,
     anchor |-> <<>>,
     tip |-> <<>>,
     mode |-> "RUN",
     epoch |-> 0,
     registry |-> <<2, 1, 1>>,
     origin |-> 0,
     signed |-> -1,
     history |-> [epoch |-> -1, registry |-> <<>>, supports |-> <<>>] ],
   [ seen |-> <<0, 0>>,
     anchor |-> <<>>,
     tip |-> <<>>,
     mode |-> "RUN",
     epoch |-> 0,
     registry |-> <<2, 1, 1>>,
     origin |-> 0,
     signed |-> -1,
     history |-> [epoch |-> -1, registry |-> <<>>, supports |-> <<>>] ] >>

State 6: <ReplayNext line 4, col 14 to line 17, col 16 of module MC_replay_general_k1>
/\ recoveryUsed = {}
/\ ready = {0}
/\ partition = TRUE
/\ slot = 4
/\ absent = TRUE
/\ chains = <<<<>>, <<13>>>>
/\ blockTie = <<0, 0, 0, 0, 0, 0, 0, 0, 0, 0, 0, 0, 1779, 0, 0, 0, 0, 0>>
/\ step = 5
/\ bitcoin = (0 :> 0 @@ 1 :> 0 @@ 2 :> 1)
/\ audit = [ anchor |-> TRUE,
  conditional |-> TRUE,
  immutable |-> TRUE,
  h1 |-> TRUE,
  bootstrap |-> TRUE,
  recovery |-> TRUE ]
/\ evidence = "NONE"
/\ local = << [ seen |-> <<0, 0>>,
     anchor |-> <<>>,
     tip |-> <<>>,
     mode |-> "RUN",
     epoch |-> 0,
     registry |-> <<2, 1, 1>>,
     origin |-> 0,
     signed |-> -1,
     history |-> [epoch |-> -1, registry |-> <<>>, supports |-> <<>>] ],
   [ seen |-> <<0, 0>>,
     anchor |-> <<>>,
     tip |-> <<>>,
     mode |-> "RUN",
     epoch |-> 0,
     registry |-> <<2, 1, 1>>,
     origin |-> 0,
     signed |-> -1,
     history |-> [epoch |-> -1, registry |-> <<>>, supports |-> <<>>] ] >>

State 7: <ReplayNext line 4, col 14 to line 17, col 16 of module MC_replay_general_k1>
/\ recoveryUsed = {}
/\ ready = {0}
/\ partition = FALSE
/\ slot = 4
/\ absent = TRUE
/\ chains = <<<<>>, <<13>>>>
/\ blockTie = <<0, 0, 0, 0, 0, 0, 0, 0, 0, 0, 0, 0, 1779, 0, 0, 0, 0, 0>>
/\ step = 6
/\ bitcoin = (0 :> 0 @@ 1 :> 0 @@ 2 :> 1)
/\ audit = [ anchor |-> TRUE,
  conditional |-> TRUE,
  immutable |-> TRUE,
  h1 |-> TRUE,
  bootstrap |-> TRUE,
  recovery |-> TRUE ]
/\ evidence = "NONE"
/\ local = << [ seen |-> <<0, 0>>,
     anchor |-> <<>>,
     tip |-> <<>>,
     mode |-> "RUN",
     epoch |-> 0,
     registry |-> <<2, 1, 1>>,
     origin |-> 0,
     signed |-> -1,
     history |-> [epoch |-> -1, registry |-> <<>>, supports |-> <<>>] ],
   [ seen |-> <<0, 0>>,
     anchor |-> <<>>,
     tip |-> <<>>,
     mode |-> "RUN",
     epoch |-> 0,
     registry |-> <<2, 1, 1>>,
     origin |-> 0,
     signed |-> -1,
     history |-> [epoch |-> -1, registry |-> <<>>, supports |-> <<>>] ] >>

State 8: <ReplayNext line 4, col 14 to line 17, col 16 of module MC_replay_general_k1>
/\ recoveryUsed = {}
/\ ready = {0}
/\ partition = FALSE
/\ slot = 4
/\ absent = FALSE
/\ chains = <<<<>>, <<13>>>>
/\ blockTie = <<0, 0, 0, 0, 0, 0, 0, 0, 0, 0, 0, 0, 1779, 0, 0, 0, 0, 0>>
/\ step = 7
/\ bitcoin = (0 :> 0 @@ 1 :> 0 @@ 2 :> 1)
/\ audit = [ anchor |-> TRUE,
  conditional |-> TRUE,
  immutable |-> TRUE,
  h1 |-> TRUE,
  bootstrap |-> TRUE,
  recovery |-> TRUE ]
/\ evidence = "NONE"
/\ local = << [ seen |-> <<0, 0>>,
     anchor |-> <<>>,
     tip |-> <<>>,
     mode |-> "RUN",
     epoch |-> 0,
     registry |-> <<2, 1, 1>>,
     origin |-> 0,
     signed |-> -1,
     history |-> [epoch |-> -1, registry |-> <<>>, supports |-> <<>>] ],
   [ seen |-> <<0, 0>>,
     anchor |-> <<>>,
     tip |-> <<>>,
     mode |-> "RUN",
     epoch |-> 0,
     registry |-> <<2, 1, 1>>,
     origin |-> 0,
     signed |-> -1,
     history |-> [epoch |-> -1, registry |-> <<>>, supports |-> <<>>] ] >>

State 9: <ReplayNext line 4, col 14 to line 17, col 16 of module MC_replay_general_k1>
/\ recoveryUsed = {}
/\ ready = {0}
/\ partition = FALSE
/\ slot = 4
/\ absent = FALSE
/\ chains = <<<<>>, <<13>>>>
/\ blockTie = <<0, 0, 0, 0, 0, 0, 0, 0, 0, 0, 0, 0, 1779, 0, 0, 0, 0, 0>>
/\ step = 8
/\ bitcoin = (0 :> 0 @@ 1 :> 0 @@ 2 :> 1)
/\ audit = [ anchor |-> TRUE,
  conditional |-> TRUE,
  immutable |-> TRUE,
  h1 |-> TRUE,
  bootstrap |-> TRUE,
  recovery |-> TRUE ]
/\ evidence = "NONE"
/\ local = << [ seen |-> <<0, 0>>,
     anchor |-> <<>>,
     tip |-> <<>>,
     mode |-> "RUN",
     epoch |-> 0,
     registry |-> <<2, 1, 1>>,
     origin |-> 0,
     signed |-> -1,
     history |-> [epoch |-> -1, registry |-> <<>>, supports |-> <<>>] ],
   [ seen |-> <<0, 1>>,
     anchor |-> <<>>,
     tip |-> <<>>,
     mode |-> "WAIT_SEED",
     epoch |-> 0,
     registry |-> <<2, 1, 1>>,
     origin |-> 0,
     signed |-> -1,
     history |-> [epoch |-> -1, registry |-> <<>>, supports |-> <<>>] ] >>

State 10: <ReplayNext line 4, col 14 to line 17, col 16 of module MC_replay_general_k1>
/\ recoveryUsed = {}
/\ ready = 0..2
/\ partition = FALSE
/\ slot = 4
/\ absent = FALSE
/\ chains = <<<<>>, <<13>>>>
/\ blockTie = <<0, 0, 0, 0, 0, 0, 0, 0, 0, 0, 0, 0, 1779, 0, 0, 0, 0, 0>>
/\ step = 9
/\ bitcoin = (0 :> 0 @@ 1 :> 0 @@ 2 :> 1)
/\ audit = [ anchor |-> TRUE,
  conditional |-> TRUE,
  immutable |-> TRUE,
  h1 |-> TRUE,
  bootstrap |-> TRUE,
  recovery |-> TRUE ]
/\ evidence = "NONE"
/\ local = << [ seen |-> <<0, 0>>,
     anchor |-> <<>>,
     tip |-> <<>>,
     mode |-> "RUN",
     epoch |-> 0,
     registry |-> <<2, 1, 1>>,
     origin |-> 0,
     signed |-> -1,
     history |-> [epoch |-> -1, registry |-> <<>>, supports |-> <<>>] ],
   [ seen |-> <<0, 1>>,
     anchor |-> <<>>,
     tip |-> <<>>,
     mode |-> "WAIT_SEED",
     epoch |-> 0,
     registry |-> <<2, 1, 1>>,
     origin |-> 0,
     signed |-> -1,
     history |-> [epoch |-> -1, registry |-> <<>>, supports |-> <<>>] ] >>

State 11: <ReplayNext line 4, col 14 to line 17, col 16 of module MC_replay_general_k1>
/\ recoveryUsed = {}
/\ ready = 0..2
/\ partition = FALSE
/\ slot = 4
/\ absent = FALSE
/\ chains = <<<<11>>, <<13>>>>
/\ blockTie = <<0, 0, 0, 0, 0, 0, 0, 0, 0, 0, 63233, 0, 1779, 0, 0, 0, 0, 0>>
/\ step = 10
/\ bitcoin = (0 :> 0 @@ 1 :> 0 @@ 2 :> 1)
/\ audit = [ anchor |-> TRUE,
  conditional |-> TRUE,
  immutable |-> TRUE,
  h1 |-> TRUE,
  bootstrap |-> TRUE,
  recovery |-> TRUE ]
/\ evidence = "NONE"
/\ local = << [ seen |-> <<1, 0>>,
     anchor |-> <<>>,
     tip |-> <<>>,
     mode |-> "RUN",
     epoch |-> 0,
     registry |-> <<2, 1, 1>>,
     origin |-> 0,
     signed |-> 4,
     history |->
         [ epoch |-> 2,
           registry |-> <<2, 1, 1>>,
           supports |-> (0 :> <<>> @@ 1 :> <<>> @@ 2 :> <<>>) ] ],
   [ seen |-> <<0, 1>>,
     anchor |-> <<>>,
     tip |-> <<>>,
     mode |-> "WAIT_SEED",
     epoch |-> 0,
     registry |-> <<2, 1, 1>>,
     origin |-> 0,
     signed |-> -1,
     history |-> [epoch |-> -1, registry |-> <<>>, supports |-> <<>>] ] >>

State 12: <ReplayNext line 4, col 14 to line 17, col 16 of module MC_replay_general_k1>
/\ recoveryUsed = {}
/\ ready = 0..2
/\ partition = FALSE
/\ slot = 4
/\ absent = FALSE
/\ chains = <<<<11>>, <<13, 17>>>>
/\ blockTie = <<0, 0, 0, 0, 0, 0, 0, 0, 0, 0, 63233, 0, 1779, 0, 0, 0, 63426, 0>>
/\ step = 11
/\ bitcoin = (0 :> 0 @@ 1 :> 0 @@ 2 :> 1)
/\ audit = [ anchor |-> TRUE,
  conditional |-> TRUE,
  immutable |-> TRUE,
  h1 |-> TRUE,
  bootstrap |-> TRUE,
  recovery |-> TRUE ]
/\ evidence = "NONE"
/\ local = << [ seen |-> <<1, 0>>,
     anchor |-> <<>>,
     tip |-> <<>>,
     mode |-> "RUN",
     epoch |-> 0,
     registry |-> <<2, 1, 1>>,
     origin |-> 0,
     signed |-> 4,
     history |->
         [ epoch |-> 2,
           registry |-> <<2, 1, 1>>,
           supports |-> (0 :> <<>> @@ 1 :> <<>> @@ 2 :> <<>>) ] ],
   [ seen |-> <<0, 2>>,
     anchor |-> <<>>,
     tip |-> <<>>,
     mode |-> "WAIT_SEED",
     epoch |-> 0,
     registry |-> <<2, 1, 1>>,
     origin |-> 0,
     signed |-> 4,
     history |->
         [ epoch |-> 2,
           registry |-> <<2, 2, 1>>,
           supports |-> (0 :> <<>> @@ 1 :> <<>> @@ 2 :> <<13>>) ] ] >>

State 13: <ReplayNext line 4, col 14 to line 17, col 16 of module MC_replay_general_k1>
/\ recoveryUsed = {}
/\ ready = 0..2
/\ partition = FALSE
/\ slot = 4
/\ absent = FALSE
/\ chains = <<<<11>>, <<13, 17>>>>
/\ blockTie = <<0, 0, 0, 0, 0, 0, 0, 0, 0, 0, 63233, 0, 1779, 0, 0, 0, 63426, 0>>
/\ step = 12
/\ bitcoin = (0 :> 0 @@ 1 :> 0 @@ 2 :> 1)
/\ audit = [ anchor |-> TRUE,
  conditional |-> TRUE,
  immutable |-> FALSE,
  h1 |-> TRUE,
  bootstrap |-> TRUE,
  recovery |-> TRUE ]
/\ evidence = "NONE"
/\ local = << [ seen |-> <<1, 2>>,
     anchor |-> <<13>>,
     tip |-> <<13, 17>>,
     mode |-> "RUN",
     epoch |-> 2,
     registry |-> <<2, 2, 1>>,
     origin |-> 0,
     signed |-> 4,
     history |->
         [ epoch |-> 2,
           registry |-> <<2, 2, 1>>,
           supports |-> (0 :> <<>> @@ 1 :> <<>> @@ 2 :> <<13>>) ] ],
   [ seen |-> <<0, 2>>,
     anchor |-> <<>>,
     tip |-> <<>>,
     mode |-> "WAIT_SEED",
     epoch |-> 0,
     registry |-> <<2, 1, 1>>,
     origin |-> 0,
     signed |-> 4,
     history |->
         [ epoch |-> 2,
           registry |-> <<2, 2, 1>>,
           supports |-> (0 :> <<>> @@ 1 :> <<>> @@ 2 :> <<13>>) ] ] >>

14 states generated, 13 distinct states found, 0 states left on queue.
The depth of the complete state graph search is 13.
The average outdegree of the complete state graph is 1 (minimum is 1, the maximum 1 and the 95th percentile is 1).
Finished in 00s at (2026-09-30 20:59:00)

exit=12
