COMMAND ["<JAVA>", "-XX:+UseParallelGC", "-Xmx3g", "-Djava.io.tmpdir=<TMPDIR>", "-cp", "<TMPDIR>:tla2tools.jar", "LocalTLC", "-workers", "4", "-seed", "1", "-metadir", "<TMPDIR>", "-config", "MC_replay_anchor_split_checked.cfg", "MC_replay_anchor_split_checked.tla"]
TLC2 Version 2.19 of 08 August 2024 (rev: 5a47802)
Running breadth-first search Model-Checking with fp 126 and seed 1 with 4 workers on 14 cores with 2731MB heap and 64MB offheap memory [pid: 47889] (Mac OS X 26.6.2 aarch64, Homebrew 21.0.12.1 x86_64, MSBDiskFPSet, DiskStateQueue).
Parsing file etudes/n-spec/tla/modele-v0.6/MC_replay_anchor_split_checked.tla
Parsing file etudes/n-spec/tla/modele-v0.6/AnchorBTCChecked.tla
Parsing file <TMPDIR>
Parsing file <TMPDIR>
Parsing file <TMPDIR>
Parsing file <TMPDIR>
Parsing file <TMPDIR>
Semantic processing of module Naturals
Semantic processing of module Integers
Semantic processing of module Sequences
Semantic processing of module FiniteSets
Semantic processing of module TLC
Semantic processing of module AnchorBTCChecked
Semantic processing of module MC_replay_anchor_split_checked
Starting... (2026-09-30 20:34:19)
Computing initial states...
Finished computing initial states: 1 distinct state generated at 2026-09-30 20:34:20.
Error: Successor state is not completely specified by the next-state action. The following variable is not assigned: step.

Error: The behavior up to this point is:
State 1: <Initial predicate>
/\ mode = <<"RUN", "RUN">>
/\ btc = {"a4"}
/\ step = 0
/\ seal = TRUE
/\ tips = <<[branch |-> "G", height |-> 0], [branch |-> "G", height |-> 0]>>
/\ audit = TRUE
/\ chosen = <<{}, {}>>
/\ anchor = <<[branch |-> "G", height |-> 0], [branch |-> "G", height |-> 0]>>
/\ rank = <<3, 2>>
/\ seed = FALSE
/\ seen = <<{"A"}, {"B"}>>

State 2: <ReplayNext line 4, col 14 to line 7, col 16 of module MC_replay_anchor_split_checked>
/\ mode = <<"RUN", "RUN">>
/\ btc = {"a4"}
/\ step = null
/\ seal = TRUE
/\ tips = <<[branch |-> "A", height |-> 3], [branch |-> "G", height |-> 0]>>
/\ audit = TRUE
/\ chosen = <<{"A"}, {}>>
/\ anchor = <<[branch |-> "A", height |-> 2], [branch |-> "G", height |-> 0]>>
/\ rank = <<3, 2>>
/\ seed = FALSE
/\ seen = <<{"A"}, {"B"}>>

2 states generated, 1 distinct states found, 0 states left on queue.
The depth of the complete state graph search is 1.
Finished in 00s at (2026-09-30 20:34:20)

exit=75
