COMMAND ["<JAVA>", "-XX:+UseParallelGC", "-Xmx3g", "-Djava.io.tmpdir=<TMPDIR>", "-cp", "<TMPDIR>:tla2tools.jar", "LocalTLC", "-workers", "4", "-seed", "1", "-metadir", "<TMPDIR>", "-config", "MC_v6_mirror_on_00.cfg", "MC_v6_mirror_on_00.tla"]
TLC2 Version 2.19 of 08 August 2024 (rev: 5a47802)
Running breadth-first search Model-Checking with fp 94 and seed 1 with 4 workers on 14 cores with 2731MB heap and 64MB offheap memory [pid: 45923] (Mac OS X 26.6.2 aarch64, Homebrew 21.0.12.1 x86_64, MSBDiskFPSet, DiskStateQueue).
Parsing file etudes/n-spec/tla/modele-v0.6/MC_v6_mirror_on_00.tla
Parsing file etudes/n-spec/tla/modele-v0.6/RegistryModelFast2.tla
Parsing file <TMPDIR>
Parsing file <TMPDIR>
Parsing file <TMPDIR>
Parsing file <TMPDIR>
Parsing file <TMPDIR>
Semantic processing of module Naturals
Semantic processing of module Integers
Semantic processing of module Sequences
Semantic processing of module FiniteSets
Semantic processing of module TLC
Semantic processing of module RegistryModelFast2
Semantic processing of module MC_v6_mirror_on_00
Starting... (2026-09-30 20:13:45)
Computing initial states...
Finished computing initial states: 1 distinct state generated at 2026-09-30 20:13:46.
Progress(12) at 2026-09-30 20:13:49: 89 020 states generated (89 020 s/min), 18 250 distinct states found (18 250 ds/min), 7 888 states left on queue.
Progress(16) at 2026-09-30 20:14:49: 710 227 states generated (621 207 s/min), 131 807 distinct states found (113 557 ds/min), 41 940 states left on queue.
Progress(17) at 2026-09-30 20:15:49: 1 107 407 states generated (397 180 s/min), 189 871 distinct states found (58 064 ds/min), 44 908 states left on queue.
Progress(18) at 2026-09-30 20:16:49: 1 438 892 states generated (331 485 s/min), 231 858 distinct states found (41 987 ds/min), 39 008 states left on queue.
Progress(19) at 2026-09-30 20:17:49: 1 715 837 states generated (276 945 s/min), 260 318 distinct states found (28 460 ds/min), 25 771 states left on queue.
Progress(21) at 2026-09-30 20:18:49: 1 940 104 states generated (224 267 s/min), 277 766 distinct states found (17 448 ds/min), 7 241 states left on queue.
Model checking completed. No error has been found.
  Estimates of the probability that TLC did not check all reachable states
  because two distinct states had the same fingerprint:
  calculated (optimistic):  val = 2.6E-8
  based on the actual fingerprints:  val = 1.0E-8
1997645 states generated, 280913 distinct states found, 0 states left on queue.
The depth of the complete state graph search is 25.
The average outdegree of the complete state graph is 1 (minimum is 0, the maximum 8 and the 95th percentile is 3).
Finished in 05min 22s at (2026-09-30 20:19:07)

exit=0
