COMMAND ["<JAVA>", "-XX:+UseParallelGC", "-Xmx3g", "-Djava.io.tmpdir=<TMPDIR>", "-cp", "<TMPDIR>:tla2tools.jar", "LocalTLC", "-workers", "4", "-seed", "1", "-metadir", "<TMPDIR>", "-config", "MC_witness_recovery_checked.cfg", "MC_witness_recovery_checked.tla"]
TLC2 Version 2.19 of 08 August 2024 (rev: 5a47802)
Running breadth-first search Model-Checking with fp 118 and seed 1 with 4 workers on 14 cores with 2731MB heap and 64MB offheap memory [pid: 48067] (Mac OS X 26.6.2 aarch64, Homebrew 21.0.12.1 x86_64, MSBDiskFPSet, DiskStateQueue).
Parsing file etudes/n-spec/tla/modele-v0.6/MC_witness_recovery_checked.tla
Parsing file etudes/n-spec/tla/modele-v0.6/AuthoritiesChecked.tla
Parsing file <TMPDIR>
Parsing file <TMPDIR>
Parsing file <TMPDIR>
Parsing file <TMPDIR>
Parsing file <TMPDIR>
Semantic processing of module Naturals
Semantic processing of module Integers
Semantic processing of module Sequences
Semantic processing of module FiniteSets
Semantic processing of module TLC
Semantic processing of module AuthoritiesChecked
Semantic processing of module MC_witness_recovery_checked
Starting... (2026-09-30 20:35:28)
Computing initial states...
Computed 2 initial states...
Computed 4 initial states...
Computed 8 initial states...
Computed 16 initial states...
Finished computing initial states: 32 distinct states generated at 2026-09-30 20:35:28.
Error: Invariant NoWitnessRecovery is violated.
Error: The behavior up to this point is:
State 1: <Initial predicate>
/\ audit = TRUE
/\ request = <<>>
/\ origin = "none"
/\ channels = <<>>
/\ contextLost = FALSE
/\ used = {}
/\ valid = TRUE
/\ approval = <<>>
/\ nonce = 0
/\ anchor = "none"

State 2: <Prepare line 14, col 11 to line 15, col 78 of module AuthoritiesChecked>
/\ audit = TRUE
/\ request = <<1, "none", "none", FALSE, "target">>
/\ origin = "none"
/\ channels = <<>>
/\ contextLost = FALSE
/\ used = {}
/\ valid = TRUE
/\ approval = <<>>
/\ nonce = 1
/\ anchor = "none"

State 3: <ExplicitApprove line 16, col 19 to line 17, col 83 of module AuthoritiesChecked>
/\ audit = TRUE
/\ request = <<1, "none", "none", FALSE, "target">>
/\ origin = "none"
/\ channels = <<>>
/\ contextLost = FALSE
/\ used = {}
/\ valid = TRUE
/\ approval = <<1, "none", "none", FALSE, "target">>
/\ nonce = 1
/\ anchor = "none"

State 4: <Recover line 18, col 11 to line 22, col 55 of module AuthoritiesChecked>
/\ audit = TRUE
/\ request = <<1, "none", "none", FALSE, "target">>
/\ origin = "target"
/\ channels = <<>>
/\ contextLost = FALSE
/\ used = {<<1, "none", "none", FALSE, "target">>}
/\ valid = TRUE
/\ approval = <<1, "none", "none", FALSE, "target">>
/\ nonce = 1
/\ anchor = "target"

256 states generated, 163 distinct states found, 71 states left on queue.
The depth of the complete state graph search is 4.
The average outdegree of the complete state graph is 1 (minimum is 1, the maximum 3 and the 95th percentile is 2).
Finished in 00s at (2026-09-30 20:35:28)

exit=12
