COMMAND ["<JAVA>", "-XX:+UseParallelGC", "-Xmx3g", "-Djava.io.tmpdir=<TMPDIR>", "-cp", "<TMPDIR>:tla2tools.jar", "LocalTLC", "-workers", "4", "-seed", "1", "-metadir", "<TMPDIR>", "-config", "MC_witness_h1_rank.cfg", "MC_witness_h1_rank.tla"]
TLC2 Version 2.19 of 08 August 2024 (rev: 5a47802)
Running breadth-first search Model-Checking with fp 28 and seed 1 with 4 workers on 14 cores with 2731MB heap and 64MB offheap memory [pid: 48087] (Mac OS X 26.6.2 aarch64, Homebrew 21.0.12.1 x86_64, MSBDiskFPSet, DiskStateQueue).
Parsing file etudes/n-spec/tla/modele-v0.6/MC_witness_h1_rank.tla
Parsing file etudes/n-spec/tla/modele-v0.6/H1Reevaluation.tla
Parsing file <TMPDIR>
Parsing file <TMPDIR>
Parsing file <TMPDIR>
Parsing file <TMPDIR>
Parsing file <TMPDIR>
Semantic processing of module Naturals
Semantic processing of module Integers
Semantic processing of module Sequences
Semantic processing of module FiniteSets
Semantic processing of module TLC
Semantic processing of module H1Reevaluation
Semantic processing of module MC_witness_h1_rank
Starting... (2026-09-30 20:35:32)
Computing initial states...
Finished computing initial states: 1 distinct state generated at 2026-09-30 20:35:32.
Error: Invariant NoWitnessRankExit is violated.
Error: The behavior up to this point is:
State 1: <Initial predicate>
/\ btc = TRUE
/\ decision = [temporal |-> TRUE, base |-> "MAINTAIN", primary |-> "STOP_H1", positive |-> {}]
/\ cache = TRUE
/\ ranking = 0

State 2: <Update line 12, col 15 to line 12, col 79 of module H1Reevaluation>
/\ btc = TRUE
/\ decision = [ temporal |-> FALSE,
  base |-> "STOP_DEEP",
  primary |-> "STOP_DEEP",
  positive |-> {} ]
/\ cache = TRUE
/\ ranking = 1

67 states generated, 12 distinct states found, 0 states left on queue.
The depth of the complete state graph search is 4.
The average outdegree of the complete state graph is 1 (minimum is 0, the maximum 2 and the 95th percentile is 2).
Finished in 00s at (2026-09-30 20:35:32)

exit=12
