COMMAND ["<JAVA>", "-XX:+UseParallelGC", "-Xmx3g", "-Djava.io.tmpdir=<TMPDIR>", "-cp", "<TMPDIR>:tla2tools.jar", "LocalTLC", "-workers", "4", "-seed", "1", "-metadir", "<TMPDIR>", "-config", "MC_witness_068_arithmetic.cfg", "MC_witness_068_arithmetic.tla"]
TLC2 Version 2.19 of 08 August 2024 (rev: 5a47802)
Running breadth-first search Model-Checking with fp 49 and seed 1 with 4 workers on 14 cores with 2731MB heap and 64MB offheap memory [pid: 43104] (Mac OS X 26.6.2 aarch64, Homebrew 21.0.12.1 x86_64, MSBDiskFPSet, DiskStateQueue).
Parsing file etudes/n-spec/tla/modele-v0.6/MC_witness_068_arithmetic.tla
Parsing file etudes/n-spec/tla/modele-v0.6/BrakeArithmetic.tla
Parsing file <TMPDIR>
Parsing file <TMPDIR>
Parsing file <TMPDIR>
Parsing file <TMPDIR>
Parsing file <TMPDIR>
Semantic processing of module Naturals
Semantic processing of module Integers
Semantic processing of module Sequences
Semantic processing of module FiniteSets
Semantic processing of module TLC
Semantic processing of module BrakeArithmetic
Semantic processing of module MC_witness_068_arithmetic
Starting... (2026-09-30 19:36:39)
Computing initial states...
Computed 2 initial states...
Computed 4 initial states...
Computed 8 initial states...
Computed 16 initial states...
Error: Invariant NoWitnessHealth is violated by the initial state:
Q = {2, 3, 4, 5}

Finished in 00s at (2026-09-30 19:36:39)

exit=12
