COMMAND ["<JAVA>", "-XX:+UseParallelGC", "-Xmx3g", "-Djava.io.tmpdir=<TMPDIR>", "-cp", "<TMPDIR>:tla2tools.jar", "LocalTLC", "-workers", "4", "-seed", "1", "-metadir", "<TMPDIR>", "-config", "MC_witness_scan_Unknown.cfg", "MC_witness_scan_Unknown.tla"]
TLC2 Version 2.19 of 08 August 2024 (rev: 5a47802)
Running breadth-first search Model-Checking with fp 7 and seed 1 with 4 workers on 14 cores with 2731MB heap and 64MB offheap memory [pid: 43327] (Mac OS X 26.6.2 aarch64, Homebrew 21.0.12.1 x86_64, MSBDiskFPSet, DiskStateQueue).
Parsing file etudes/n-spec/tla/modele-v0.6/MC_witness_scan_Unknown.tla
Parsing file etudes/n-spec/tla/modele-v0.6/H1Scan.tla
Parsing file <TMPDIR>
Parsing file <TMPDIR>
Parsing file <TMPDIR>
Parsing file <TMPDIR>
Parsing file <TMPDIR>
Semantic processing of module Naturals
Semantic processing of module Integers
Semantic processing of module Sequences
Semantic processing of module FiniteSets
Semantic processing of module TLC
Semantic processing of module H1Scan
Semantic processing of module MC_witness_scan_Unknown
Starting... (2026-09-30 19:39:00)
Computing initial states...
Finished computing initial states: 1 distinct state generated at 2026-09-30 19:39:00.
Error: Invariant NoWitnessUnknown is violated.
Error: The behavior up to this point is:
State 1: <Initial predicate>
/\ btcHeight = 2
/\ scan = {}
/\ objects = {}
/\ rank = "C"
/\ cache = FALSE

State 2: <Scan line 26, col 11 to line 27, col 46 of module H1Scan>
/\ btcHeight = 2
/\ scan = {2}
/\ objects = {}
/\ rank = "C"
/\ cache = FALSE

State 3: <Bitcoin line 30, col 14 to line 31, col 41 of module H1Scan>
/\ btcHeight = 4
/\ scan = {2}
/\ objects = {}
/\ rank = "C"
/\ cache = FALSE

33 states generated, 23 distinct states found, 15 states left on queue.
The depth of the complete state graph search is 3.
Finished in 00s at (2026-09-30 19:39:00)

exit=12
