COMMAND ["<JAVA>", "-XX:+UseParallelGC", "-Xmx3g", "-Djava.io.tmpdir=<TMPDIR>", "-cp", "<TMPDIR>:tla2tools.jar", "LocalTLC", "-workers", "4", "-seed", "1", "-metadir", "<TMPDIR>", "-config", "MC_witness_persistence_checked.cfg", "MC_witness_persistence_checked.tla"]
TLC2 Version 2.19 of 08 August 2024 (rev: 5a47802)
Running breadth-first search Model-Checking with fp 113 and seed 1 with 4 workers on 14 cores with 2731MB heap and 64MB offheap memory [pid: 48193] (Mac OS X 26.6.2 aarch64, Homebrew 21.0.12.1 x86_64, MSBDiskFPSet, DiskStateQueue).
Parsing file etudes/n-spec/tla/modele-v0.6/MC_witness_persistence_checked.tla
Parsing file etudes/n-spec/tla/modele-v0.6/PersistenceChecked.tla
Parsing file <TMPDIR>
Parsing file <TMPDIR>
Parsing file <TMPDIR>
Parsing file <TMPDIR>
Parsing file <TMPDIR>
Semantic processing of module Naturals
Semantic processing of module Integers
Semantic processing of module Sequences
Semantic processing of module FiniteSets
Semantic processing of module TLC
Semantic processing of module PersistenceChecked
Semantic processing of module MC_witness_persistence_checked
Starting... (2026-09-30 20:36:20)
Computing initial states...
Finished computing initial states: 1 distinct state generated at 2026-09-30 20:36:20.
Error: Invariant NoWitnessCrash is violated.
Error: The behavior up to this point is:
State 1: <Initial predicate>
/\ witness = {}
/\ generation = <<0, 0>>
/\ exported = {}
/\ prepared = <<"none", "none">>
/\ crashes = <<0, 0>>
/\ committed = {}

State 2: <Prepare line 11, col 16 to line 12, col 63 of module PersistenceChecked>
/\ witness = {}
/\ generation = <<0, 0>>
/\ exported = {}
/\ prepared = <<"none", "A">>
/\ crashes = <<0, 0>>
/\ committed = {}

State 3: <CrashRestore line 23, col 19 to line 25, col 55 of module PersistenceChecked>
/\ witness = {}
/\ generation = <<0, 0>>
/\ exported = {}
/\ prepared = <<"none", "A">>
/\ crashes = <<1, 0>>
/\ committed = {}

State 4: <CrashRestore line 23, col 19 to line 25, col 55 of module PersistenceChecked>
/\ witness = {}
/\ generation = <<0, 0>>
/\ exported = {}
/\ prepared = <<"none", "A">>
/\ crashes = <<2, 0>>
/\ committed = {}

State 5: <Reserve line 13, col 14 to line 16, col 64 of module PersistenceChecked>
/\ witness = {[key |-> 0, digest |-> "A"]}
/\ generation = <<0, 0>>
/\ exported = {}
/\ prepared = <<"none", "A">>
/\ crashes = <<2, 0>>
/\ committed = {}

State 6: <Export line 17, col 13 to line 19, col 63 of module PersistenceChecked>
/\ witness = {[key |-> 0, digest |-> "A"]}
/\ generation = <<0, 0>>
/\ exported = {"A"}
/\ prepared = <<"none", "A">>
/\ crashes = <<2, 0>>
/\ committed = {}

State 7: <Rotate line 26, col 13 to line 27, col 61 of module PersistenceChecked>
/\ witness = {[key |-> 0, digest |-> "A"]}
/\ generation = <<0, 1>>
/\ exported = {"A"}
/\ prepared = <<"none", "A">>
/\ crashes = <<2, 0>>
/\ committed = {}

2829 states generated, 816 distinct states found, 371 states left on queue.
The depth of the complete state graph search is 8.
The average outdegree of the complete state graph is 2 (minimum is 0, the maximum 8 and the 95th percentile is 4).
Finished in 00s at (2026-09-30 20:36:20)

exit=12
