
****** SANY2 Version 2.1 created 24 February 2014

Parsing file etudes/n-spec/tla/modele-v0.6/H1Orders.tla
Parsing file <TMPDIR>
Parsing file <TMPDIR>
Parsing file <TMPDIR>
Parsing file <TMPDIR>
Parsing file <TMPDIR>
Semantic processing of module Naturals
Semantic processing of module Integers
Semantic processing of module Sequences
Semantic processing of module FiniteSets
Semantic processing of module TLC
Semantic processing of module H1Orders

****** SANY2 Version 2.1 created 24 February 2014

Parsing file etudes/n-spec/tla/modele-v0.6/Brake.tla
***Parse Error***

  Precedence conflict between ops % in block line 12, col 19 to line 12, col 19 of module Brake and +.

Residual stack trace follows:
ExtendableExpr starting at line 12, column 20.
ExtendableExpr starting at line 12, column 18.
Expression starting at line 12, column 18.
Definition starting at line 12, column 1.
Module body starting at line 3, column 1.


Fatal errors while parsing TLA+ spec in file etudes/n-spec/tla/modele-v0.6/Brake.tla

tla2sany.semantic.AbortException
*** Abort messages: 1

In module Brake

Could not parse module Brake from file etudes/n-spec/tla/modele-v0.6/Brake.tla


