
****** SANY2 Version 2.1 created 24 February 2014

Parsing file etudes/n-spec/tla/modele-v0.6/MC_audit_cp_k1.tla
Parsing file etudes/n-spec/tla/modele-v0.6/RegistryAudit.tla
Parsing file etudes/n-spec/tla/modele-v0.6/RegistryModelFast2.tla
Parsing file <TMPDIR>
Parsing file <TMPDIR>
Parsing file <TMPDIR>
Parsing file <TMPDIR>
Parsing file <TMPDIR>
Semantic processing of module Naturals
Semantic processing of module Integers
Semantic processing of module Sequences
Semantic processing of module FiniteSets
Semantic processing of module TLC
Semantic processing of module RegistryModelFast2
Semantic processing of module RegistryAudit
Semantic processing of module MC_audit_cp_k1

****** SANY2 Version 2.1 created 24 February 2014

Parsing file etudes/n-spec/tla/modele-v0.6/MC_replay_audit_c6.tla
Parsing file etudes/n-spec/tla/modele-v0.6/RegistryAudit.tla
Parsing file etudes/n-spec/tla/modele-v0.6/RegistryModelFast2.tla
Parsing file <TMPDIR>
Parsing file <TMPDIR>
Parsing file <TMPDIR>
Parsing file <TMPDIR>
Parsing file <TMPDIR>
Semantic processing of module Naturals
Semantic processing of module Integers
Semantic processing of module Sequences
Semantic processing of module FiniteSets
Semantic processing of module TLC
Semantic processing of module RegistryModelFast2
Semantic processing of module RegistryAudit
Semantic processing of module MC_replay_audit_c6
