
****** SANY2 Version 2.1 created 24 February 2014

Parsing file etudes/n-spec/tla/modele-v0.6/AnchorBTCChecked.tla
Parsing file <TMPDIR>
Parsing file <TMPDIR>
Parsing file <TMPDIR>
Parsing file <TMPDIR>
Parsing file <TMPDIR>
Semantic processing of module Naturals
Semantic processing of module Integers
Semantic processing of module Sequences
Semantic processing of module FiniteSets
Semantic processing of module TLC
Semantic processing of module AnchorBTCChecked

****** SANY2 Version 2.1 created 24 February 2014

Parsing file etudes/n-spec/tla/modele-v0.6/MC_live_reconnection.tla
Parsing file etudes/n-spec/tla/modele-v0.6/H1OrdersChecked.tla
Parsing file <TMPDIR>
Parsing file <TMPDIR>
Parsing file <TMPDIR>
Parsing file <TMPDIR>
Parsing file <TMPDIR>
Semantic processing of module Naturals
Semantic processing of module Integers
Semantic processing of module Sequences
Semantic processing of module FiniteSets
Semantic processing of module TLC
Semantic processing of module H1OrdersChecked
Semantic processing of module MC_live_reconnection

****** SANY2 Version 2.1 created 24 February 2014

Parsing file etudes/n-spec/tla/modele-v0.6/H1Reevaluation.tla
Parsing file <TMPDIR>
Parsing file <TMPDIR>
Parsing file <TMPDIR>
Parsing file <TMPDIR>
Parsing file <TMPDIR>
Semantic processing of module Naturals
Semantic processing of module Integers
Semantic processing of module Sequences
Semantic processing of module FiniteSets
Semantic processing of module TLC
Semantic processing of module H1Reevaluation

****** SANY2 Version 2.1 created 24 February 2014

Parsing file etudes/n-spec/tla/modele-v0.6/QuotaHistory.tla
Parsing file <TMPDIR>
Parsing file <TMPDIR>
Parsing file <TMPDIR>
Parsing file <TMPDIR>
Parsing file <TMPDIR>
Semantic processing of module Naturals
Semantic processing of module Integers
Semantic processing of module Sequences
Semantic processing of module FiniteSets
Semantic processing of module TLC
Semantic processing of module QuotaHistory
