COMMAND ["<JAVA>", "-XX:+UseParallelGC", "-Xmx3g", "-Djava.io.tmpdir=<TMPDIR>", "-cp", "<TMPDIR>:tla2tools.jar", "LocalTLC", "-workers", "4", "-seed", "1", "-fp", "0", "-metadir", "<TMPDIR>", "-config", "MC_deliv_ni_80.cfg", "MC_deliv_ni_80.tla"]
TLC2 Version 2.19 of 08 August 2024 (rev: 5a47802)
Running breadth-first search Model-Checking with fp 0 and seed 1 with 4 workers on 14 cores with 2731MB heap and 64MB offheap memory [pid: 73458] (Mac OS X 26.6.2 aarch64, Homebrew 21.0.12.1 x86_64, MSBDiskFPSet, DiskStateQueue).
Parsing file etudes/n-spec/tla/modele-v0.6/MC_deliv_ni_80.tla
Parsing file etudes/n-spec/tla/modele-v0.6/NonInterference_Deliv.tla
Parsing file <TMPDIR>
Parsing file <TMPDIR>
Parsing file <TMPDIR>
Semantic processing of module Naturals
Semantic processing of module Sequences
Semantic processing of module FiniteSets
Semantic processing of module NonInterference_Deliv
Semantic processing of module MC_deliv_ni_80
Starting... (2026-10-01 11:20:34)
Computing initial states...
Finished computing initial states: 1 distinct state generated at 2026-10-01 11:20:35.
Progress(15) at 2026-10-01 11:20:38: 799 761 states generated (799 761 s/min), 440 611 distinct states found (440 611 ds/min), 306 523 states left on queue.
Progress(18) at 2026-10-01 11:21:38: 11 723 130 states generated (10 923 369 s/min), 4 727 702 distinct states found (4 287 091 ds/min), 1 795 108 states left on queue.
Progress(20) at 2026-10-01 11:22:38: 19 900 931 states generated (8 177 801 s/min), 7 101 892 distinct states found (2 374 190 ds/min), 1 002 487 states left on queue.
Model checking completed. No error has been found.
  Estimates of the probability that TLC did not check all reachable states
  because two distinct states had the same fingerprint:
  calculated (optimistic):  val = 6.0E-6
  based on the actual fingerprints:  val = 3.9E-5
22118626 states generated, 7564308 distinct states found, 0 states left on queue.
The depth of the complete state graph search is 22.
The average outdegree of the complete state graph is 1 (minimum is 0, the maximum 17 and the 95th percentile is 3).
Finished in 02min 22s at (2026-10-01 11:22:57)

exit=0
