COMMAND ["<JAVA>", "-XX:+UseParallelGC", "-Xmx3g", "-Djava.io.tmpdir=<TMPDIR>", "-cp", "<TMPDIR>:tla2tools.jar", "LocalTLC", "-workers", "4", "-seed", "1", "-fp", "0", "-metadir", "<TMPDIR>", "-config", "MC_deliv_ni_00.cfg", "MC_deliv_ni_00.tla"]
TLC2 Version 2.19 of 08 August 2024 (rev: 5a47802)
Running breadth-first search Model-Checking with fp 0 and seed 1 with 4 workers on 14 cores with 2731MB heap and 64MB offheap memory [pid: 72365] (Mac OS X 26.6.2 aarch64, Homebrew 21.0.12.1 x86_64, MSBDiskFPSet, DiskStateQueue).
Parsing file etudes/n-spec/tla/modele-v0.6/MC_deliv_ni_00.tla
Parsing file etudes/n-spec/tla/modele-v0.6/NonInterference_Deliv.tla
Parsing file <TMPDIR>
Parsing file <TMPDIR>
Parsing file <TMPDIR>
Semantic processing of module Naturals
Semantic processing of module Sequences
Semantic processing of module FiniteSets
Semantic processing of module NonInterference_Deliv
Semantic processing of module MC_deliv_ni_00
Starting... (2026-10-01 10:58:35)
Computing initial states...
Finished computing initial states: 1 distinct state generated at 2026-10-01 10:58:35.
Progress(15) at 2026-10-01 10:58:38: 811 829 states generated (811 829 s/min), 445 875 distinct states found (445 875 ds/min), 310 610 states left on queue.
Progress(18) at 2026-10-01 10:59:38: 11 628 720 states generated (10 816 891 s/min), 4 702 013 distinct states found (4 256 138 ds/min), 1 808 418 states left on queue.
Progress(19) at 2026-10-01 11:00:38: 19 699 746 states generated (8 071 026 s/min), 7 048 533 distinct states found (2 346 520 ds/min), 1 057 613 states left on queue.
Model checking completed. No error has been found.
  Estimates of the probability that TLC did not check all reachable states
  because two distinct states had the same fingerprint:
  calculated (optimistic):  val = 6.0E-6
  based on the actual fingerprints:  val = 3.5E-6
22118626 states generated, 7564308 distinct states found, 0 states left on queue.
The depth of the complete state graph search is 22.
The average outdegree of the complete state graph is 1 (minimum is 0, the maximum 17 and the 95th percentile is 3).
Finished in 02min 24s at (2026-10-01 11:01:00)

exit=0
