COMMAND ["<JAVA>", "-XX:+UseParallelGC", "-Xmx3g", "-Djava.io.tmpdir=<TMPDIR>", "-cp", "<TMPDIR>:tla2tools.jar", "LocalTLC", "-workers", "4", "-seed", "1", "-fp", "0", "-metadir", "<TMPDIR>", "-config", "MC_explore_sync_restricted_PivotDeep.cfg", "MC_explore_sync_restricted_PivotDeep.tla"]
TLC2 Version 2.19 of 08 August 2024 (rev: 5a47802)
Running breadth-first search Model-Checking with fp 0 and seed 1 with 4 workers on 14 cores with 2731MB heap and 64MB offheap memory [pid: 63704] (Mac OS X 26.6.2 aarch64, Homebrew 21.0.12.1 x86_64, MSBDiskFPSet, DiskStateQueue).
Parsing file etudes/n-spec/tla/modele-v0.6/MC_explore_sync_restricted_PivotDeep.tla
Parsing file etudes/n-spec/tla/modele-v0.6/RegistryModel_PivotDeep.tla
Parsing file <TMPDIR>
Parsing file <TMPDIR>
Parsing file <TMPDIR>
Parsing file <TMPDIR>
Parsing file <TMPDIR>
Semantic processing of module Naturals
Semantic processing of module Integers
Semantic processing of module Sequences
Semantic processing of module FiniteSets
Semantic processing of module TLC
Semantic processing of module RegistryModel_PivotDeep
Semantic processing of module MC_explore_sync_restricted_PivotDeep
Starting... (2026-10-01 00:07:23)
Computing initial states...
Finished computing initial states: 1 distinct state generated at 2026-10-01 00:07:23.
Progress(15) at 2026-10-01 00:07:26: 98 243 states generated (98 243 s/min), 45 028 distinct states found (45 028 ds/min), 22 170 states left on queue.
Progress(19) at 2026-10-01 00:08:26: 1 419 879 states generated (1 321 636 s/min), 677 899 distinct states found (632 871 ds/min), 350 724 states left on queue.
Error: Invariant NoWitnessDeepSync is violated.
Error: The behavior up to this point is:
State 1: <Initial predicate>
/\ mature = {}
/\ journal = {}
/\ forked = FALSE
/\ slot = 1
/\ chains = <<<<1>>, <<1>>>>
/\ vis = {<<1, 1>>, <<2, 1>>}
/\ local = << [ seen |-> <<1, 1>>,
     tip |-> <<1>>,
     anchor |-> <<>>,
     mode |-> "RUN",
     signed |-> -1 ],
   [ seen |-> <<1, 1>>,
     tip |-> <<1>>,
     anchor |-> <<>>,
     mode |-> "RUN",
     signed |-> -1 ] >>

State 2: <Reveal line 202, col 14 to line 203, col 74 of module RegistryModel_PivotDeep>
/\ mature = {}
/\ journal = {}
/\ forked = FALSE
/\ slot = 1
/\ chains = <<<<1>>, <<1>>>>
/\ vis = {<<1, 1>>, <<2, 1>>, <<2, 2>>}
/\ local = << [ seen |-> <<1, 1>>,
     tip |-> <<1>>,
     anchor |-> <<>>,
     mode |-> "RUN",
     signed |-> -1 ],
   [ seen |-> <<1, 1>>,
     tip |-> <<1>>,
     anchor |-> <<>>,
     mode |-> "RUN",
     signed |-> -1 ] >>

State 3: <Tick line 204, col 9 to line 205, col 68 of module RegistryModel_PivotDeep>
/\ mature = {}
/\ journal = {}
/\ forked = FALSE
/\ slot = 2
/\ chains = <<<<1>>, <<1>>>>
/\ vis = {<<1, 1>>, <<2, 1>>, <<2, 2>>}
/\ local = << [ seen |-> <<1, 1>>,
     tip |-> <<1>>,
     anchor |-> <<>>,
     mode |-> "RUN",
     signed |-> -1 ],
   [ seen |-> <<1, 1>>,
     tip |-> <<1>>,
     anchor |-> <<>>,
     mode |-> "RUN",
     signed |-> -1 ] >>

State 4: <Tick line 204, col 9 to line 205, col 68 of module RegistryModel_PivotDeep>
/\ mature = {}
/\ journal = {}
/\ forked = FALSE
/\ slot = 3
/\ chains = <<<<1>>, <<1>>>>
/\ vis = {<<1, 1>>, <<2, 1>>, <<2, 2>>}
/\ local = << [ seen |-> <<1, 1>>,
     tip |-> <<1>>,
     anchor |-> <<>>,
     mode |-> "RUN",
     signed |-> -1 ],
   [ seen |-> <<1, 1>>,
     tip |-> <<1>>,
     anchor |-> <<>>,
     mode |-> "RUN",
     signed |-> -1 ] >>

State 5: <Tick line 204, col 9 to line 205, col 68 of module RegistryModel_PivotDeep>
/\ mature = {}
/\ journal = {}
/\ forked = FALSE
/\ slot = 4
/\ chains = <<<<1>>, <<1>>>>
/\ vis = {<<1, 1>>, <<2, 1>>, <<2, 2>>}
/\ local = << [ seen |-> <<1, 1>>,
     tip |-> <<1>>,
     anchor |-> <<>>,
     mode |-> "RUN",
     signed |-> -1 ],
   [ seen |-> <<1, 1>>,
     tip |-> <<1>>,
     anchor |-> <<>>,
     mode |-> "RUN",
     signed |-> -1 ] >>

State 6: <Tick line 204, col 9 to line 205, col 68 of module RegistryModel_PivotDeep>
/\ mature = {}
/\ journal = {}
/\ forked = FALSE
/\ slot = 5
/\ chains = <<<<1>>, <<1>>>>
/\ vis = {<<1, 1>>, <<2, 1>>, <<2, 2>>}
/\ local = << [ seen |-> <<1, 1>>,
     tip |-> <<1>>,
     anchor |-> <<>>,
     mode |-> "RUN",
     signed |-> -1 ],
   [ seen |-> <<1, 1>>,
     tip |-> <<1>>,
     anchor |-> <<>>,
     mode |-> "RUN",
     signed |-> -1 ] >>

State 7: <HProduce line 158, col 6 to line 172, col 39 of module RegistryModel_PivotDeep>
/\ mature = {}
/\ journal = {}
/\ forked = FALSE
/\ slot = 5
/\ chains = <<<<1, 20>>, <<1>>>>
/\ vis = {<<1, 1>>, <<2, 1>>, <<2, 2>>}
/\ local = << [ seen |-> <<1, 1>>,
     tip |-> <<1>>,
     anchor |-> <<>>,
     mode |-> "RUN",
     signed |-> -1 ],
   [ seen |-> <<2, 1>>,
     tip |-> <<1, 20>>,
     anchor |-> <<>>,
     mode |-> "RUN",
     signed |-> 5 ] >>

State 8: <Tick line 204, col 9 to line 205, col 68 of module RegistryModel_PivotDeep>
/\ mature = {}
/\ journal = {}
/\ forked = FALSE
/\ slot = 6
/\ chains = <<<<1, 20>>, <<1>>>>
/\ vis = {<<1, 1>>, <<2, 1>>, <<2, 2>>}
/\ local = << [ seen |-> <<1, 1>>,
     tip |-> <<1>>,
     anchor |-> <<>>,
     mode |-> "RUN",
     signed |-> -1 ],
   [ seen |-> <<2, 1>>,
     tip |-> <<1, 20>>,
     anchor |-> <<>>,
     mode |-> "RUN",
     signed |-> 5 ] >>

State 9: <Tick line 204, col 9 to line 205, col 68 of module RegistryModel_PivotDeep>
/\ mature = {}
/\ journal = {}
/\ forked = FALSE
/\ slot = 7
/\ chains = <<<<1, 20>>, <<1>>>>
/\ vis = {<<1, 1>>, <<2, 1>>, <<2, 2>>}
/\ local = << [ seen |-> <<1, 1>>,
     tip |-> <<1>>,
     anchor |-> <<>>,
     mode |-> "RUN",
     signed |-> -1 ],
   [ seen |-> <<2, 1>>,
     tip |-> <<1, 20>>,
     anchor |-> <<>>,
     mode |-> "RUN",
     signed |-> 5 ] >>

State 10: <Tick line 204, col 9 to line 205, col 68 of module RegistryModel_PivotDeep>
/\ mature = {}
/\ journal = {}
/\ forked = FALSE
/\ slot = 8
/\ chains = <<<<1, 20>>, <<1>>>>
/\ vis = {<<1, 1>>, <<2, 1>>, <<2, 2>>}
/\ local = << [ seen |-> <<1, 1>>,
     tip |-> <<1>>,
     anchor |-> <<>>,
     mode |-> "RUN",
     signed |-> -1 ],
   [ seen |-> <<2, 1>>,
     tip |-> <<1, 20>>,
     anchor |-> <<>>,
     mode |-> "RUN",
     signed |-> 5 ] >>

State 11: <Tick line 204, col 9 to line 205, col 68 of module RegistryModel_PivotDeep>
/\ mature = {}
/\ journal = {}
/\ forked = FALSE
/\ slot = 9
/\ chains = <<<<1, 20>>, <<1>>>>
/\ vis = {<<1, 1>>, <<2, 1>>, <<2, 2>>}
/\ local = << [ seen |-> <<1, 1>>,
     tip |-> <<1>>,
     anchor |-> <<>>,
     mode |-> "RUN",
     signed |-> -1 ],
   [ seen |-> <<2, 1>>,
     tip |-> <<1, 20>>,
     anchor |-> <<>>,
     mode |-> "RUN",
     signed |-> 5 ] >>

State 12: <Tick line 204, col 9 to line 205, col 68 of module RegistryModel_PivotDeep>
/\ mature = {}
/\ journal = {}
/\ forked = FALSE
/\ slot = 10
/\ chains = <<<<1, 20>>, <<1>>>>
/\ vis = {<<1, 1>>, <<2, 1>>, <<2, 2>>}
/\ local = << [ seen |-> <<1, 1>>,
     tip |-> <<1>>,
     anchor |-> <<>>,
     mode |-> "RUN",
     signed |-> -1 ],
   [ seen |-> <<2, 1>>,
     tip |-> <<1, 20>>,
     anchor |-> <<>>,
     mode |-> "RUN",
     signed |-> 5 ] >>

State 13: <Tick line 204, col 9 to line 205, col 68 of module RegistryModel_PivotDeep>
/\ mature = {}
/\ journal = {}
/\ forked = FALSE
/\ slot = 11
/\ chains = <<<<1, 20>>, <<1>>>>
/\ vis = {<<1, 1>>, <<2, 1>>, <<2, 2>>}
/\ local = << [ seen |-> <<1, 1>>,
     tip |-> <<1>>,
     anchor |-> <<>>,
     mode |-> "RUN",
     signed |-> -1 ],
   [ seen |-> <<2, 1>>,
     tip |-> <<1, 20>>,
     anchor |-> <<>>,
     mode |-> "RUN",
     signed |-> 5 ] >>

State 14: <HProduce line 158, col 6 to line 172, col 39 of module RegistryModel_PivotDeep>
/\ mature = {26}
/\ journal = { [ slot |-> 11,
    D |-> <<1>>,
    prev |-> <<1, 20>>,
    t |-> 0,
    node |-> 2,
    kind |-> "signature",
    chain |-> <<1, 20, 26>>,
    disc |-> 0,
    prevD |-> <<0>> ] }
/\ forked = FALSE
/\ slot = 11
/\ chains = <<<<1, 20, 26>>, <<1>>>>
/\ vis = {<<1, 1>>, <<2, 1>>, <<2, 2>>}
/\ local = << [ seen |-> <<1, 1>>,
     tip |-> <<1>>,
     anchor |-> <<>>,
     mode |-> "RUN",
     signed |-> -1 ],
   [ seen |-> <<3, 1>>,
     tip |-> <<1, 20, 26>>,
     anchor |-> <<1>>,
     mode |-> "RUN",
     signed |-> 11 ] >>

State 15: <AProduce line 184, col 6 to line 190, col 55 of module RegistryModel_PivotDeep>
/\ mature = {26, 35}
/\ journal = { [ slot |-> 11,
    D |-> <<1>>,
    prev |-> <<1, 20>>,
    t |-> 0,
    node |-> 2,
    kind |-> "signature",
    chain |-> <<1, 20, 26>>,
    disc |-> 0,
    prevD |-> <<0>> ] }
/\ forked = FALSE
/\ slot = 11
/\ chains = <<<<1, 20, 26>>, <<1, 35>>>>
/\ vis = {<<1, 1>>, <<2, 1>>, <<2, 2>>}
/\ local = << [ seen |-> <<1, 1>>,
     tip |-> <<1>>,
     anchor |-> <<>>,
     mode |-> "RUN",
     signed |-> -1 ],
   [ seen |-> <<3, 1>>,
     tip |-> <<1, 20, 26>>,
     anchor |-> <<1>>,
     mode |-> "RUN",
     signed |-> 11 ] >>

State 16: <Tick line 204, col 9 to line 205, col 68 of module RegistryModel_PivotDeep>
/\ mature = {26, 35}
/\ journal = { [ slot |-> 11,
    D |-> <<1>>,
    prev |-> <<1, 20>>,
    t |-> 0,
    node |-> 2,
    kind |-> "signature",
    chain |-> <<1, 20, 26>>,
    disc |-> 0,
    prevD |-> <<0>> ] }
/\ forked = FALSE
/\ slot = 12
/\ chains = <<<<1, 20, 26>>, <<1, 35>>>>
/\ vis = {<<1, 1>>, <<2, 1>>, <<2, 2>>}
/\ local = << [ seen |-> <<1, 1>>,
     tip |-> <<1>>,
     anchor |-> <<>>,
     mode |-> "RUN",
     signed |-> -1 ],
   [ seen |-> <<3, 1>>,
     tip |-> <<1, 20, 26>>,
     anchor |-> <<1>>,
     mode |-> "RUN",
     signed |-> 11 ] >>

State 17: <AProduce line 184, col 6 to line 190, col 55 of module RegistryModel_PivotDeep>
/\ mature = {26, 35, 38}
/\ journal = { [ slot |-> 11,
    D |-> <<1>>,
    prev |-> <<1, 20>>,
    t |-> 0,
    node |-> 2,
    kind |-> "signature",
    chain |-> <<1, 20, 26>>,
    disc |-> 0,
    prevD |-> <<0>> ] }
/\ forked = FALSE
/\ slot = 12
/\ chains = <<<<1, 20, 26>>, <<1, 35, 38>>>>
/\ vis = {<<1, 1>>, <<2, 1>>, <<2, 2>>}
/\ local = << [ seen |-> <<1, 1>>,
     tip |-> <<1>>,
     anchor |-> <<>>,
     mode |-> "RUN",
     signed |-> -1 ],
   [ seen |-> <<3, 1>>,
     tip |-> <<1, 20, 26>>,
     anchor |-> <<1>>,
     mode |-> "RUN",
     signed |-> 11 ] >>

State 18: <AProduce line 184, col 6 to line 190, col 55 of module RegistryModel_PivotDeep>
/\ mature = {26, 35, 38, 41}
/\ journal = { [ slot |-> 11,
    D |-> <<1>>,
    prev |-> <<1, 20>>,
    t |-> 0,
    node |-> 2,
    kind |-> "signature",
    chain |-> <<1, 20, 26>>,
    disc |-> 0,
    prevD |-> <<0>> ] }
/\ forked = FALSE
/\ slot = 12
/\ chains = <<<<1, 20, 26>>, <<1, 35, 38, 41>>>>
/\ vis = {<<1, 1>>, <<2, 1>>, <<2, 2>>}
/\ local = << [ seen |-> <<1, 1>>,
     tip |-> <<1>>,
     anchor |-> <<>>,
     mode |-> "RUN",
     signed |-> -1 ],
   [ seen |-> <<3, 1>>,
     tip |-> <<1, 20, 26>>,
     anchor |-> <<1>>,
     mode |-> "RUN",
     signed |-> 11 ] >>

State 19: <Fetch line 141, col 6 to line 147, col 55 of module RegistryModel_PivotDeep>
/\ mature = {26, 35, 38, 41}
/\ journal = { [ slot |-> 11,
    D |-> <<1>>,
    prev |-> <<1, 20>>,
    t |-> 0,
    node |-> 2,
    kind |-> "signature",
    chain |-> <<1, 20, 26>>,
    disc |-> 0,
    prevD |-> <<0>> ],
  [ slot |-> 12,
    D |-> <<>>,
    prev |-> <<1, 20, 26>>,
    t |-> 1,
    node |-> 2,
    kind |-> "adoption",
    chain |-> <<1, 35, 38, 41>>,
    disc |-> 2,
    prevD |-> <<1>> ] }
/\ forked = FALSE
/\ slot = 12
/\ chains = <<<<1, 20, 26>>, <<1, 35, 38, 41>>>>
/\ vis = {<<1, 1>>, <<2, 1>>, <<2, 2>>}
/\ local = << [ seen |-> <<1, 1>>,
     tip |-> <<1>>,
     anchor |-> <<>>,
     mode |-> "RUN",
     signed |-> -1 ],
   [ seen |-> <<3, 4>>,
     tip |-> <<1, 35, 38, 41>>,
     anchor |-> <<1, 35>>,
     mode |-> "RUN",
     signed |-> 11 ] >>

2130084 states generated, 1082953 distinct states found, 562133 states left on queue.
The depth of the complete state graph search is 19.
The average outdegree of the complete state graph is 2 (minimum is 0, the maximum 7 and the 95th percentile is 4).
Finished in 01min 49s at (2026-10-01 00:09:12)

exit=12
