COMMAND ["<JAVA>", "-XX:+UseParallelGC", "-Xmx3g", "-Djava.io.tmpdir=<TMPDIR>", "-cp", "<TMPDIR>:tla2tools.jar", "LocalTLC", "-workers", "4", "-seed", "1", "-fp", "0", "-metadir", "<TMPDIR>", "-config", "MC_replay_aftersig_PivotDeep.cfg", "MC_replay_aftersig_PivotDeep.tla"]
TLC2 Version 2.19 of 08 August 2024 (rev: 5a47802)
Running breadth-first search Model-Checking with fp 0 and seed 1 with 4 workers on 14 cores with 2731MB heap and 64MB offheap memory [pid: 63852] (Mac OS X 26.6.2 aarch64, Homebrew 21.0.12.1 x86_64, MSBDiskFPSet, DiskStateQueue).
Parsing file etudes/n-spec/tla/modele-v0.6/MC_replay_aftersig_PivotDeep.tla
Parsing file etudes/n-spec/tla/modele-v0.6/Replay_PivotDeep.tla
Parsing file etudes/n-spec/tla/modele-v0.6/RegistryModel_PivotDeep.tla
Parsing file <TMPDIR>
Parsing file <TMPDIR>
Parsing file <TMPDIR>
Parsing file <TMPDIR>
Parsing file <TMPDIR>
Semantic processing of module Naturals
Semantic processing of module Integers
Semantic processing of module Sequences
Semantic processing of module FiniteSets
Semantic processing of module TLC
Semantic processing of module RegistryModel_PivotDeep
Semantic processing of module Replay_PivotDeep
Semantic processing of module MC_replay_aftersig_PivotDeep
Starting... (2026-10-01 00:09:58)
Computing initial states...
Finished computing initial states: 1 distinct state generated at 2026-10-01 00:09:58.
Progress(41) at 2026-10-01 00:10:01: 41 states generated (41 s/min), 41 distinct states found (41 ds/min), 0 states left on queue.
Error: Invariant NoWitnessDeepAfterSig is violated.
Error: The behavior up to this point is:
State 1: <Initial predicate>
/\ mature = {}
/\ journal = {}
/\ forked = FALSE
/\ slot = 1
/\ chains = <<<<1>>, <<1>>>>
/\ step = 0
/\ vis = {<<1, 1>>, <<2, 1>>}
/\ local = << [ seen |-> <<1, 1>>,
     tip |-> <<1>>,
     anchor |-> <<>>,
     mode |-> "RUN",
     signed |-> -1 ],
   [ seen |-> <<1, 1>>,
     tip |-> <<1>>,
     anchor |-> <<>>,
     mode |-> "RUN",
     signed |-> -1 ] >>

State 2: <ReplayNextP line 12, col 19 to line 12, col 71 of module Replay_PivotDeep>
/\ mature = {}
/\ journal = {}
/\ forked = FALSE
/\ slot = 1
/\ chains = <<<<1, 25>>, <<1>>>>
/\ step = 1
/\ vis = {<<1, 1>>, <<2, 1>>}
/\ local = << [ seen |-> <<2, 1>>,
     tip |-> <<1, 25>>,
     anchor |-> <<>>,
     mode |-> "RUN",
     signed |-> 1 ],
   [ seen |-> <<1, 1>>,
     tip |-> <<1>>,
     anchor |-> <<>>,
     mode |-> "RUN",
     signed |-> -1 ] >>

State 3: <ReplayNextP line 12, col 19 to line 12, col 71 of module Replay_PivotDeep>
/\ mature = {}
/\ journal = {}
/\ forked = FALSE
/\ slot = 1
/\ chains = <<<<1, 25>>, <<1>>>>
/\ step = 2
/\ vis = {<<1, 1>>, <<2, 1>>}
/\ local = << [ seen |-> <<2, 1>>,
     tip |-> <<1, 25>>,
     anchor |-> <<>>,
     mode |-> "RUN",
     signed |-> 1 ],
   [ seen |-> <<2, 1>>,
     tip |-> <<1, 25>>,
     anchor |-> <<>>,
     mode |-> "RUN",
     signed |-> -1 ] >>

State 4: <ReplayNextP line 12, col 19 to line 12, col 71 of module Replay_PivotDeep>
/\ mature = {}
/\ journal = {}
/\ forked = FALSE
/\ slot = 2
/\ chains = <<<<1, 25>>, <<1>>>>
/\ step = 3
/\ vis = {<<1, 1>>, <<2, 1>>}
/\ local = << [ seen |-> <<2, 1>>,
     tip |-> <<1, 25>>,
     anchor |-> <<>>,
     mode |-> "RUN",
     signed |-> 1 ],
   [ seen |-> <<2, 1>>,
     tip |-> <<1, 25>>,
     anchor |-> <<>>,
     mode |-> "RUN",
     signed |-> -1 ] >>

State 5: <ReplayNextP line 12, col 19 to line 12, col 71 of module Replay_PivotDeep>
/\ mature = {}
/\ journal = {}
/\ forked = FALSE
/\ slot = 2
/\ chains = <<<<1, 25, 26>>, <<1>>>>
/\ step = 4
/\ vis = {<<1, 1>>, <<2, 1>>}
/\ local = << [ seen |-> <<2, 1>>,
     tip |-> <<1, 25>>,
     anchor |-> <<>>,
     mode |-> "RUN",
     signed |-> 1 ],
   [ seen |-> <<3, 1>>,
     tip |-> <<1, 25, 26>>,
     anchor |-> <<>>,
     mode |-> "RUN",
     signed |-> 2 ] >>

State 6: <ReplayNextP line 12, col 19 to line 12, col 71 of module Replay_PivotDeep>
/\ mature = {}
/\ journal = {}
/\ forked = FALSE
/\ slot = 2
/\ chains = <<<<1, 25, 26>>, <<1>>>>
/\ step = 5
/\ vis = {<<1, 1>>, <<2, 1>>}
/\ local = << [ seen |-> <<3, 1>>,
     tip |-> <<1, 25, 26>>,
     anchor |-> <<>>,
     mode |-> "RUN",
     signed |-> 1 ],
   [ seen |-> <<3, 1>>,
     tip |-> <<1, 25, 26>>,
     anchor |-> <<>>,
     mode |-> "RUN",
     signed |-> 2 ] >>

State 7: <ReplayNextP line 12, col 19 to line 12, col 71 of module Replay_PivotDeep>
/\ mature = {}
/\ journal = {}
/\ forked = FALSE
/\ slot = 3
/\ chains = <<<<1, 25, 26>>, <<1>>>>
/\ step = 6
/\ vis = {<<1, 1>>, <<2, 1>>}
/\ local = << [ seen |-> <<3, 1>>,
     tip |-> <<1, 25, 26>>,
     anchor |-> <<>>,
     mode |-> "RUN",
     signed |-> 1 ],
   [ seen |-> <<3, 1>>,
     tip |-> <<1, 25, 26>>,
     anchor |-> <<>>,
     mode |-> "RUN",
     signed |-> 2 ] >>

State 8: <ReplayNextP line 12, col 19 to line 12, col 71 of module Replay_PivotDeep>
/\ mature = {}
/\ journal = {}
/\ forked = FALSE
/\ slot = 4
/\ chains = <<<<1, 25, 26>>, <<1>>>>
/\ step = 7
/\ vis = {<<1, 1>>, <<2, 1>>}
/\ local = << [ seen |-> <<3, 1>>,
     tip |-> <<1, 25, 26>>,
     anchor |-> <<>>,
     mode |-> "RUN",
     signed |-> 1 ],
   [ seen |-> <<3, 1>>,
     tip |-> <<1, 25, 26>>,
     anchor |-> <<>>,
     mode |-> "RUN",
     signed |-> 2 ] >>

State 9: <ReplayNextP line 12, col 19 to line 12, col 71 of module Replay_PivotDeep>
/\ mature = {}
/\ journal = {}
/\ forked = FALSE
/\ slot = 4
/\ chains = <<<<1, 25, 26, 28>>, <<1>>>>
/\ step = 8
/\ vis = {<<1, 1>>, <<2, 1>>}
/\ local = << [ seen |-> <<4, 1>>,
     tip |-> <<1, 25, 26, 28>>,
     anchor |-> <<>>,
     mode |-> "RUN",
     signed |-> 4 ],
   [ seen |-> <<3, 1>>,
     tip |-> <<1, 25, 26>>,
     anchor |-> <<>>,
     mode |-> "RUN",
     signed |-> 2 ] >>

State 10: <ReplayNextP line 12, col 19 to line 12, col 71 of module Replay_PivotDeep>
/\ mature = {}
/\ journal = {}
/\ forked = FALSE
/\ slot = 4
/\ chains = <<<<1, 25, 26, 28>>, <<1>>>>
/\ step = 9
/\ vis = {<<1, 1>>, <<2, 1>>}
/\ local = << [ seen |-> <<4, 1>>,
     tip |-> <<1, 25, 26, 28>>,
     anchor |-> <<>>,
     mode |-> "RUN",
     signed |-> 4 ],
   [ seen |-> <<4, 1>>,
     tip |-> <<1, 25, 26, 28>>,
     anchor |-> <<>>,
     mode |-> "RUN",
     signed |-> 2 ] >>

State 11: <ReplayNextP line 12, col 19 to line 12, col 71 of module Replay_PivotDeep>
/\ mature = {}
/\ journal = {}
/\ forked = FALSE
/\ slot = 5
/\ chains = <<<<1, 25, 26, 28>>, <<1>>>>
/\ step = 10
/\ vis = {<<1, 1>>, <<2, 1>>}
/\ local = << [ seen |-> <<4, 1>>,
     tip |-> <<1, 25, 26, 28>>,
     anchor |-> <<>>,
     mode |-> "RUN",
     signed |-> 4 ],
   [ seen |-> <<4, 1>>,
     tip |-> <<1, 25, 26, 28>>,
     anchor |-> <<>>,
     mode |-> "RUN",
     signed |-> 2 ] >>

State 12: <ReplayNextP line 12, col 19 to line 12, col 71 of module Replay_PivotDeep>
/\ mature = {}
/\ journal = {}
/\ forked = FALSE
/\ slot = 5
/\ chains = <<<<1, 25, 26, 28, 29>>, <<1>>>>
/\ step = 11
/\ vis = {<<1, 1>>, <<2, 1>>}
/\ local = << [ seen |-> <<4, 1>>,
     tip |-> <<1, 25, 26, 28>>,
     anchor |-> <<>>,
     mode |-> "RUN",
     signed |-> 4 ],
   [ seen |-> <<5, 1>>,
     tip |-> <<1, 25, 26, 28, 29>>,
     anchor |-> <<1>>,
     mode |-> "RUN",
     signed |-> 5 ] >>

State 13: <ReplayNextP line 12, col 19 to line 12, col 71 of module Replay_PivotDeep>
/\ mature = {}
/\ journal = {}
/\ forked = FALSE
/\ slot = 5
/\ chains = <<<<1, 25, 26, 28, 29>>, <<1>>>>
/\ step = 12
/\ vis = {<<1, 1>>, <<2, 1>>}
/\ local = << [ seen |-> <<5, 1>>,
     tip |-> <<1, 25, 26, 28, 29>>,
     anchor |-> <<1>>,
     mode |-> "RUN",
     signed |-> 4 ],
   [ seen |-> <<5, 1>>,
     tip |-> <<1, 25, 26, 28, 29>>,
     anchor |-> <<1>>,
     mode |-> "RUN",
     signed |-> 5 ] >>

State 14: <ReplayNextP line 12, col 19 to line 12, col 71 of module Replay_PivotDeep>
/\ mature = {}
/\ journal = {}
/\ forked = TRUE
/\ slot = 5
/\ chains = <<<<1, 25, 26, 28, 29>>, <<1, 25, 26, 28, 29>>>>
/\ step = 13
/\ vis = {<<1, 1>>, <<2, 1>>}
/\ local = << [ seen |-> <<5, 1>>,
     tip |-> <<1, 25, 26, 28, 29>>,
     anchor |-> <<1>>,
     mode |-> "RUN",
     signed |-> 4 ],
   [ seen |-> <<5, 1>>,
     tip |-> <<1, 25, 26, 28, 29>>,
     anchor |-> <<1>>,
     mode |-> "RUN",
     signed |-> 5 ] >>

State 15: <ReplayNextP line 12, col 19 to line 12, col 71 of module Replay_PivotDeep>
/\ mature = {}
/\ journal = {}
/\ forked = TRUE
/\ slot = 6
/\ chains = <<<<1, 25, 26, 28, 29>>, <<1, 25, 26, 28, 29>>>>
/\ step = 14
/\ vis = {<<1, 1>>, <<2, 1>>}
/\ local = << [ seen |-> <<5, 1>>,
     tip |-> <<1, 25, 26, 28, 29>>,
     anchor |-> <<1>>,
     mode |-> "RUN",
     signed |-> 4 ],
   [ seen |-> <<5, 1>>,
     tip |-> <<1, 25, 26, 28, 29>>,
     anchor |-> <<1>>,
     mode |-> "RUN",
     signed |-> 5 ] >>

State 16: <ReplayNextP line 12, col 19 to line 12, col 71 of module Replay_PivotDeep>
/\ mature = {}
/\ journal = {}
/\ forked = TRUE
/\ slot = 7
/\ chains = <<<<1, 25, 26, 28, 29>>, <<1, 25, 26, 28, 29>>>>
/\ step = 15
/\ vis = {<<1, 1>>, <<2, 1>>}
/\ local = << [ seen |-> <<5, 1>>,
     tip |-> <<1, 25, 26, 28, 29>>,
     anchor |-> <<1>>,
     mode |-> "RUN",
     signed |-> 4 ],
   [ seen |-> <<5, 1>>,
     tip |-> <<1, 25, 26, 28, 29>>,
     anchor |-> <<1>>,
     mode |-> "RUN",
     signed |-> 5 ] >>

State 17: <ReplayNextP line 12, col 19 to line 12, col 71 of module Replay_PivotDeep>
/\ mature = {}
/\ journal = {}
/\ forked = TRUE
/\ slot = 8
/\ chains = <<<<1, 25, 26, 28, 29>>, <<1, 25, 26, 28, 29>>>>
/\ step = 16
/\ vis = {<<1, 1>>, <<2, 1>>}
/\ local = << [ seen |-> <<5, 1>>,
     tip |-> <<1, 25, 26, 28, 29>>,
     anchor |-> <<1>>,
     mode |-> "RUN",
     signed |-> 4 ],
   [ seen |-> <<5, 1>>,
     tip |-> <<1, 25, 26, 28, 29>>,
     anchor |-> <<1>>,
     mode |-> "RUN",
     signed |-> 5 ] >>

State 18: <ReplayNextP line 12, col 19 to line 12, col 71 of module Replay_PivotDeep>
/\ mature = {}
/\ journal = {}
/\ forked = TRUE
/\ slot = 9
/\ chains = <<<<1, 25, 26, 28, 29>>, <<1, 25, 26, 28, 29>>>>
/\ step = 17
/\ vis = {<<1, 1>>, <<2, 1>>}
/\ local = << [ seen |-> <<5, 1>>,
     tip |-> <<1, 25, 26, 28, 29>>,
     anchor |-> <<1>>,
     mode |-> "RUN",
     signed |-> 4 ],
   [ seen |-> <<5, 1>>,
     tip |-> <<1, 25, 26, 28, 29>>,
     anchor |-> <<1>>,
     mode |-> "RUN",
     signed |-> 5 ] >>

State 19: <ReplayNextP line 12, col 19 to line 12, col 71 of module Replay_PivotDeep>
/\ mature = {}
/\ journal = {}
/\ forked = TRUE
/\ slot = 10
/\ chains = <<<<1, 25, 26, 28, 29>>, <<1, 25, 26, 28, 29>>>>
/\ step = 18
/\ vis = {<<1, 1>>, <<2, 1>>}
/\ local = << [ seen |-> <<5, 1>>,
     tip |-> <<1, 25, 26, 28, 29>>,
     anchor |-> <<1>>,
     mode |-> "RUN",
     signed |-> 4 ],
   [ seen |-> <<5, 1>>,
     tip |-> <<1, 25, 26, 28, 29>>,
     anchor |-> <<1>>,
     mode |-> "RUN",
     signed |-> 5 ] >>

State 20: <ReplayNextP line 12, col 19 to line 12, col 71 of module Replay_PivotDeep>
/\ mature = {}
/\ journal = {}
/\ forked = TRUE
/\ slot = 11
/\ chains = <<<<1, 25, 26, 28, 29>>, <<1, 25, 26, 28, 29>>>>
/\ step = 19
/\ vis = {<<1, 1>>, <<2, 1>>}
/\ local = << [ seen |-> <<5, 1>>,
     tip |-> <<1, 25, 26, 28, 29>>,
     anchor |-> <<1>>,
     mode |-> "RUN",
     signed |-> 4 ],
   [ seen |-> <<5, 1>>,
     tip |-> <<1, 25, 26, 28, 29>>,
     anchor |-> <<1>>,
     mode |-> "RUN",
     signed |-> 5 ] >>

State 21: <ReplayNextP line 12, col 19 to line 12, col 71 of module Replay_PivotDeep>
/\ mature = {}
/\ journal = {}
/\ forked = TRUE
/\ slot = 12
/\ chains = <<<<1, 25, 26, 28, 29>>, <<1, 25, 26, 28, 29>>>>
/\ step = 20
/\ vis = {<<1, 1>>, <<2, 1>>}
/\ local = << [ seen |-> <<5, 1>>,
     tip |-> <<1, 25, 26, 28, 29>>,
     anchor |-> <<1>>,
     mode |-> "RUN",
     signed |-> 4 ],
   [ seen |-> <<5, 1>>,
     tip |-> <<1, 25, 26, 28, 29>>,
     anchor |-> <<1>>,
     mode |-> "RUN",
     signed |-> 5 ] >>

State 22: <ReplayNextP line 12, col 19 to line 12, col 71 of module Replay_PivotDeep>
/\ mature = {}
/\ journal = {}
/\ forked = TRUE
/\ slot = 13
/\ chains = <<<<1, 25, 26, 28, 29>>, <<1, 25, 26, 28, 29>>>>
/\ step = 21
/\ vis = {<<1, 1>>, <<2, 1>>}
/\ local = << [ seen |-> <<5, 1>>,
     tip |-> <<1, 25, 26, 28, 29>>,
     anchor |-> <<1>>,
     mode |-> "RUN",
     signed |-> 4 ],
   [ seen |-> <<5, 1>>,
     tip |-> <<1, 25, 26, 28, 29>>,
     anchor |-> <<1>>,
     mode |-> "RUN",
     signed |-> 5 ] >>

State 23: <ReplayNextP line 12, col 19 to line 12, col 71 of module Replay_PivotDeep>
/\ mature = {}
/\ journal = {}
/\ forked = TRUE
/\ slot = 13
/\ chains = <<<<1, 25, 26, 28, 29, 37>>, <<1, 25, 26, 28, 29>>>>
/\ step = 22
/\ vis = {<<1, 1>>, <<2, 1>>}
/\ local = << [ seen |-> <<6, 1>>,
     tip |-> <<1, 25, 26, 28, 29, 37>>,
     anchor |-> <<1, 25>>,
     mode |-> "RUN",
     signed |-> 13 ],
   [ seen |-> <<5, 1>>,
     tip |-> <<1, 25, 26, 28, 29>>,
     anchor |-> <<1>>,
     mode |-> "RUN",
     signed |-> 5 ] >>

State 24: <ReplayNextP line 12, col 19 to line 12, col 71 of module Replay_PivotDeep>
/\ mature = {}
/\ journal = {}
/\ forked = TRUE
/\ slot = 13
/\ chains = <<<<1, 25, 26, 28, 29, 37>>, <<1, 25, 26, 28, 29>>>>
/\ step = 23
/\ vis = {<<1, 1>>, <<2, 1>>}
/\ local = << [ seen |-> <<6, 1>>,
     tip |-> <<1, 25, 26, 28, 29, 37>>,
     anchor |-> <<1, 25>>,
     mode |-> "RUN",
     signed |-> 13 ],
   [ seen |-> <<6, 1>>,
     tip |-> <<1, 25, 26, 28, 29, 37>>,
     anchor |-> <<1, 25>>,
     mode |-> "RUN",
     signed |-> 5 ] >>

State 25: <ReplayNextP line 12, col 19 to line 12, col 71 of module Replay_PivotDeep>
/\ mature = {}
/\ journal = {}
/\ forked = TRUE
/\ slot = 14
/\ chains = <<<<1, 25, 26, 28, 29, 37>>, <<1, 25, 26, 28, 29>>>>
/\ step = 24
/\ vis = {<<1, 1>>, <<2, 1>>}
/\ local = << [ seen |-> <<6, 1>>,
     tip |-> <<1, 25, 26, 28, 29, 37>>,
     anchor |-> <<1, 25>>,
     mode |-> "RUN",
     signed |-> 13 ],
   [ seen |-> <<6, 1>>,
     tip |-> <<1, 25, 26, 28, 29, 37>>,
     anchor |-> <<1, 25>>,
     mode |-> "RUN",
     signed |-> 5 ] >>

State 26: <ReplayNextP line 12, col 19 to line 12, col 71 of module Replay_PivotDeep>
/\ mature = {38}
/\ journal = { [ slot |-> 14,
    D |-> <<1, 25, 26>>,
    prev |-> <<1, 25, 26, 28, 29, 37>>,
    t |-> 0,
    node |-> 2,
    kind |-> "installation",
    chain |-> <<1, 25, 26, 28, 29, 37, 38>>,
    disc |-> 0,
    prevD |-> <<0>> ] }
/\ forked = TRUE
/\ slot = 14
/\ chains = <<<<1, 25, 26, 28, 29, 37, 38>>, <<1, 25, 26, 28, 29>>>>
/\ step = 25
/\ vis = {<<1, 1>>, <<2, 1>>}
/\ local = << [ seen |-> <<6, 1>>,
     tip |-> <<1, 25, 26, 28, 29, 37>>,
     anchor |-> <<1, 25>>,
     mode |-> "RUN",
     signed |-> 13 ],
   [ seen |-> <<7, 1>>,
     tip |-> <<1, 25, 26, 28, 29, 37, 38>>,
     anchor |-> <<1, 25, 26>>,
     mode |-> "RUN",
     signed |-> 14 ] >>

State 27: <ReplayNextP line 12, col 19 to line 12, col 71 of module Replay_PivotDeep>
/\ mature = {38}
/\ journal = { [ slot |-> 14,
    D |-> <<1, 25, 26>>,
    prev |-> <<1, 25, 26, 28, 29, 37>>,
    t |-> 0,
    node |-> 2,
    kind |-> "installation",
    chain |-> <<1, 25, 26, 28, 29, 37, 38>>,
    disc |-> 0,
    prevD |-> <<0>> ],
  [ slot |-> 14,
    D |-> <<1, 25, 26>>,
    prev |-> <<1, 25, 26, 28, 29, 37>>,
    t |-> 1,
    node |-> 1,
    kind |-> "installation",
    chain |-> <<1, 25, 26, 28, 29, 37, 38>>,
    disc |-> 0,
    prevD |-> <<0>> ] }
/\ forked = TRUE
/\ slot = 14
/\ chains = <<<<1, 25, 26, 28, 29, 37, 38>>, <<1, 25, 26, 28, 29>>>>
/\ step = 26
/\ vis = {<<1, 1>>, <<2, 1>>}
/\ local = << [ seen |-> <<7, 1>>,
     tip |-> <<1, 25, 26, 28, 29, 37, 38>>,
     anchor |-> <<1, 25, 26>>,
     mode |-> "RUN",
     signed |-> 13 ],
   [ seen |-> <<7, 1>>,
     tip |-> <<1, 25, 26, 28, 29, 37, 38>>,
     anchor |-> <<1, 25, 26>>,
     mode |-> "RUN",
     signed |-> 14 ] >>

State 28: <ReplayNextP line 12, col 19 to line 12, col 71 of module Replay_PivotDeep>
/\ mature = {38, 59}
/\ journal = { [ slot |-> 14,
    D |-> <<1, 25, 26>>,
    prev |-> <<1, 25, 26, 28, 29, 37>>,
    t |-> 0,
    node |-> 2,
    kind |-> "installation",
    chain |-> <<1, 25, 26, 28, 29, 37, 38>>,
    disc |-> 0,
    prevD |-> <<0>> ],
  [ slot |-> 14,
    D |-> <<1, 25, 26>>,
    prev |-> <<1, 25, 26, 28, 29, 37>>,
    t |-> 1,
    node |-> 1,
    kind |-> "installation",
    chain |-> <<1, 25, 26, 28, 29, 37, 38>>,
    disc |-> 0,
    prevD |-> <<0>> ] }
/\ forked = TRUE
/\ slot = 14
/\ chains = <<<<1, 25, 26, 28, 29, 37, 38>>, <<1, 25, 26, 28, 29, 59>>>>
/\ step = 27
/\ vis = {<<1, 1>>, <<2, 1>>}
/\ local = << [ seen |-> <<7, 1>>,
     tip |-> <<1, 25, 26, 28, 29, 37, 38>>,
     anchor |-> <<1, 25, 26>>,
     mode |-> "RUN",
     signed |-> 13 ],
   [ seen |-> <<7, 1>>,
     tip |-> <<1, 25, 26, 28, 29, 37, 38>>,
     anchor |-> <<1, 25, 26>>,
     mode |-> "RUN",
     signed |-> 14 ] >>

State 29: <ReplayNextP line 12, col 19 to line 12, col 71 of module Replay_PivotDeep>
/\ mature = {38, 59}
/\ journal = { [ slot |-> 14,
    D |-> <<1, 25, 26>>,
    prev |-> <<1, 25, 26, 28, 29, 37>>,
    t |-> 0,
    node |-> 2,
    kind |-> "installation",
    chain |-> <<1, 25, 26, 28, 29, 37, 38>>,
    disc |-> 0,
    prevD |-> <<0>> ],
  [ slot |-> 14,
    D |-> <<1, 25, 26>>,
    prev |-> <<1, 25, 26, 28, 29, 37>>,
    t |-> 1,
    node |-> 1,
    kind |-> "installation",
    chain |-> <<1, 25, 26, 28, 29, 37, 38>>,
    disc |-> 0,
    prevD |-> <<0>> ] }
/\ forked = TRUE
/\ slot = 15
/\ chains = <<<<1, 25, 26, 28, 29, 37, 38>>, <<1, 25, 26, 28, 29, 59>>>>
/\ step = 28
/\ vis = {<<1, 1>>, <<2, 1>>}
/\ local = << [ seen |-> <<7, 1>>,
     tip |-> <<1, 25, 26, 28, 29, 37, 38>>,
     anchor |-> <<1, 25, 26>>,
     mode |-> "RUN",
     signed |-> 13 ],
   [ seen |-> <<7, 1>>,
     tip |-> <<1, 25, 26, 28, 29, 37, 38>>,
     anchor |-> <<1, 25, 26>>,
     mode |-> "RUN",
     signed |-> 14 ] >>

State 30: <ReplayNextP line 12, col 19 to line 12, col 71 of module Replay_PivotDeep>
/\ mature = {38, 59, 62}
/\ journal = { [ slot |-> 14,
    D |-> <<1, 25, 26>>,
    prev |-> <<1, 25, 26, 28, 29, 37>>,
    t |-> 0,
    node |-> 2,
    kind |-> "installation",
    chain |-> <<1, 25, 26, 28, 29, 37, 38>>,
    disc |-> 0,
    prevD |-> <<0>> ],
  [ slot |-> 14,
    D |-> <<1, 25, 26>>,
    prev |-> <<1, 25, 26, 28, 29, 37>>,
    t |-> 1,
    node |-> 1,
    kind |-> "installation",
    chain |-> <<1, 25, 26, 28, 29, 37, 38>>,
    disc |-> 0,
    prevD |-> <<0>> ] }
/\ forked = TRUE
/\ slot = 15
/\ chains = <<<<1, 25, 26, 28, 29, 37, 38>>, <<1, 25, 26, 28, 29, 59, 62>>>>
/\ step = 29
/\ vis = {<<1, 1>>, <<2, 1>>}
/\ local = << [ seen |-> <<7, 1>>,
     tip |-> <<1, 25, 26, 28, 29, 37, 38>>,
     anchor |-> <<1, 25, 26>>,
     mode |-> "RUN",
     signed |-> 13 ],
   [ seen |-> <<7, 1>>,
     tip |-> <<1, 25, 26, 28, 29, 37, 38>>,
     anchor |-> <<1, 25, 26>>,
     mode |-> "RUN",
     signed |-> 14 ] >>

State 31: <ReplayNextP line 12, col 19 to line 12, col 71 of module Replay_PivotDeep>
/\ mature = {38, 59, 62}
/\ journal = { [ slot |-> 14,
    D |-> <<1, 25, 26>>,
    prev |-> <<1, 25, 26, 28, 29, 37>>,
    t |-> 0,
    node |-> 2,
    kind |-> "installation",
    chain |-> <<1, 25, 26, 28, 29, 37, 38>>,
    disc |-> 0,
    prevD |-> <<0>> ],
  [ slot |-> 14,
    D |-> <<1, 25, 26>>,
    prev |-> <<1, 25, 26, 28, 29, 37>>,
    t |-> 1,
    node |-> 1,
    kind |-> "installation",
    chain |-> <<1, 25, 26, 28, 29, 37, 38>>,
    disc |-> 0,
    prevD |-> <<0>> ] }
/\ forked = TRUE
/\ slot = 16
/\ chains = <<<<1, 25, 26, 28, 29, 37, 38>>, <<1, 25, 26, 28, 29, 59, 62>>>>
/\ step = 30
/\ vis = {<<1, 1>>, <<2, 1>>}
/\ local = << [ seen |-> <<7, 1>>,
     tip |-> <<1, 25, 26, 28, 29, 37, 38>>,
     anchor |-> <<1, 25, 26>>,
     mode |-> "RUN",
     signed |-> 13 ],
   [ seen |-> <<7, 1>>,
     tip |-> <<1, 25, 26, 28, 29, 37, 38>>,
     anchor |-> <<1, 25, 26>>,
     mode |-> "RUN",
     signed |-> 14 ] >>

State 32: <ReplayNextP line 12, col 19 to line 12, col 71 of module Replay_PivotDeep>
/\ mature = {38, 59, 62}
/\ journal = { [ slot |-> 14,
    D |-> <<1, 25, 26>>,
    prev |-> <<1, 25, 26, 28, 29, 37>>,
    t |-> 0,
    node |-> 2,
    kind |-> "installation",
    chain |-> <<1, 25, 26, 28, 29, 37, 38>>,
    disc |-> 0,
    prevD |-> <<0>> ],
  [ slot |-> 14,
    D |-> <<1, 25, 26>>,
    prev |-> <<1, 25, 26, 28, 29, 37>>,
    t |-> 1,
    node |-> 1,
    kind |-> "installation",
    chain |-> <<1, 25, 26, 28, 29, 37, 38>>,
    disc |-> 0,
    prevD |-> <<0>> ] }
/\ forked = TRUE
/\ slot = 17
/\ chains = <<<<1, 25, 26, 28, 29, 37, 38>>, <<1, 25, 26, 28, 29, 59, 62>>>>
/\ step = 31
/\ vis = {<<1, 1>>, <<2, 1>>}
/\ local = << [ seen |-> <<7, 1>>,
     tip |-> <<1, 25, 26, 28, 29, 37, 38>>,
     anchor |-> <<1, 25, 26>>,
     mode |-> "RUN",
     signed |-> 13 ],
   [ seen |-> <<7, 1>>,
     tip |-> <<1, 25, 26, 28, 29, 37, 38>>,
     anchor |-> <<1, 25, 26>>,
     mode |-> "RUN",
     signed |-> 14 ] >>

State 33: <ReplayNextP line 12, col 19 to line 12, col 71 of module Replay_PivotDeep>
/\ mature = {38, 41, 59, 62}
/\ journal = { [ slot |-> 14,
    D |-> <<1, 25, 26>>,
    prev |-> <<1, 25, 26, 28, 29, 37>>,
    t |-> 0,
    node |-> 2,
    kind |-> "installation",
    chain |-> <<1, 25, 26, 28, 29, 37, 38>>,
    disc |-> 0,
    prevD |-> <<0>> ],
  [ slot |-> 14,
    D |-> <<1, 25, 26>>,
    prev |-> <<1, 25, 26, 28, 29, 37>>,
    t |-> 1,
    node |-> 1,
    kind |-> "installation",
    chain |-> <<1, 25, 26, 28, 29, 37, 38>>,
    disc |-> 0,
    prevD |-> <<0>> ],
  [ slot |-> 17,
    D |-> <<1, 25, 26>>,
    prev |-> <<1, 25, 26, 28, 29, 37, 38>>,
    t |-> 2,
    node |-> 1,
    kind |-> "signature",
    chain |-> <<1, 25, 26, 28, 29, 37, 38, 41>>,
    disc |-> 0,
    prevD |-> <<1, 25, 26>> ] }
/\ forked = TRUE
/\ slot = 17
/\ chains = <<<<1, 25, 26, 28, 29, 37, 38, 41>>, <<1, 25, 26, 28, 29, 59, 62>>>>
/\ step = 32
/\ vis = {<<1, 1>>, <<2, 1>>}
/\ local = << [ seen |-> <<8, 1>>,
     tip |-> <<1, 25, 26, 28, 29, 37, 38, 41>>,
     anchor |-> <<1, 25, 26, 28>>,
     mode |-> "RUN",
     signed |-> 17 ],
   [ seen |-> <<7, 1>>,
     tip |-> <<1, 25, 26, 28, 29, 37, 38>>,
     anchor |-> <<1, 25, 26>>,
     mode |-> "RUN",
     signed |-> 14 ] >>

State 34: <ReplayNextP line 12, col 19 to line 12, col 71 of module Replay_PivotDeep>
/\ mature = {38, 41, 59, 62}
/\ journal = { [ slot |-> 14,
    D |-> <<1, 25, 26>>,
    prev |-> <<1, 25, 26, 28, 29, 37>>,
    t |-> 0,
    node |-> 2,
    kind |-> "installation",
    chain |-> <<1, 25, 26, 28, 29, 37, 38>>,
    disc |-> 0,
    prevD |-> <<0>> ],
  [ slot |-> 14,
    D |-> <<1, 25, 26>>,
    prev |-> <<1, 25, 26, 28, 29, 37>>,
    t |-> 1,
    node |-> 1,
    kind |-> "installation",
    chain |-> <<1, 25, 26, 28, 29, 37, 38>>,
    disc |-> 0,
    prevD |-> <<0>> ],
  [ slot |-> 17,
    D |-> <<1, 25, 26>>,
    prev |-> <<1, 25, 26, 28, 29, 37, 38>>,
    t |-> 2,
    node |-> 1,
    kind |-> "signature",
    chain |-> <<1, 25, 26, 28, 29, 37, 38, 41>>,
    disc |-> 0,
    prevD |-> <<1, 25, 26>> ],
  [ slot |-> 17,
    D |-> <<1, 25, 26>>,
    prev |-> <<1, 25, 26, 28, 29, 37, 38>>,
    t |-> 3,
    node |-> 2,
    kind |-> "adoption",
    chain |-> <<1, 25, 26, 28, 29, 37, 38, 41>>,
    disc |-> 0,
    prevD |-> <<1, 25, 26>> ] }
/\ forked = TRUE
/\ slot = 17
/\ chains = <<<<1, 25, 26, 28, 29, 37, 38, 41>>, <<1, 25, 26, 28, 29, 59, 62>>>>
/\ step = 33
/\ vis = {<<1, 1>>, <<2, 1>>}
/\ local = << [ seen |-> <<8, 1>>,
     tip |-> <<1, 25, 26, 28, 29, 37, 38, 41>>,
     anchor |-> <<1, 25, 26, 28>>,
     mode |-> "RUN",
     signed |-> 17 ],
   [ seen |-> <<8, 1>>,
     tip |-> <<1, 25, 26, 28, 29, 37, 38, 41>>,
     anchor |-> <<1, 25, 26, 28>>,
     mode |-> "RUN",
     signed |-> 14 ] >>

State 35: <ReplayNextP line 12, col 19 to line 12, col 71 of module Replay_PivotDeep>
/\ mature = {38, 41, 59, 62}
/\ journal = { [ slot |-> 14,
    D |-> <<1, 25, 26>>,
    prev |-> <<1, 25, 26, 28, 29, 37>>,
    t |-> 0,
    node |-> 2,
    kind |-> "installation",
    chain |-> <<1, 25, 26, 28, 29, 37, 38>>,
    disc |-> 0,
    prevD |-> <<0>> ],
  [ slot |-> 14,
    D |-> <<1, 25, 26>>,
    prev |-> <<1, 25, 26, 28, 29, 37>>,
    t |-> 1,
    node |-> 1,
    kind |-> "installation",
    chain |-> <<1, 25, 26, 28, 29, 37, 38>>,
    disc |-> 0,
    prevD |-> <<0>> ],
  [ slot |-> 17,
    D |-> <<1, 25, 26>>,
    prev |-> <<1, 25, 26, 28, 29, 37, 38>>,
    t |-> 2,
    node |-> 1,
    kind |-> "signature",
    chain |-> <<1, 25, 26, 28, 29, 37, 38, 41>>,
    disc |-> 0,
    prevD |-> <<1, 25, 26>> ],
  [ slot |-> 17,
    D |-> <<1, 25, 26>>,
    prev |-> <<1, 25, 26, 28, 29, 37, 38>>,
    t |-> 3,
    node |-> 2,
    kind |-> "adoption",
    chain |-> <<1, 25, 26, 28, 29, 37, 38, 41>>,
    disc |-> 0,
    prevD |-> <<1, 25, 26>> ] }
/\ forked = TRUE
/\ slot = 18
/\ chains = <<<<1, 25, 26, 28, 29, 37, 38, 41>>, <<1, 25, 26, 28, 29, 59, 62>>>>
/\ step = 34
/\ vis = {<<1, 1>>, <<2, 1>>}
/\ local = << [ seen |-> <<8, 1>>,
     tip |-> <<1, 25, 26, 28, 29, 37, 38, 41>>,
     anchor |-> <<1, 25, 26, 28>>,
     mode |-> "RUN",
     signed |-> 17 ],
   [ seen |-> <<8, 1>>,
     tip |-> <<1, 25, 26, 28, 29, 37, 38, 41>>,
     anchor |-> <<1, 25, 26, 28>>,
     mode |-> "RUN",
     signed |-> 14 ] >>

State 36: <ReplayNextP line 12, col 19 to line 12, col 71 of module Replay_PivotDeep>
/\ mature = {38, 41, 59, 62, 65}
/\ journal = { [ slot |-> 14,
    D |-> <<1, 25, 26>>,
    prev |-> <<1, 25, 26, 28, 29, 37>>,
    t |-> 0,
    node |-> 2,
    kind |-> "installation",
    chain |-> <<1, 25, 26, 28, 29, 37, 38>>,
    disc |-> 0,
    prevD |-> <<0>> ],
  [ slot |-> 14,
    D |-> <<1, 25, 26>>,
    prev |-> <<1, 25, 26, 28, 29, 37>>,
    t |-> 1,
    node |-> 1,
    kind |-> "installation",
    chain |-> <<1, 25, 26, 28, 29, 37, 38>>,
    disc |-> 0,
    prevD |-> <<0>> ],
  [ slot |-> 17,
    D |-> <<1, 25, 26>>,
    prev |-> <<1, 25, 26, 28, 29, 37, 38>>,
    t |-> 2,
    node |-> 1,
    kind |-> "signature",
    chain |-> <<1, 25, 26, 28, 29, 37, 38, 41>>,
    disc |-> 0,
    prevD |-> <<1, 25, 26>> ],
  [ slot |-> 17,
    D |-> <<1, 25, 26>>,
    prev |-> <<1, 25, 26, 28, 29, 37, 38>>,
    t |-> 3,
    node |-> 2,
    kind |-> "adoption",
    chain |-> <<1, 25, 26, 28, 29, 37, 38, 41>>,
    disc |-> 0,
    prevD |-> <<1, 25, 26>> ] }
/\ forked = TRUE
/\ slot = 18
/\ chains = <<<<1, 25, 26, 28, 29, 37, 38, 41>>, <<1, 25, 26, 28, 29, 59, 62, 65>>>>
/\ step = 35
/\ vis = {<<1, 1>>, <<2, 1>>}
/\ local = << [ seen |-> <<8, 1>>,
     tip |-> <<1, 25, 26, 28, 29, 37, 38, 41>>,
     anchor |-> <<1, 25, 26, 28>>,
     mode |-> "RUN",
     signed |-> 17 ],
   [ seen |-> <<8, 1>>,
     tip |-> <<1, 25, 26, 28, 29, 37, 38, 41>>,
     anchor |-> <<1, 25, 26, 28>>,
     mode |-> "RUN",
     signed |-> 14 ] >>

State 37: <ReplayNextP line 12, col 19 to line 12, col 71 of module Replay_PivotDeep>
/\ mature = {38, 41, 59, 62, 65}
/\ journal = { [ slot |-> 14,
    D |-> <<1, 25, 26>>,
    prev |-> <<1, 25, 26, 28, 29, 37>>,
    t |-> 0,
    node |-> 2,
    kind |-> "installation",
    chain |-> <<1, 25, 26, 28, 29, 37, 38>>,
    disc |-> 0,
    prevD |-> <<0>> ],
  [ slot |-> 14,
    D |-> <<1, 25, 26>>,
    prev |-> <<1, 25, 26, 28, 29, 37>>,
    t |-> 1,
    node |-> 1,
    kind |-> "installation",
    chain |-> <<1, 25, 26, 28, 29, 37, 38>>,
    disc |-> 0,
    prevD |-> <<0>> ],
  [ slot |-> 17,
    D |-> <<1, 25, 26>>,
    prev |-> <<1, 25, 26, 28, 29, 37, 38>>,
    t |-> 2,
    node |-> 1,
    kind |-> "signature",
    chain |-> <<1, 25, 26, 28, 29, 37, 38, 41>>,
    disc |-> 0,
    prevD |-> <<1, 25, 26>> ],
  [ slot |-> 17,
    D |-> <<1, 25, 26>>,
    prev |-> <<1, 25, 26, 28, 29, 37, 38>>,
    t |-> 3,
    node |-> 2,
    kind |-> "adoption",
    chain |-> <<1, 25, 26, 28, 29, 37, 38, 41>>,
    disc |-> 0,
    prevD |-> <<1, 25, 26>> ] }
/\ forked = TRUE
/\ slot = 19
/\ chains = <<<<1, 25, 26, 28, 29, 37, 38, 41>>, <<1, 25, 26, 28, 29, 59, 62, 65>>>>
/\ step = 36
/\ vis = {<<1, 1>>, <<2, 1>>}
/\ local = << [ seen |-> <<8, 1>>,
     tip |-> <<1, 25, 26, 28, 29, 37, 38, 41>>,
     anchor |-> <<1, 25, 26, 28>>,
     mode |-> "RUN",
     signed |-> 17 ],
   [ seen |-> <<8, 1>>,
     tip |-> <<1, 25, 26, 28, 29, 37, 38, 41>>,
     anchor |-> <<1, 25, 26, 28>>,
     mode |-> "RUN",
     signed |-> 14 ] >>

State 38: <ReplayNextP line 12, col 19 to line 12, col 71 of module Replay_PivotDeep>
/\ mature = {38, 41, 59, 62, 65}
/\ journal = { [ slot |-> 14,
    D |-> <<1, 25, 26>>,
    prev |-> <<1, 25, 26, 28, 29, 37>>,
    t |-> 0,
    node |-> 2,
    kind |-> "installation",
    chain |-> <<1, 25, 26, 28, 29, 37, 38>>,
    disc |-> 0,
    prevD |-> <<0>> ],
  [ slot |-> 14,
    D |-> <<1, 25, 26>>,
    prev |-> <<1, 25, 26, 28, 29, 37>>,
    t |-> 1,
    node |-> 1,
    kind |-> "installation",
    chain |-> <<1, 25, 26, 28, 29, 37, 38>>,
    disc |-> 0,
    prevD |-> <<0>> ],
  [ slot |-> 17,
    D |-> <<1, 25, 26>>,
    prev |-> <<1, 25, 26, 28, 29, 37, 38>>,
    t |-> 2,
    node |-> 1,
    kind |-> "signature",
    chain |-> <<1, 25, 26, 28, 29, 37, 38, 41>>,
    disc |-> 0,
    prevD |-> <<1, 25, 26>> ],
  [ slot |-> 17,
    D |-> <<1, 25, 26>>,
    prev |-> <<1, 25, 26, 28, 29, 37, 38>>,
    t |-> 3,
    node |-> 2,
    kind |-> "adoption",
    chain |-> <<1, 25, 26, 28, 29, 37, 38, 41>>,
    disc |-> 0,
    prevD |-> <<1, 25, 26>> ] }
/\ forked = TRUE
/\ slot = 20
/\ chains = <<<<1, 25, 26, 28, 29, 37, 38, 41>>, <<1, 25, 26, 28, 29, 59, 62, 65>>>>
/\ step = 37
/\ vis = {<<1, 1>>, <<2, 1>>}
/\ local = << [ seen |-> <<8, 1>>,
     tip |-> <<1, 25, 26, 28, 29, 37, 38, 41>>,
     anchor |-> <<1, 25, 26, 28>>,
     mode |-> "RUN",
     signed |-> 17 ],
   [ seen |-> <<8, 1>>,
     tip |-> <<1, 25, 26, 28, 29, 37, 38, 41>>,
     anchor |-> <<1, 25, 26, 28>>,
     mode |-> "RUN",
     signed |-> 14 ] >>

State 39: <ReplayNextP line 12, col 19 to line 12, col 71 of module Replay_PivotDeep>
/\ mature = {38, 41, 59, 62, 65}
/\ journal = { [ slot |-> 14,
    D |-> <<1, 25, 26>>,
    prev |-> <<1, 25, 26, 28, 29, 37>>,
    t |-> 0,
    node |-> 2,
    kind |-> "installation",
    chain |-> <<1, 25, 26, 28, 29, 37, 38>>,
    disc |-> 0,
    prevD |-> <<0>> ],
  [ slot |-> 14,
    D |-> <<1, 25, 26>>,
    prev |-> <<1, 25, 26, 28, 29, 37>>,
    t |-> 1,
    node |-> 1,
    kind |-> "installation",
    chain |-> <<1, 25, 26, 28, 29, 37, 38>>,
    disc |-> 0,
    prevD |-> <<0>> ],
  [ slot |-> 17,
    D |-> <<1, 25, 26>>,
    prev |-> <<1, 25, 26, 28, 29, 37, 38>>,
    t |-> 2,
    node |-> 1,
    kind |-> "signature",
    chain |-> <<1, 25, 26, 28, 29, 37, 38, 41>>,
    disc |-> 0,
    prevD |-> <<1, 25, 26>> ],
  [ slot |-> 17,
    D |-> <<1, 25, 26>>,
    prev |-> <<1, 25, 26, 28, 29, 37, 38>>,
    t |-> 3,
    node |-> 2,
    kind |-> "adoption",
    chain |-> <<1, 25, 26, 28, 29, 37, 38, 41>>,
    disc |-> 0,
    prevD |-> <<1, 25, 26>> ] }
/\ forked = TRUE
/\ slot = 21
/\ chains = <<<<1, 25, 26, 28, 29, 37, 38, 41>>, <<1, 25, 26, 28, 29, 59, 62, 65>>>>
/\ step = 38
/\ vis = {<<1, 1>>, <<2, 1>>}
/\ local = << [ seen |-> <<8, 1>>,
     tip |-> <<1, 25, 26, 28, 29, 37, 38, 41>>,
     anchor |-> <<1, 25, 26, 28>>,
     mode |-> "RUN",
     signed |-> 17 ],
   [ seen |-> <<8, 1>>,
     tip |-> <<1, 25, 26, 28, 29, 37, 38, 41>>,
     anchor |-> <<1, 25, 26, 28>>,
     mode |-> "RUN",
     signed |-> 14 ] >>

State 40: <ReplayNextP line 12, col 19 to line 12, col 71 of module Replay_PivotDeep>
/\ mature = {38, 41, 59, 62, 65, 68}
/\ journal = { [ slot |-> 14,
    D |-> <<1, 25, 26>>,
    prev |-> <<1, 25, 26, 28, 29, 37>>,
    t |-> 0,
    node |-> 2,
    kind |-> "installation",
    chain |-> <<1, 25, 26, 28, 29, 37, 38>>,
    disc |-> 0,
    prevD |-> <<0>> ],
  [ slot |-> 14,
    D |-> <<1, 25, 26>>,
    prev |-> <<1, 25, 26, 28, 29, 37>>,
    t |-> 1,
    node |-> 1,
    kind |-> "installation",
    chain |-> <<1, 25, 26, 28, 29, 37, 38>>,
    disc |-> 0,
    prevD |-> <<0>> ],
  [ slot |-> 17,
    D |-> <<1, 25, 26>>,
    prev |-> <<1, 25, 26, 28, 29, 37, 38>>,
    t |-> 2,
    node |-> 1,
    kind |-> "signature",
    chain |-> <<1, 25, 26, 28, 29, 37, 38, 41>>,
    disc |-> 0,
    prevD |-> <<1, 25, 26>> ],
  [ slot |-> 17,
    D |-> <<1, 25, 26>>,
    prev |-> <<1, 25, 26, 28, 29, 37, 38>>,
    t |-> 3,
    node |-> 2,
    kind |-> "adoption",
    chain |-> <<1, 25, 26, 28, 29, 37, 38, 41>>,
    disc |-> 0,
    prevD |-> <<1, 25, 26>> ] }
/\ forked = TRUE
/\ slot = 21
/\ chains = <<<<1, 25, 26, 28, 29, 37, 38, 41>>, <<1, 25, 26, 28, 29, 59, 62, 65, 68>>>>
/\ step = 39
/\ vis = {<<1, 1>>, <<2, 1>>}
/\ local = << [ seen |-> <<8, 1>>,
     tip |-> <<1, 25, 26, 28, 29, 37, 38, 41>>,
     anchor |-> <<1, 25, 26, 28>>,
     mode |-> "RUN",
     signed |-> 17 ],
   [ seen |-> <<8, 1>>,
     tip |-> <<1, 25, 26, 28, 29, 37, 38, 41>>,
     anchor |-> <<1, 25, 26, 28>>,
     mode |-> "RUN",
     signed |-> 14 ] >>

State 41: <ReplayNextP line 12, col 19 to line 12, col 71 of module Replay_PivotDeep>
/\ mature = {38, 41, 59, 62, 65, 68}
/\ journal = { [ slot |-> 14,
    D |-> <<1, 25, 26>>,
    prev |-> <<1, 25, 26, 28, 29, 37>>,
    t |-> 0,
    node |-> 2,
    kind |-> "installation",
    chain |-> <<1, 25, 26, 28, 29, 37, 38>>,
    disc |-> 0,
    prevD |-> <<0>> ],
  [ slot |-> 14,
    D |-> <<1, 25, 26>>,
    prev |-> <<1, 25, 26, 28, 29, 37>>,
    t |-> 1,
    node |-> 1,
    kind |-> "installation",
    chain |-> <<1, 25, 26, 28, 29, 37, 38>>,
    disc |-> 0,
    prevD |-> <<0>> ],
  [ slot |-> 17,
    D |-> <<1, 25, 26>>,
    prev |-> <<1, 25, 26, 28, 29, 37, 38>>,
    t |-> 2,
    node |-> 1,
    kind |-> "signature",
    chain |-> <<1, 25, 26, 28, 29, 37, 38, 41>>,
    disc |-> 0,
    prevD |-> <<1, 25, 26>> ],
  [ slot |-> 17,
    D |-> <<1, 25, 26>>,
    prev |-> <<1, 25, 26, 28, 29, 37, 38>>,
    t |-> 3,
    node |-> 2,
    kind |-> "adoption",
    chain |-> <<1, 25, 26, 28, 29, 37, 38, 41>>,
    disc |-> 0,
    prevD |-> <<1, 25, 26>> ] }
/\ forked = TRUE
/\ slot = 21
/\ chains = <<<<1, 25, 26, 28, 29, 37, 38, 41>>, <<1, 25, 26, 28, 29, 59, 62, 65, 68>>>>
/\ step = 40
/\ vis = {<<1, 1>>, <<2, 1>>, <<2, 2>>}
/\ local = << [ seen |-> <<8, 1>>,
     tip |-> <<1, 25, 26, 28, 29, 37, 38, 41>>,
     anchor |-> <<1, 25, 26, 28>>,
     mode |-> "RUN",
     signed |-> 17 ],
   [ seen |-> <<8, 1>>,
     tip |-> <<1, 25, 26, 28, 29, 37, 38, 41>>,
     anchor |-> <<1, 25, 26, 28>>,
     mode |-> "RUN",
     signed |-> 14 ] >>

State 42: <ReplayNextP line 12, col 19 to line 12, col 71 of module Replay_PivotDeep>
/\ mature = {38, 41, 59, 62, 65, 68}
/\ journal = { [ slot |-> 14,
    D |-> <<1, 25, 26>>,
    prev |-> <<1, 25, 26, 28, 29, 37>>,
    t |-> 0,
    node |-> 2,
    kind |-> "installation",
    chain |-> <<1, 25, 26, 28, 29, 37, 38>>,
    disc |-> 0,
    prevD |-> <<0>> ],
  [ slot |-> 14,
    D |-> <<1, 25, 26>>,
    prev |-> <<1, 25, 26, 28, 29, 37>>,
    t |-> 1,
    node |-> 1,
    kind |-> "installation",
    chain |-> <<1, 25, 26, 28, 29, 37, 38>>,
    disc |-> 0,
    prevD |-> <<0>> ],
  [ slot |-> 17,
    D |-> <<1, 25, 26>>,
    prev |-> <<1, 25, 26, 28, 29, 37, 38>>,
    t |-> 2,
    node |-> 1,
    kind |-> "signature",
    chain |-> <<1, 25, 26, 28, 29, 37, 38, 41>>,
    disc |-> 0,
    prevD |-> <<1, 25, 26>> ],
  [ slot |-> 17,
    D |-> <<1, 25, 26>>,
    prev |-> <<1, 25, 26, 28, 29, 37, 38>>,
    t |-> 3,
    node |-> 2,
    kind |-> "adoption",
    chain |-> <<1, 25, 26, 28, 29, 37, 38, 41>>,
    disc |-> 0,
    prevD |-> <<1, 25, 26>> ],
  [ slot |-> 21,
    D |-> <<>>,
    prev |-> <<1, 25, 26, 28, 29, 37, 38, 41>>,
    t |-> 4,
    node |-> 2,
    kind |-> "adoption",
    chain |-> <<1, 25, 26, 28, 29, 59, 62, 65, 68>>,
    disc |-> 3,
    prevD |-> <<1, 25, 26>> ] }
/\ forked = TRUE
/\ slot = 21
/\ chains = <<<<1, 25, 26, 28, 29, 37, 38, 41>>, <<1, 25, 26, 28, 29, 59, 62, 65, 68>>>>
/\ step = 41
/\ vis = {<<1, 1>>, <<2, 1>>, <<2, 2>>}
/\ local = << [ seen |-> <<8, 1>>,
     tip |-> <<1, 25, 26, 28, 29, 37, 38, 41>>,
     anchor |-> <<1, 25, 26, 28>>,
     mode |-> "RUN",
     signed |-> 17 ],
   [ seen |-> <<8, 9>>,
     tip |-> <<1, 25, 26, 28, 29, 59, 62, 65, 68>>,
     anchor |-> <<1, 25, 26, 28, 29>>,
     mode |-> "RUN",
     signed |-> 14 ] >>

42 states generated, 42 distinct states found, 0 states left on queue.
The depth of the complete state graph search is 42.
The average outdegree of the complete state graph is 1 (minimum is 1, the maximum 1 and the 95th percentile is 1).
Finished in 03s at (2026-10-01 00:10:01)

exit=12
