TLC2 Version 2.19 of 08 August 2024 (rev: 5a47802)
Running breadth-first search Model-Checking with fp 106 and seed 1 with 8 workers on 14 cores with 2731MB heap and 64MB offheap memory [pid: 36835] (Mac OS X 26.6.2 aarch64, Homebrew 21.0.12.1 x86_64, MSBDiskFPSet, DiskStateQueue).
Parsing file <tmp>
Parsing file <tmp>
Parsing file <TMPDIR>
Parsing file <TMPDIR>
Parsing file <TMPDIR>
Parsing file <TMPDIR>
Parsing file <TMPDIR>
Semantic processing of module Naturals
Semantic processing of module Integers
Semantic processing of module Sequences
Semantic processing of module FiniteSets
Semantic processing of module TLC
Semantic processing of module NModel_v06
Semantic processing of module MC_spec_registryreorg_b11_w8_v06
Starting... (2026-09-30 18:23:39)
Computing initial states...
Finished computing initial states: 1 distinct state generated at 2026-09-30 18:23:39.
Progress(12) at 2026-09-30 18:23:42: 173 178 states generated (173 178 s/min), 37 742 distinct states found (37 742 ds/min), 18 029 states left on queue.
Progress(17) at 2026-09-30 18:24:42: 1 646 277 states generated (1 473 099 s/min), 282 618 distinct states found (244 876 ds/min), 77 248 states left on queue.
Progress(18) at 2026-09-30 18:25:42: 2 656 145 states generated (1 009 868 s/min), 421 809 distinct states found (139 191 ds/min), 76 302 states left on queue.
Progress(20) at 2026-09-30 18:26:42: 3 428 525 states generated (772 380 s/min), 509 572 distinct states found (87 763 ds/min), 48 361 states left on queue.
Progress(25) at 2026-09-30 18:27:42: 4 061 198 states generated (632 673 s/min), 568 558 distinct states found (58 986 ds/min), 3 616 states left on queue.
Model checking completed. No error has been found.
  Estimates of the probability that TLC did not check all reachable states
  because two distinct states had the same fingerprint:
  calculated (optimistic):  val = 1.1E-7
  based on the actual fingerprints:  val = 1.4E-8
4097562 states generated, 572125 distinct states found, 0 states left on queue.
The depth of the complete state graph search is 31.
The average outdegree of the complete state graph is 1 (minimum is 0, the maximum 8 and the 95th percentile is 3).
Finished in 04min 07s at (2026-09-30 18:27:46)
exit=0
