TLC2 Version 2.19 of 08 August 2024 (rev: 5a47802)
Running breadth-first search Model-Checking with fp 1 and seed 1 with 4 workers on 14 cores with 2731MB heap and 64MB offheap memory [pid: 35024] (Mac OS X 26.6.2 aarch64, Homebrew 21.0.12.1 x86_64, MSBDiskFPSet, DiskStateQueue).
Parsing file <tmp>
Parsing file <tmp>
Parsing file <TMPDIR>
Parsing file <TMPDIR>
Parsing file <TMPDIR>
Parsing file <TMPDIR>
Parsing file <TMPDIR>
Semantic processing of module Naturals
Semantic processing of module Integers
Semantic processing of module Sequences
Semantic processing of module FiniteSets
Semantic processing of module TLC
Semantic processing of module NModel_v06
Semantic processing of module MC_spec_registryreorg_b01_v06
Starting... (2026-09-30 17:59:35)
Computing initial states...
Finished computing initial states: 1 distinct state generated at 2026-09-30 17:59:35.
Progress(12) at 2026-09-30 17:59:38: 101 308 states generated (101 308 s/min), 20 799 distinct states found (20 799 ds/min), 9 230 states left on queue.
Progress(16) at 2026-09-30 18:00:38: 924 243 states generated (822 935 s/min), 159 222 distinct states found (138 423 ds/min), 45 491 states left on queue.
Progress(18) at 2026-09-30 18:01:38: 1 446 237 states generated (521 994 s/min), 230 255 distinct states found (71 033 ds/min), 44 461 states left on queue.
Progress(19) at 2026-09-30 18:02:38: 1 894 997 states generated (448 760 s/min), 287 304 distinct states found (57 049 ds/min), 38 224 states left on queue.
Progress(21) at 2026-09-30 18:03:38: 2 271 147 states generated (376 150 s/min), 324 555 distinct states found (37 251 ds/min), 18 409 states left on queue.
Model checking completed. No error has been found.
  Estimates of the probability that TLC did not check all reachable states
  because two distinct states had the same fingerprint:
  calculated (optimistic):  val = 3.9E-8
  based on the actual fingerprints:  val = 3.0E-9
2479295 states generated, 339829 distinct states found, 0 states left on queue.
The depth of the complete state graph search is 26.
The average outdegree of the complete state graph is 1 (minimum is 0, the maximum 8 and the 95th percentile is 3).
Finished in 04min 41s at (2026-09-30 18:04:17)
exit=0
